Component: ARM Compiler 5.06 update 7 (build 960) Tool: armlink [4d3601]

==============================================================================

Section Cross References

    main.o(i.EXTI4_IRQHandler) refers to stm32f10x_exti.o(i.EXTI_GetITStatus) for EXTI_GetITStatus
    main.o(i.EXTI4_IRQHandler) refers to stm32f10x_tim.o(i.TIM_SetCompare2) for TIM_SetCompare2
    main.o(i.EXTI4_IRQHandler) refers to stm32f10x_exti.o(i.EXTI_ClearITPendingBit) for EXTI_ClearITPendingBit
    main.o(i.EXTI4_IRQHandler) refers to mqtt.o(.data) for window
    main.o(i.TIM2_IRQHandler) refers to stm32f10x_tim.o(i.TIM_GetITStatus) for TIM_GetITStatus
    main.o(i.TIM2_IRQHandler) refers to stm32f10x_tim.o(i.TIM_ClearITPendingBit) for TIM_ClearITPendingBit
    main.o(i.TIM2_IRQHandler) refers to main.o(.data) for count
    main.o(i.main) refers to system_stm32f10x.o(i.SystemInit) for SystemInit
    main.o(i.main) refers to delay.o(i.Delay_Init) for Delay_Init
    main.o(i.main) refers to servo.o(i.TIM4_PWM_Init) for TIM4_PWM_Init
    main.o(i.main) refers to misc.o(i.NVIC_PriorityGroupConfig) for NVIC_PriorityGroupConfig
    main.o(i.main) refers to led.o(i.Led_Config) for Led_Config
    main.o(i.main) refers to uart.o(i.USART1_Config) for USART1_Config
    main.o(i.main) refers to uart.o(i.USART3_Config) for USART3_Config
    main.o(i.main) refers to printfa.o(i.__0printf) for __2printf
    main.o(i.main) refers to dht11.o(i.DHT11_Init) for DHT11_Init
    main.o(i.main) refers to delay.o(i.delay_ms) for delay_ms
    main.o(i.main) refers to water.o(i.Water_Init) for Water_Init
    main.o(i.main) refers to mq2.o(i.Mq_Init) for Mq_Init
    main.o(i.main) refers to adc.o(i.Adc_Init) for Adc_Init
    main.o(i.main) refers to adc.o(i.Adc2_Init) for Adc2_Init
    main.o(i.main) refers to time.o(i.Timer_Init) for Timer_Init
    main.o(i.main) refers to hc_501.o(i.HC_501_Config) for HC_501_Config
    main.o(i.main) refers to esp8266.o(i.Esp8266_Init) for Esp8266_Init
    main.o(i.main) refers to mqtt.o(i.Mqtt_Connect_Aliyun) for Mqtt_Connect_Aliyun
    main.o(i.main) refers to stm32f10x_gpio.o(i.GPIO_ResetBits) for GPIO_ResetBits
    main.o(i.main) refers to mqtt.o(i.mqtt_msg_handle) for mqtt_msg_handle
    main.o(i.main) refers to mqtt.o(i.mqtt_report_devices_status) for mqtt_report_devices_status
    main.o(i.main) refers to mqtt.o(i.mqtt_send_heart) for mqtt_send_heart
    main.o(i.main) refers to main.o(.data) for count2
    main.o(i.main) refers to main.o(.constdata) for __FUNCTION__
    uart.o(i.USART1_Config) refers to stm32f10x_rcc.o(i.RCC_APB2PeriphClockCmd) for RCC_APB2PeriphClockCmd
    uart.o(i.USART1_Config) refers to stm32f10x_gpio.o(i.GPIO_Init) for GPIO_Init
    uart.o(i.USART1_Config) refers to stm32f10x_usart.o(i.USART_Init) for USART_Init
    uart.o(i.USART1_Config) refers to misc.o(i.NVIC_Init) for NVIC_Init
    uart.o(i.USART1_Config) refers to stm32f10x_usart.o(i.USART_ITConfig) for USART_ITConfig
    uart.o(i.USART1_Config) refers to stm32f10x_usart.o(i.USART_Cmd) for USART_Cmd
    uart.o(i.USART1_IRQHandler) refers to stm32f10x_usart.o(i.USART_GetITStatus) for USART_GetITStatus
    uart.o(i.USART1_IRQHandler) refers to stm32f10x_usart.o(i.USART_ReceiveData) for USART_ReceiveData
    uart.o(i.USART1_IRQHandler) refers to strcmp.o(.text) for strcmp
    uart.o(i.USART1_IRQHandler) refers to memseta.o(.text) for __aeabi_memclr
    uart.o(i.USART1_IRQHandler) refers to stm32f10x_usart.o(i.USART_SendData) for USART_SendData
    uart.o(i.USART1_IRQHandler) refers to stm32f10x_usart.o(i.USART_ClearITPendingBit) for USART_ClearITPendingBit
    uart.o(i.USART1_IRQHandler) refers to uart.o(.data) for Rx1Data
    uart.o(i.USART1_IRQHandler) refers to uart.o(.bss) for Rx1Buffer
    uart.o(i.USART2_Config) refers to stm32f10x_rcc.o(i.RCC_APB2PeriphClockCmd) for RCC_APB2PeriphClockCmd
    uart.o(i.USART2_Config) refers to stm32f10x_rcc.o(i.RCC_APB1PeriphClockCmd) for RCC_APB1PeriphClockCmd
    uart.o(i.USART2_Config) refers to stm32f10x_gpio.o(i.GPIO_Init) for GPIO_Init
    uart.o(i.USART2_Config) refers to stm32f10x_usart.o(i.USART_Init) for USART_Init
    uart.o(i.USART2_Config) refers to misc.o(i.NVIC_Init) for NVIC_Init
    uart.o(i.USART2_Config) refers to stm32f10x_usart.o(i.USART_ITConfig) for USART_ITConfig
    uart.o(i.USART2_Config) refers to stm32f10x_usart.o(i.USART_Cmd) for USART_Cmd
    uart.o(i.USART2_IRQHandler) refers to stm32f10x_usart.o(i.USART_GetITStatus) for USART_GetITStatus
    uart.o(i.USART2_IRQHandler) refers to stm32f10x_usart.o(i.USART_ReceiveData) for USART_ReceiveData
    uart.o(i.USART2_IRQHandler) refers to strcmp.o(.text) for strcmp
    uart.o(i.USART2_IRQHandler) refers to memseta.o(.text) for __aeabi_memclr
    uart.o(i.USART2_IRQHandler) refers to stm32f10x_usart.o(i.USART_SendData) for USART_SendData
    uart.o(i.USART2_IRQHandler) refers to stm32f10x_usart.o(i.USART_ClearITPendingBit) for USART_ClearITPendingBit
[...]
    ../fplib/microlib/fpmul.c                0x00000000   Number         0  dmul.o ABSOLUTE
    ../mathlib/strtod.c                      0x00000000   Number         0  strtod.o ABSOLUTE
    D:\MDK\Keil\STM32F1xx_DFP\2.4.1\Device\StdPeriph_Driver\src\misc.c 0x00000000   Number         0  misc.o ABSOLUTE
    D:\MDK\Keil\STM32F1xx_DFP\2.4.1\Device\StdPeriph_Driver\src\stm32f10x_adc.c 0x00000000   Number         0  stm32f10x_adc.o ABSOLUTE
    D:\MDK\Keil\STM32F1xx_DFP\2.4.1\Device\StdPeriph_Driver\src\stm32f10x_bkp.c 0x00000000   Number         0  stm32f10x_bkp.o ABSOLUTE
    D:\MDK\Keil\STM32F1xx_DFP\2.4.1\Device\StdPeriph_Driver\src\stm32f10x_exti.c 0x00000000   Number         0  stm32f10x_exti.o ABSOLUTE
    D:\MDK\Keil\STM32F1xx_DFP\2.4.1\Device\StdPeriph_Driver\src\stm32f10x_gpio.c 0x00000000   Number         0  stm32f10x_gpio.o ABSOLUTE
    D:\MDK\Keil\STM32F1xx_DFP\2.4.1\Device\StdPeriph_Driver\src\stm32f10x_iwdg.c 0x00000000   Number         0  stm32f10x_iwdg.o ABSOLUTE
    D:\MDK\Keil\STM32F1xx_DFP\2.4.1\Device\StdPeriph_Driver\src\stm32f10x_pwr.c 0x00000000   Number         0  stm32f10x_pwr.o ABSOLUTE
    D:\MDK\Keil\STM32F1xx_DFP\2.4.1\Device\StdPeriph_Driver\src\stm32f10x_rcc.c 0x00000000   Number         0  stm32f10x_rcc.o ABSOLUTE
    D:\MDK\Keil\STM32F1xx_DFP\2.4.1\Device\StdPeriph_Driver\src\stm32f10x_rtc.c 0x00000000   Number         0  stm32f10x_rtc.o ABSOLUTE
    D:\MDK\Keil\STM32F1xx_DFP\2.4.1\Device\StdPeriph_Driver\src\stm32f10x_tim.c 0x00000000   Number         0  stm32f10x_tim.o ABSOLUTE
    D:\MDK\Keil\STM32F1xx_DFP\2.4.1\Device\StdPeriph_Driver\src\stm32f10x_usart.c 0x00000000   Number         0  stm32f10x_usart.o ABSOLUTE
    D:\\MDK\\Keil\\STM32F1xx_DFP\\2.4.1\\Device\\StdPeriph_Driver\\src\\misc.c 0x00000000   Number         0  misc.o ABSOLUTE
    D:\\MDK\\Keil\\STM32F1xx_DFP\\2.4.1\\Device\\StdPeriph_Driver\\src\\stm32f10x_adc.c 0x00000000   Number         0  stm32f10x_adc.o ABSOLUTE
    D:\\MDK\\Keil\\STM32F1xx_DFP\\2.4.1\\Device\\StdPeriph_Driver\\src\\stm32f10x_bkp.c 0x00000000   Number         0  stm32f10x_bkp.o ABSOLUTE
    D:\\MDK\\Keil\\STM32F1xx_DFP\\2.4.1\\Device\\StdPeriph_Driver\\src\\stm32f10x_exti.c 0x00000000   Number         0  stm32f10x_exti.o ABSOLUTE
    D:\\MDK\\Keil\\STM32F1xx_DFP\\2.4.1\\Device\\StdPeriph_Driver\\src\\stm32f10x_gpio.c 0x00000000   Number         0  stm32f10x_gpio.o ABSOLUTE
    D:\\MDK\\Keil\\STM32F1xx_DFP\\2.4.1\\Device\\StdPeriph_Driver\\src\\stm32f10x_iwdg.c 0x00000000   Number         0  stm32f10x_iwdg.o ABSOLUTE
    D:\\MDK\\Keil\\STM32F1xx_DFP\\2.4.1\\Device\\StdPeriph_Driver\\src\\stm32f10x_pwr.c 0x00000000   Number         0  stm32f10x_pwr.o ABSOLUTE
    D:\\MDK\\Keil\\STM32F1xx_DFP\\2.4.1\\Device\\StdPeriph_Driver\\src\\stm32f10x_rcc.c 0x00000000   Number         0  stm32f10x_rcc.o ABSOLUTE
    D:\\MDK\\Keil\\STM32F1xx_DFP\\2.4.1\\Device\\StdPeriph_Driver\\src\\stm32f10x_rtc.c 0x00000000   Number         0  stm32f10x_rtc.o ABSOLUTE
    D:\\MDK\\Keil\\STM32F1xx_DFP\\2.4.1\\Device\\StdPeriph_Driver\\src\\stm32f10x_tim.c 0x00000000   Number         0  stm32f10x_tim.o ABSOLUTE
    D:\\MDK\\Keil\\STM32F1xx_DFP\\2.4.1\\Device\\StdPeriph_Driver\\src\\stm32f10x_usart.c 0x00000000   Number         0  stm32f10x_usart.o ABSOLUTE
    RTE\Device\STM32F103C8\startup_stm32f10x_md.s 0x00000000   Number         0  startup_stm32f10x_md.o ABSOLUTE
    RTE\Device\STM32F103C8\system_stm32f10x.c 0x00000000   Number         0  system_stm32f10x.o ABSOLUTE
    RTE\\Device\\STM32F103C8\\system_stm32f10x.c 0x00000000   Number         0  system_stm32f10x.o ABSOLUTE
    adc.c                                    0x00000000   Number         0  adc.o ABSOLUTE
    adc.c                                    0x00000000   Number         0  adc.o ABSOLUTE
    cJSON.c                                  0x00000000   Number         0  cjson.o ABSOLUTE
    cdcmple.s                                0x00000000   Number         0  cdcmple.o ABSOLUTE
    cdrcmple.s                               0x00000000   Number         0  cdrcmple.o ABSOLUTE
    dc.s                                     0x00000000   Number         0  dc.o ABSOLUTE
    delay.c                                  0x00000000   Number         0  delay.o ABSOLUTE
    delay.c                                  0x00000000   Number         0  delay.o ABSOLUTE
    dht11.c                                  0x00000000   Number         0  dht11.o ABSOLUTE
    dht11.c                                  0x00000000   Number         0  dht11.o ABSOLUTE
    esp8266.c                                0x00000000   Number         0  esp8266.o ABSOLUTE
    esp8266.c                                0x00000000   Number         0  esp8266.o ABSOLUTE
    handlers.s                               0x00000000   Number         0  handlers.o ABSOLUTE
    hc_501.c                                 0x00000000   Number         0  hc_501.o ABSOLUTE
    hc_501.c                                 0x00000000   Number         0  hc_501.o ABSOLUTE
    init.s                                   0x00000000   Number         0  init.o ABSOLUTE
    led.c                                    0x00000000   Number         0  led.o ABSOLUTE
    led.c                                    0x00000000   Number         0  led.o ABSOLUTE
    main.c                                   0x00000000   Number         0  main.o ABSOLUTE
    main.c                                   0x00000000   Number         0  main.o ABSOLUTE
    mq2.c                                    0x00000000   Number         0  mq2.o ABSOLUTE
    mq2.c                                    0x00000000   Number         0  mq2.o ABSOLUTE
    mqtt.c                                   0x00000000   Number         0  mqtt.o ABSOLUTE
    mqtt.c                                   0x00000000   Number         0  mqtt.o ABSOLUTE
    servo.c                                  0x00000000   Number         0  servo.o ABSOLUTE
    servo.c                                  0x00000000   Number         0  servo.o ABSOLUTE
    time.c                                   0x00000000   Number         0  time.o ABSOLUTE
    time.c                                   0x00000000   Number         0  time.o ABSOLUTE
    uart.c                                   0x00000000   Number         0  uart.o ABSOLUTE
    uart.c                                   0x00000000   Number         0  uart.o ABSOLUTE
    water.c                                  0x00000000   Number         0  water.o ABSOLUTE
    water.c                                  0x00000000   Number         0  water.o ABSOLUTE
    RESET                                    0x08000000   Section      236  startup_stm32f10x_md.o(RESET)
    .ARM.Collect$$$$00000000                 0x080000ec   Section        0  entry.o(.ARM.Collect$$$$00000000)
    .ARM.Collect$$$$00000001                 0x080000ec   Section        4  entry2.o(.ARM.Collect$$$$00000001)
    .ARM.Collect$$$$00000004                 0x080000f0   Section        4  entry5.o(.ARM.Collect$$$$00000004)
    .ARM.Collect$$$$00000008                 0x080000f4   Section        0  entry7b.o(.ARM.Collect$$$$00000008)
    .ARM.Collect$$$$0000000A                 0x080000f4   Section        0  entry8b.o(.ARM.Collect$$$$0000000A)
    .ARM.Collect$$$$0000000B                 0x080000f4   Section        8  entry9a.o(.ARM.Collect$$$$0000000B)
    .ARM.Collect$$$$0000000E                 0x080000fc   Section        4  entry12b.o(.ARM.Collect$$$$0000000E)
    .ARM.Collect$$$$0000000F                 0x08000100   Section        0  entry10a.o(.ARM.Collect$$$$0000000F)
    .ARM.Collect$$$$00000011                 0x08000100   Section        0  entry11a.o(.ARM.Collect$$$$00000011)
    .ARM.Collect$$$$00002712                 0x08000100   Section        4  entry2.o(.ARM.Collect$$$$00002712)
    __lit__00000000                          0x08000100   Data           4  entry2.o(.ARM.Collect$$$$00002712)
    .text                                    0x08000104   Section       36  startup_stm32f10x_md.o(.text)
    .text                                    0x08000128   Section        0  tolower.o(.text)
    .text                                    0x08000134   Section        0  memcpya.o(.text)
    .text                                    0x08000158   Section        0  memseta.o(.text)
    .text                                    0x0800017c   Section        0  strstr.o(.text)
    .text                                    0x080001a0   Section        0  strlen.o(.text)
    .text                                    0x080001ae   Section        0  strcmp.o(.text)
    .text                                    0x080001ca   Section        0  strncmp.o(.text)
    .text                                    0x080001e8   Section        0  scanf_fp.o(.text)
    _fp_value                                0x080001e9   Thumb Code   296  scanf_fp.o(.text)
    .text                                    0x08000548   Section        0  dadd.o(.text)
    .text                                    0x08000696   Section        0  dmul.o(.text)
    .text                                    0x0800077a   Section        0  dfixi.o(.text)
    .text                                    0x080007b8   Section       48  cdcmple.o(.text)
    .text                                    0x080007e8   Section       48  cdrcmple.o(.text)
    .text                                    0x08000818   Section        0  uidiv.o(.text)
    .text                                    0x08000844   Section        0  uldiv.o(.text)
    .text                                    0x080008a6   Section        0  llshl.o(.text)
    .text                                    0x080008c4   Section        0  llushr.o(.text)
    .text                                    0x080008e4   Section        0  llsshr.o(.text)
    .text                                    0x08000908   Section        0  _sgetc.o(.text)
    .text                                    0x08000948   Section        0  strtod.o(.text)
    _local_sscanf                            0x08000949   Thumb Code    54  strtod.o(.text)
    .text                                    0x080009e4   Section        0  iusefp.o(.text)
    .text                                    0x080009e4   Section        0  depilogue.o(.text)
    .text                                    0x08000a9e   Section        0  ddiv.o(.text)
    .text                                    0x08000b7c   Section        0  dfltul.o(.text)
    .text                                    0x08000b94   Section        0  dfixul.o(.text)
    .text                                    0x08000bc4   Section        0  d2f.o(.text)
    .text                                    0x08000bfc   Section       36  init.o(.text)
    .text                                    0x08000c20   Section        0  isspace_c.o(.text)
    .text                                    0x08000c2a   Section        0  fepilogue.o(.text)
    .text                                    0x08000c98   Section        0  ctype_c.o(.text)
    i.AD2_GetValue                           0x08000cc0   Section        0  adc.o(i.AD2_GetValue)
    i.ADC_Cmd                                0x08000cf4   Section        0  stm32f10x_adc.o(i.ADC_Cmd)
    i.ADC_DeInit                             0x08000d0c   Section        0  stm32f10x_adc.o(i.ADC_DeInit)
    i.ADC_GetCalibrationStatus               0x08000d68   Section        0  stm32f10x_adc.o(i.ADC_GetCalibrationStatus)
    i.ADC_GetConversionValue                 0x08000d7c   Section        0  stm32f10x_adc.o(i.ADC_GetConversionValue)
    i.ADC_GetFlagStatus                      0x08000d84   Section        0  stm32f10x_adc.o(i.ADC_GetFlagStatus)
    i.ADC_GetResetCalibrationStatus          0x08000d96   Section        0  stm32f10x_adc.o(i.ADC_GetResetCalibrationStatus)
    i.ADC_Init                               0x08000dac   Section        0  stm32f10x_adc.o(i.ADC_Init)
    i.ADC_RegularChannelConfig               0x08000dfc   Section        0  stm32f10x_adc.o(i.ADC_RegularChannelConfig)
    i.ADC_ResetCalibration                   0x08000eb4   Section        0  stm32f10x_adc.o(i.ADC_ResetCalibration)
    i.ADC_SoftwareStartConvCmd               0x08000ebe   Section        0  stm32f10x_adc.o(i.ADC_SoftwareStartConvCmd)
    i.ADC_StartCalibration                   0x08000ed4   Section        0  stm32f10x_adc.o(i.ADC_StartCalibration)
    i.AD_GetValue                            0x08000ee0   Section        0  adc.o(i.AD_GetValue)
    i.Adc2_Init                              0x08000f14   Section        0  adc.o(i.Adc2_Init)
    i.Adc_Init                               0x08000fa8   Section        0  adc.o(i.Adc_Init)
    i.DHT11_Check                            0x0800103c   Section        0  dht11.o(i.DHT11_Check)
    DHT11_Check                              0x0800103d   Thumb Code    82  dht11.o(i.DHT11_Check)
    i.DHT11_Init                             0x08001094   Section        0  dht11.o(i.DHT11_Init)
    i.DHT11_Read_Bit                         0x080010c4   Section        0  dht11.o(i.DHT11_Read_Bit)
    DHT11_Read_Bit                           0x080010c5   Thumb Code    82  dht11.o(i.DHT11_Read_Bit)
    i.DHT11_Read_Byte                        0x0800111c   Section        0  dht11.o(i.DHT11_Read_Byte)
    DHT11_Read_Byte                          0x0800111d   Thumb Code    30  dht11.o(i.DHT11_Read_Byte)
    i.DHT11_Read_Data                        0x0800113a   Section        0  dht11.o(i.DHT11_Read_Data)
    i.DHT11_Rst                              0x08001194   Section        0  dht11.o(i.DHT11_Rst)
    DHT11_Rst                                0x08001195   Thumb Code    44  dht11.o(i.DHT11_Rst)
    i.Delay_Init                             0x080011c4   Section        0  delay.o(i.Delay_Init)
    i.EXTI4_IRQHandler                       0x08001208   Section        0  main.o(i.EXTI4_IRQHandler)
    i.EXTI_ClearITPendingBit                 0x08001234   Section        0  stm32f10x_exti.o(i.EXTI_ClearITPendingBit)
    i.EXTI_GetITStatus                       0x08001240   Section        0  stm32f10x_exti.o(i.EXTI_GetITStatus)
    i.EXTI_Init                              0x08001268   Section        0  stm32f10x_exti.o(i.EXTI_Init)
    i.Esp8266_Init                           0x080012fc   Section        0  esp8266.o(i.Esp8266_Init)
    i.GPIO_EXTILineConfig                    0x0800152c   Section        0  stm32f10x_gpio.o(i.GPIO_EXTILineConfig)
    i.GPIO_Init                              0x0800156c   Section        0  stm32f10x_gpio.o(i.GPIO_Init)
    i.GPIO_ReadInputDataBit                  0x08001682   Section        0  stm32f10x_gpio.o(i.GPIO_ReadInputDataBit)
    i.GPIO_ReadOutputDataBit                 0x08001694   Section        0  stm32f10x_gpio.o(i.GPIO_ReadOutputDataBit)
    i.GPIO_ResetBits                         0x080016a6   Section        0  stm32f10x_gpio.o(i.GPIO_ResetBits)
    i.GPIO_SETIN                             0x080016ac   Section        0  dht11.o(i.GPIO_SETIN)
    GPIO_SETIN                               0x080016ad   Thumb Code    16  dht11.o(i.GPIO_SETIN)
    i.GPIO_SETOUT                            0x080016c4   Section        0  dht11.o(i.GPIO_SETOUT)
    GPIO_SETOUT                              0x080016c5   Thumb Code    16  dht11.o(i.GPIO_SETOUT)
    i.GPIO_SetBits                           0x080016dc   Section        0  stm32f10x_gpio.o(i.GPIO_SetBits)
    i.Get_Adc2_Average                       0x080016e0   Section        0  adc.o(i.Get_Adc2_Average)
    i.Get_Adc_Average                        0x0800170e   Section        0  adc.o(i.Get_Adc_Average)
    i.HC_501_Config                          0x0800173c   Section        0  hc_501.o(i.HC_501_Config)
    i.Led_Config                             0x080017a0   Section        0  led.o(i.Led_Config)
    i.Mq_Init                                0x080017d8   Section        0  mq2.o(i.Mq_Init)
    i.Mq_read                                0x080017fc   Section        0  mq2.o(i.Mq_read)
    i.Mqtt_Connect_Aliyun                    0x08001818   Section        0  mqtt.o(i.Mqtt_Connect_Aliyun)
    i.NVIC_Init                              0x08001ac8   Section        0  misc.o(i.NVIC_Init)
    i.NVIC_PriorityGroupConfig               0x08001b38   Section        0  misc.o(i.NVIC_PriorityGroupConfig)
    i.RCC_ADCCLKConfig                       0x08001b4c   Section        0  stm32f10x_rcc.o(i.RCC_ADCCLKConfig)
    i.RCC_APB1PeriphClockCmd                 0x08001b64   Section        0  stm32f10x_rcc.o(i.RCC_APB1PeriphClockCmd)
    i.RCC_APB2PeriphClockCmd                 0x08001b84   Section        0  stm32f10x_rcc.o(i.RCC_APB2PeriphClockCmd)
    i.RCC_APB2PeriphResetCmd                 0x08001ba4   Section        0  stm32f10x_rcc.o(i.RCC_APB2PeriphResetCmd)
    i.RCC_GetClocksFreq                      0x08001bc4   Section        0  stm32f10x_rcc.o(i.RCC_GetClocksFreq)
    i.SetSysClock                            0x08001c98   Section        0  system_stm32f10x.o(i.SetSysClock)
    SetSysClock                              0x08001c99   Thumb Code     8  system_stm32f10x.o(i.SetSysClock)
    i.SetSysClockTo72                        0x08001ca0   Section        0  system_stm32f10x.o(i.SetSysClockTo72)
    SetSysClockTo72                          0x08001ca1   Thumb Code   214  system_stm32f10x.o(i.SetSysClockTo72)
    i.SysTick_CLKSourceConfig                0x08001d80   Section        0  misc.o(i.SysTick_CLKSourceConfig)
    i.SystemInit                             0x08001da8   Section        0  system_stm32f10x.o(i.SystemInit)
    i.TIM2_IRQHandler                        0x08001e08   Section        0  main.o(i.TIM2_IRQHandler)
    i.TIM4_PWM_Init                          0x08001e3c   Section        0  servo.o(i.TIM4_PWM_Init)
    i.TIM_ARRPreloadConfig                   0x08001ecc   Section        0  stm32f10x_tim.o(i.TIM_ARRPreloadConfig)
    i.TIM_ClearFlag                          0x08001ee4   Section        0  stm32f10x_tim.o(i.TIM_ClearFlag)
    i.TIM_ClearITPendingBit                  0x08001eea   Section        0  stm32f10x_tim.o(i.TIM_ClearITPendingBit)
    i.TIM_Cmd                                0x08001ef0   Section        0  stm32f10x_tim.o(i.TIM_Cmd)
    i.TIM_GetITStatus                        0x08001f08   Section        0  stm32f10x_tim.o(i.TIM_GetITStatus)
    i.TIM_ITConfig                           0x08001f2a   Section        0  stm32f10x_tim.o(i.TIM_ITConfig)
    i.TIM_InternalClockConfig                0x08001f3c   Section        0  stm32f10x_tim.o(i.TIM_InternalClockConfig)
    i.TIM_OC2Init                            0x08001f48   Section        0  stm32f10x_tim.o(i.TIM_OC2Init)
    i.TIM_OC2PreloadConfig                   0x08001fec   Section        0  stm32f10x_tim.o(i.TIM_OC2PreloadConfig)
    i.TIM_SetCompare2                        0x08002006   Section        0  stm32f10x_tim.o(i.TIM_SetCompare2)
    i.TIM_TimeBaseInit                       0x0800200c   Section        0  stm32f10x_tim.o(i.TIM_TimeBaseInit)
    i.Timer_Init                             0x080020b0   Section        0  time.o(i.Timer_Init)
    i.USART1_Config                          0x08002130   Section        0  uart.o(i.USART1_Config)
    i.USART1_IRQHandler                      0x080021d8   Section        0  uart.o(i.USART1_IRQHandler)
    i.USART2_IRQHandler                      0x0800226c   Section        0  uart.o(i.USART2_IRQHandler)
    i.USART3_Config                          0x08002300   Section        0  uart.o(i.USART3_Config)
    i.USART3_IRQHandler                      0x080023a8   Section        0  uart.o(i.USART3_IRQHandler)
    i.USART_ClearFlag                        0x08002408   Section        0  stm32f10x_usart.o(i.USART_ClearFlag)
    i.USART_ClearITPendingBit                0x0800241a   Section        0  stm32f10x_usart.o(i.USART_ClearITPendingBit)
    i.USART_Cmd                              0x08002438   Section        0  stm32f10x_usart.o(i.USART_Cmd)
    i.USART_GetFlagStatus                    0x08002450   Section        0  stm32f10x_usart.o(i.USART_GetFlagStatus)
    i.USART_GetITStatus                      0x0800246a   Section        0  stm32f10x_usart.o(i.USART_GetITStatus)
    i.USART_ITConfig                         0x080024be   Section        0  stm32f10x_usart.o(i.USART_ITConfig)
    i.USART_Init                             0x08002508   Section        0  stm32f10x_usart.o(i.USART_Init)
    i.USART_ReceiveData                      0x080025e0   Section        0  stm32f10x_usart.o(i.USART_ReceiveData)
    i.USART_SendData                         0x080025ea   Section        0  stm32f10x_usart.o(i.USART_SendData)
    i.Usart_SendByte                         0x080025f2   Section        0  uart.o(i.Usart_SendByte)
    i.Usart_SendBytes                        0x08002610   Section        0  uart.o(i.Usart_SendBytes)
    i.Usart_SendString                       0x0800264a   Section        0  uart.o(i.Usart_SendString)
    i.Water_Init                             0x0800267c   Section        0  water.o(i.Water_Init)
    i.Water_read                             0x080026a0   Section        0  water.o(i.Water_read)
    i.__0printf                              0x080026bc   Section        0  printfa.o(i.__0printf)
    i.__0sprintf                             0x080026dc   Section        0  printfa.o(i.__0sprintf)
    i.__free$realloc                         0x08002704   Section        0  mallocr.o(i.__free$realloc)
    i.__malloc$realloc                       0x08002760   Section        0  mallocr.o(i.__malloc$realloc)
    i.__scatterload_copy                     0x080027b0   Section       14  handlers.o(i.__scatterload_copy)
    i.__scatterload_null                     0x080027be   Section        2  handlers.o(i.__scatterload_null)
    i.__scatterload_zeroinit                 0x080027c0   Section       14  handlers.o(i.__scatterload_zeroinit)
    i._fp_digits                             0x080027d0   Section        0  printfa.o(i._fp_digits)
    _fp_digits                               0x080027d1   Thumb Code   366  printfa.o(i._fp_digits)
    i._is_digit                              0x08002954   Section        0  scanf_fp.o(i._is_digit)
    i._printf_core                           0x08002964   Section        0  printfa.o(i._printf_core)
    _printf_core                             0x08002965   Thumb Code  1704  printfa.o(i._printf_core)
    i._printf_post_padding                   0x08003018   Section        0  printfa.o(i._printf_post_padding)
    _printf_post_padding                     0x08003019   Thumb Code    36  printfa.o(i._printf_post_padding)
    i._printf_pre_padding                    0x0800303c   Section        0  printfa.o(i._printf_pre_padding)
    _printf_pre_padding                      0x0800303d   Thumb Code    46  printfa.o(i._printf_pre_padding)
    i._sputc                                 0x0800306a   Section        0  printfa.o(i._sputc)
    _sputc                                   0x0800306b   Thumb Code    10  printfa.o(i._sputc)
    i.buffer_skip_whitespace                 0x08003074   Section        0  cjson.o(i.buffer_skip_whitespace)
    buffer_skip_whitespace                   0x08003075   Thumb Code    72  cjson.o(i.buffer_skip_whitespace)
    i.cJSON_Delete                           0x080030bc   Section        0  cjson.o(i.cJSON_Delete)
    i.cJSON_GetErrorPtr                      0x08003114   Section        0  cjson.o(i.cJSON_GetErrorPtr)
    i.cJSON_GetObjectItem                    0x08003124   Section        0  cjson.o(i.cJSON_GetObjectItem)
    i.cJSON_New_Item                         0x08003136   Section        0  cjson.o(i.cJSON_New_Item)
    cJSON_New_Item                           0x08003137   Thumb Code    26  cjson.o(i.cJSON_New_Item)
    i.cJSON_Parse                            0x08003150   Section        0  cjson.o(i.cJSON_Parse)
    i.cJSON_ParseWithLengthOpts              0x08003160   Section        0  cjson.o(i.cJSON_ParseWithLengthOpts)
    i.cJSON_ParseWithOpts                    0x08003234   Section        0  cjson.o(i.cJSON_ParseWithOpts)
    i.case_insensitive_strcmp                0x0800325c   Section        0  cjson.o(i.case_insensitive_strcmp)
    case_insensitive_strcmp                  0x0800325d   Thumb Code    72  cjson.o(i.case_insensitive_strcmp)
    i.delay_ms                               0x080032a4   Section        0  delay.o(i.delay_ms)
    i.delay_us                               0x080032f0   Section        0  delay.o(i.delay_us)
    i.esp8266_check                          0x0800333c   Section        0  esp8266.o(i.esp8266_check)
    i.esp8266_check_connection_status        0x08003368   Section        0  esp8266.o(i.esp8266_check_connection_status)
    i.esp8266_connect_ap                     0x080033b4   Section        0  esp8266.o(i.esp8266_connect_ap)
    i.esp8266_connect_server                 0x08003484   Section        0  esp8266.o(i.esp8266_connect_server)
    i.esp8266_enable_echo                    0x08003534   Section        0  esp8266.o(i.esp8266_enable_echo)
    i.esp8266_entry_transparent_transmission 0x08003574   Section        0  esp8266.o(i.esp8266_entry_transparent_transmission)
    i.esp8266_exit_transparent_transmission  0x080035f8   Section        0  esp8266.o(i.esp8266_exit_transparent_transmission)
    i.esp8266_find_str_in_rx_packet          0x08003618   Section        0  esp8266.o(i.esp8266_find_str_in_rx_packet)
    i.esp8266_reset                          0x08003650   Section        0  esp8266.o(i.esp8266_reset)
    i.esp8266_send_at                        0x08003680   Section        0  esp8266.o(i.esp8266_send_at)
    i.esp8266_send_bytes                     0x080036ac   Section        0  esp8266.o(i.esp8266_send_bytes)
    i.fputc                                  0x080036c4   Section        0  uart.o(i.fputc)
    i.get_decimal_point                      0x080036e8   Section        0  cjson.o(i.get_decimal_point)
    get_decimal_point                        0x080036e9   Thumb Code     4  cjson.o(i.get_decimal_point)
    i.get_object_item                        0x080036ec   Section        0  cjson.o(i.get_object_item)
    get_object_item                          0x080036ed   Thumb Code    82  cjson.o(i.get_object_item)
    i.internal_alloc                         0x08003740   Section        0  mallocr.o(i.internal_alloc)
    internal_alloc                           0x08003741   Thumb Code    76  mallocr.o(i.internal_alloc)
    i.main                                   0x08003790   Section        0  main.o(i.main)
    i.mqtt_cjson_parse                       0x08003904   Section        0  mqtt.o(i.mqtt_cjson_parse)
    i.mqtt_connect                           0x08003a88   Section        0  mqtt.o(i.mqtt_connect)
    i.mqtt_msg_handle                        0x08003df4   Section        0  mqtt.o(i.mqtt_msg_handle)
    i.mqtt_publish_data                      0x08003e4c   Section        0  mqtt.o(i.mqtt_publish_data)
    i.mqtt_report_devices_status             0x08003f60   Section        0  mqtt.o(i.mqtt_report_devices_status)
    i.mqtt_send_bytes                        0x08004050   Section        0  mqtt.o(i.mqtt_send_bytes)
    i.mqtt_send_heart                        0x08004060   Section        0  mqtt.o(i.mqtt_send_heart)
    i.mqtt_subscribe_topic                   0x08004118   Section        0  mqtt.o(i.mqtt_subscribe_topic)
    i.parse_array                            0x0800433c   Section        0  cjson.o(i.parse_array)
    parse_array                              0x0800433d   Thumb Code   248  cjson.o(i.parse_array)
    i.parse_hex4                             0x08004434   Section        0  cjson.o(i.parse_hex4)
    parse_hex4                               0x08004435   Thumb Code    90  cjson.o(i.parse_hex4)
    i.parse_number                           0x08004490   Section        0  cjson.o(i.parse_number)
    parse_number                             0x08004491   Thumb Code   298  cjson.o(i.parse_number)
    i.parse_object                           0x080045c8   Section        0  cjson.o(i.parse_object)
    parse_object                             0x080045c9   Thumb Code   318  cjson.o(i.parse_object)
    i.parse_string                           0x08004706   Section        0  cjson.o(i.parse_string)
    parse_string                             0x08004707   Thumb Code   396  cjson.o(i.parse_string)
    i.parse_value                            0x08004894   Section        0  cjson.o(i.parse_value)
    parse_value                              0x08004895   Thumb Code   290  cjson.o(i.parse_value)
    i.realloc                                0x080049d0   Section        0  mallocr.o(i.realloc)
    i.skip_utf8_bom                          0x08004a3c   Section        0  cjson.o(i.skip_utf8_bom)
    skip_utf8_bom                            0x08004a3d   Thumb Code    56  cjson.o(i.skip_utf8_bom)
    i.strtod                                 0x08004a78   Section        0  strtod.o(i.strtod)
    i.utf16_literal_to_utf8                  0x08004a94   Section        0  cjson.o(i.utf16_literal_to_utf8)
    utf16_literal_to_utf8                    0x08004a95   Thumb Code   300  cjson.o(i.utf16_literal_to_utf8)
    .constdata                               0x08004bc0   Section        5  main.o(.constdata)
    __FUNCTION__                             0x08004bc0   Data           5  main.o(.constdata)
    .constdata                               0x08004bc5   Section       64  ctype_c.o(.constdata)
    .conststring                             0x08004c08   Section      550  mqtt.o(.conststring)
    .data                                    0x20000000   Section        8  main.o(.data)
    .data                                    0x20000008   Section       10  uart.o(.data)
    .data                                    0x20000012   Section        4  delay.o(.data)
    fac_us                                   0x20000012   Data           1  delay.o(.data)
    fac_ms                                   0x20000014   Data           2  delay.o(.data)
    .data                                    0x20000018   Section        4  esp8266.o(.data)
    .data                                    0x2000001c   Section        5  mqtt.o(.data)
    .data                                    0x20000024   Section       20  cjson.o(.data)
    global_error                             0x20000024   Data           8  cjson.o(.data)
    global_hooks                             0x2000002c   Data          12  cjson.o(.data)
    .data                                    0x20000038   Section        4  dht11.o(.data)
    .data                                    0x2000003c   Section       20  stm32f10x_rcc.o(.data)
    APBAHBPrescTable                         0x2000003c   Data          16  stm32f10x_rcc.o(.data)
    ADCPrescTable                            0x2000004c   Data           4  stm32f10x_rcc.o(.data)
    .data                                    0x20000050   Section       20  system_stm32f10x.o(.data)
    .data                                    0x20000064   Section        4  stdout.o(.data)
    .data                                    0x20000068   Section        4  mvars.o(.data)
    .data                                    0x2000006c   Section        4  mvars.o(.data)
    .bss                                     0x20000070   Section     1536  uart.o(.bss)
    .bss                                     0x20000670   Section      526  mqtt.o(.bss)
    HEAP                                     0x20000880   Section    12288  startup_stm32f10x_md.o(HEAP)
    STACK                                    0x20003880   Section     1536  startup_stm32f10x_md.o(STACK)

    Global Symbols

    Symbol Name                              Value     Ov Type        Size  Object(Section)

    BuildAttributes$$THM_ISAv4$P$D$K$B$S$PE$A:L22UL41UL21$X:L11$S22US41US21$IEEE1$IW$USESV6$~STKCKD$USESV7$~SHL$OTIME$ROPI$IEEEJ$EBA8$MICROLIB$REQ8$PRES8$EABIv2 0x00000000   Number         0  anon$$obj.o ABSOLUTE
    __ARM_use_no_argv                        0x00000000   Number         0  main.o ABSOLUTE
    _printf_a                                0x00000000   Number         0  stubs.o ABSOLUTE
    _printf_c                                0x00000000   Number         0  stubs.o ABSOLUTE
    _printf_charcount                        0x00000000   Number         0  stubs.o ABSOLUTE
    _printf_d                                0x00000000   Number         0  stubs.o ABSOLUTE
    _printf_e                                0x00000000   Number         0  stubs.o ABSOLUTE
    _printf_f                                0x00000000   Number         0  stubs.o ABSOLUTE
    _printf_flags                            0x00000000   Number         0  stubs.o ABSOLUTE
    _printf_fp_dec                           0x00000000   Number         0  stubs.o ABSOLUTE
    _printf_fp_hex                           0x00000000   Number         0  stubs.o ABSOLUTE
    _printf_g                                0x00000000   Number         0  stubs.o ABSOLUTE
    _printf_i                                0x00000000   Number         0  stubs.o ABSOLUTE
    _printf_int_dec                          0x00000000   Number         0  stubs.o ABSOLUTE
    _printf_l                                0x00000000   Number         0  stubs.o ABSOLUTE
    _printf_lc                               0x00000000   Number         0  stubs.o ABSOLUTE
    _printf_ll                               0x00000000   Number         0  stubs.o ABSOLUTE
    _printf_lld                              0x00000000   Number         0  stubs.o ABSOLUTE
    _printf_lli                              0x00000000   Number         0  stubs.o ABSOLUTE
    _printf_llo                              0x00000000   Number         0  stubs.o ABSOLUTE
    _printf_llu                              0x00000000   Number         0  stubs.o ABSOLUTE
    _printf_llx                              0x00000000   Number         0  stubs.o ABSOLUTE
    _printf_longlong_dec                     0x00000000   Number         0  stubs.o ABSOLUTE
    _printf_longlong_hex                     0x00000000   Number         0  stubs.o ABSOLUTE
    _printf_longlong_oct                     0x00000000   Number         0  stubs.o ABSOLUTE
    _printf_ls                               0x00000000   Number         0  stubs.o ABSOLUTE
    _printf_mbtowc                           0x00000000   Number         0  stubs.o ABSOLUTE
    _printf_n                                0x00000000   Number         0  stubs.o ABSOLUTE
    _printf_o                                0x00000000   Number         0  stubs.o ABSOLUTE
    _printf_p                                0x00000000   Number         0  stubs.o ABSOLUTE
    _printf_percent                          0x00000000   Number         0  stubs.o ABSOLUTE
    _printf_pre_padding                      0x00000000   Number         0  stubs.o ABSOLUTE
    _printf_return_value                     0x00000000   Number         0  stubs.o ABSOLUTE
    _printf_s                                0x00000000   Number         0  stubs.o ABSOLUTE
    _printf_sizespec                         0x00000000   Number         0  stubs.o ABSOLUTE
    _printf_str                              0x00000000   Number         0  stubs.o ABSOLUTE
    _printf_truncate_signed                  0x00000000   Number         0  stubs.o ABSOLUTE
    _printf_truncate_unsigned                0x00000000   Number         0  stubs.o ABSOLUTE
    _printf_u                                0x00000000   Number         0  stubs.o ABSOLUTE
    _printf_wc                               0x00000000   Number         0  stubs.o ABSOLUTE
    _printf_wctomb                           0x00000000   Number         0  stubs.o ABSOLUTE
    _printf_widthprec                        0x00000000   Number         0  stubs.o ABSOLUTE
    _printf_x                                0x00000000   Number         0  stubs.o ABSOLUTE
    __arm_fini_                               - Undefined Weak Reference
    __cpp_initialize__aeabi_                  - Undefined Weak Reference
    __cxa_finalize                            - Undefined Weak Reference
    __decompress                              - Undefined Weak Reference
    _clock_init                               - Undefined Weak Reference
    _microlib_exit                            - Undefined Weak Reference
    _scanf_int                                - Undefined Weak Reference
    _scanf_longlong                           - Undefined Weak Reference
    _scanf_string                             - Undefined Weak Reference
    __Vectors_Size                           0x000000ec   Number         0  startup_stm32f10x_md.o ABSOLUTE
    __Vectors                                0x08000000   Data           4  startup_stm32f10x_md.o(RESET)
    __Vectors_End                            0x080000ec   Data           0  startup_stm32f10x_md.o(RESET)
    __main                                   0x080000ed   Thumb Code     0  entry.o(.ARM.Collect$$$$00000000)
    _main_stk                                0x080000ed   Thumb Code     0  entry2.o(.ARM.Collect$$$$00000001)
    _main_scatterload                        0x080000f1   Thumb Code     0  entry5.o(.ARM.Collect$$$$00000004)
    __main_after_scatterload                 0x080000f5   Thumb Code     0  entry5.o(.ARM.Collect$$$$00000004)
    _main_clock                              0x080000f5   Thumb Code     0  entry7b.o(.ARM.Collect$$$$00000008)
    _main_cpp_init                           0x080000f5   Thumb Code     0  entry8b.o(.ARM.Collect$$$$0000000A)
    _main_init                               0x080000f5   Thumb Code     0  entry9a.o(.ARM.Collect$$$$0000000B)
    __rt_lib_shutdown_fini                   0x080000fd   Thumb Code     0  entry12b.o(.ARM.Collect$$$$0000000E)
    __rt_final_cpp                           0x08000101   Thumb Code     0  entry10a.o(.ARM.Collect$$$$0000000F)
    __rt_final_exit                          0x08000101   Thumb Code     0  entry11a.o(.ARM.Collect$$$$00000011)
    Reset_Handler                            0x08000105   Thumb Code     8  startup_stm32f10x_md.o(.text)
    NMI_Handler                              0x0800010d   Thumb Code     2  startup_stm32f10x_md.o(.text)
    HardFault_Handler                        0x0800010f   Thumb Code     2  startup_stm32f10x_md.o(.text)
    MemManage_Handler                        0x08000111   Thumb Code     2  startup_stm32f10x_md.o(.text)
    BusFault_Handler                         0x08000113   Thumb Code     2  startup_stm32f10x_md.o(.text)
    UsageFault_Handler                       0x08000115   Thumb Code     2  startup_stm32f10x_md.o(.text)
    SVC_Handler                              0x08000117   Thumb Code     2  startup_stm32f10x_md.o(.text)
    DebugMon_Handler                         0x08000119   Thumb Code     2  startup_stm32f10x_md.o(.text)
    PendSV_Handler                           0x0800011b   Thumb Code     2  startup_stm32f10x_md.o(.text)
    SysTick_Handler                          0x0800011d   Thumb Code     2  startup_stm32f10x_md.o(.text)
    ADC1_2_IRQHandler                        0x0800011f   Thumb Code     0  startup_stm32f10x_md.o(.text)
    CAN1_RX1_IRQHandler                      0x0800011f   Thumb Code     0  startup_stm32f10x_md.o(.text)
    CAN1_SCE_IRQHandler                      0x0800011f   Thumb Code     0  startup_stm32f10x_md.o(.text)
    DMA1_Channel1_IRQHandler                 0x0800011f   Thumb Code     0  startup_stm32f10x_md.o(.text)
    DMA1_Channel2_IRQHandler                 0x0800011f   Thumb Code     0  startup_stm32f10x_md.o(.text)
    DMA1_Channel3_IRQHandler                 0x0800011f   Thumb Code     0  startup_stm32f10x_md.o(.text)
    DMA1_Channel4_IRQHandler                 0x0800011f   Thumb Code     0  startup_stm32f10x_md.o(.text)
    DMA1_Channel5_IRQHandler                 0x0800011f   Thumb Code     0  startup_stm32f10x_md.o(.text)
    DMA1_Channel6_IRQHandler                 0x0800011f   Thumb Code     0  startup_stm32f10x_md.o(.text)
    DMA1_Channel7_IRQHandler                 0x0800011f   Thumb Code     0  startup_stm32f10x_md.o(.text)
    EXTI0_IRQHandler                         0x0800011f   Thumb Code     0  startup_stm32f10x_md.o(.text)
    EXTI15_10_IRQHandler                     0x0800011f   Thumb Code     0  startup_stm32f10x_md.o(.text)
    EXTI1_IRQHandler                         0x0800011f   Thumb Code     0  startup_stm32f10x_md.o(.text)
    EXTI2_IRQHandler                         0x0800011f   Thumb Code     0  startup_stm32f10x_md.o(.text)
    EXTI3_IRQHandler                         0x0800011f   Thumb Code     0  startup_stm32f10x_md.o(.text)
    EXTI9_5_IRQHandler                       0x0800011f   Thumb Code     0  startup_stm32f10x_md.o(.text)
    FLASH_IRQHandler                         0x0800011f   Thumb Code     0  startup_stm32f10x_md.o(.text)
    I2C1_ER_IRQHandler                       0x0800011f   Thumb Code     0  startup_stm32f10x_md.o(.text)
    I2C1_EV_IRQHandler                       0x0800011f   Thumb Code     0  startup_stm32f10x_md.o(.text)
    I2C2_ER_IRQHandler                       0x0800011f   Thumb Code     0  startup_stm32f10x_md.o(.text)
    I2C2_EV_IRQHandler                       0x0800011f   Thumb Code     0  startup_stm32f10x_md.o(.text)
    PVD_IRQHandler                           0x0800011f   Thumb Code     0  startup_stm32f10x_md.o(.text)
    RCC_IRQHandler                           0x0800011f   Thumb Code     0  startup_stm32f10x_md.o(.text)
    RTCAlarm_IRQHandler                      0x0800011f   Thumb Code     0  startup_stm32f10x_md.o(.text)
    RTC_IRQHandler                           0x0800011f   Thumb Code     0  startup_stm32f10x_md.o(.text)
    SPI1_IRQHandler                          0x0800011f   Thumb Code     0  startup_stm32f10x_md.o(.text)
    SPI2_IRQHandler                          0x0800011f   Thumb Code     0  startup_stm32f10x_md.o(.text)
    TAMPER_IRQHandler                        0x0800011f   Thumb Code     0  startup_stm32f10x_md.o(.text)
    TIM1_BRK_IRQHandler                      0x0800011f   Thumb Code     0  startup_stm32f10x_md.o(.text)
    TIM1_CC_IRQHandler                       0x0800011f   Thumb Code     0  startup_stm32f10x_md.o(.text)
    TIM1_TRG_COM_IRQHandler                  0x0800011f   Thumb Code     0  startup_stm32f10x_md.o(.text)
    TIM1_UP_IRQHandler                       0x0800011f   Thumb Code     0  startup_stm32f10x_md.o(.text)
    TIM3_IRQHandler                          0x0800011f   Thumb Code     0  startup_stm32f10x_md.o(.text)
    TIM4_IRQHandler                          0x0800011f   Thumb Code     0  startup_stm32f10x_md.o(.text)
    USBWakeUp_IRQHandler                     0x0800011f   Thumb Code     0  startup_stm32f10x_md.o(.text)
    USB_HP_CAN1_TX_IRQHandler                0x0800011f   Thumb Code     0  startup_stm32f10x_md.o(.text)
    USB_LP_CAN1_RX0_IRQHandler               0x0800011f   Thumb Code     0  startup_stm32f10x_md.o(.text)
    WWDG_IRQHandler                          0x0800011f   Thumb Code     0  startup_stm32f10x_md.o(.text)
    tolower                                  0x08000129   Thumb Code    12  tolower.o(.text)
    __aeabi_memcpy                           0x08000135   Thumb Code    36  memcpya.o(.text)
    __aeabi_memcpy4                          0x08000135   Thumb Code     0  memcpya.o(.text)
    __aeabi_memcpy8                          0x08000135   Thumb Code     0  memcpya.o(.text)
    __aeabi_memset                           0x08000159   Thumb Code    14  memseta.o(.text)
    __aeabi_memset4                          0x08000159   Thumb Code     0  memseta.o(.text)
    __aeabi_memset8                          0x08000159   Thumb Code     0  memseta.o(.text)
    __aeabi_memclr                           0x08000167   Thumb Code     4  memseta.o(.text)
    __aeabi_memclr4                          0x08000167   Thumb Code     0  memseta.o(.text)
    __aeabi_memclr8                          0x08000167   Thumb Code     0  memseta.o(.text)
    _memset$wrapper                          0x0800016b   Thumb Code    18  memseta.o(.text)
    strstr                                   0x0800017d   Thumb Code    36  strstr.o(.text)
    strlen                                   0x080001a1   Thumb Code    14  strlen.o(.text)
    strcmp                                   0x080001af   Thumb Code    28  strcmp.o(.text)
    strncmp                                  0x080001cb   Thumb Code    30  strncmp.o(.text)
    _scanf_real                              0x08000311   Thumb Code     0  scanf_fp.o(.text)
    _scanf_really_real                       0x08000311   Thumb Code   556  scanf_fp.o(.text)
    __aeabi_dadd                             0x08000549   Thumb Code   322  dadd.o(.text)
    __aeabi_dsub                             0x0800068b   Thumb Code     6  dadd.o(.text)
    __aeabi_drsub                            0x08000691   Thumb Code     6  dadd.o(.text)
    __aeabi_dmul                             0x08000697   Thumb Code   228  dmul.o(.text)
    __aeabi_d2iz                             0x0800077b   Thumb Code    62  dfixi.o(.text)
    __aeabi_cdcmpeq                          0x080007b9   Thumb Code     0  cdcmple.o(.text)
    __aeabi_cdcmple                          0x080007b9   Thumb Code    48  cdcmple.o(.text)
    __aeabi_cdrcmple                         0x080007e9   Thumb Code    48  cdrcmple.o(.text)
    __aeabi_uidiv                            0x08000819   Thumb Code     0  uidiv.o(.text)
    __aeabi_uidivmod                         0x08000819   Thumb Code    44  uidiv.o(.text)
    __aeabi_uldivmod                         0x08000845   Thumb Code    98  uldiv.o(.text)
    __aeabi_llsl                             0x080008a7   Thumb Code    30  llshl.o(.text)
    _ll_shift_l                              0x080008a7   Thumb Code     0  llshl.o(.text)
    __aeabi_llsr                             0x080008c5   Thumb Code    32  llushr.o(.text)
    _ll_ushift_r                             0x080008c5   Thumb Code     0  llushr.o(.text)
    __aeabi_lasr                             0x080008e5   Thumb Code    36  llsshr.o(.text)
    _ll_sshift_r                             0x080008e5   Thumb Code     0  llsshr.o(.text)
    _sgetc                                   0x08000909   Thumb Code    30  _sgetc.o(.text)
    _sbackspace                              0x08000927   Thumb Code    34  _sgetc.o(.text)
    __strtod_int                             0x0800097f   Thumb Code    90  strtod.o(.text)
    __I$use$fp                               0x080009e5   Thumb Code     0  iusefp.o(.text)
    _double_round                            0x080009e5   Thumb Code    30  depilogue.o(.text)
    _double_epilogue                         0x08000a03   Thumb Code   156  depilogue.o(.text)
    __aeabi_ddiv                             0x08000a9f   Thumb Code   222  ddiv.o(.text)
    __aeabi_ul2d                             0x08000b7d   Thumb Code    24  dfltul.o(.text)
    __aeabi_d2ulz                            0x08000b95   Thumb Code    48  dfixul.o(.text)
    __aeabi_d2f                              0x08000bc5   Thumb Code    56  d2f.o(.text)
    __scatterload                            0x08000bfd   Thumb Code    28  init.o(.text)
    __scatterload_rt2                        0x08000bfd   Thumb Code     0  init.o(.text)
    isspace                                  0x08000c21   Thumb Code    10  isspace_c.o(.text)
    _float_round                             0x08000c2b   Thumb Code    18  fepilogue.o(.text)
    _float_epilogue                          0x08000c3d   Thumb Code    92  fepilogue.o(.text)
    __ctype_lookup                           0x08000c99   Thumb Code    34  ctype_c.o(.text)
    AD2_GetValue                             0x08000cc1   Thumb Code    46  adc.o(i.AD2_GetValue)
    ADC_Cmd                                  0x08000cf5   Thumb Code    22  stm32f10x_adc.o(i.ADC_Cmd)
    ADC_DeInit                               0x08000d0d   Thumb Code    78  stm32f10x_adc.o(i.ADC_DeInit)
    ADC_GetCalibrationStatus                 0x08000d69   Thumb Code    20  stm32f10x_adc.o(i.ADC_GetCalibrationStatus)
    ADC_GetConversionValue                   0x08000d7d   Thumb Code     8  stm32f10x_adc.o(i.ADC_GetConversionValue)
    ADC_GetFlagStatus                        0x08000d85   Thumb Code    18  stm32f10x_adc.o(i.ADC_GetFlagStatus)
    ADC_GetResetCalibrationStatus            0x08000d97   Thumb Code    20  stm32f10x_adc.o(i.ADC_GetResetCalibrationStatus)
    ADC_Init                                 0x08000dad   Thumb Code    70  stm32f10x_adc.o(i.ADC_Init)
    ADC_RegularChannelConfig                 0x08000dfd   Thumb Code   184  stm32f10x_adc.o(i.ADC_RegularChannelConfig)
    ADC_ResetCalibration                     0x08000eb5   Thumb Code    10  stm32f10x_adc.o(i.ADC_ResetCalibration)
    ADC_SoftwareStartConvCmd                 0x08000ebf   Thumb Code    22  stm32f10x_adc.o(i.ADC_SoftwareStartConvCmd)
    ADC_StartCalibration                     0x08000ed5   Thumb Code    10  stm32f10x_adc.o(i.ADC_StartCalibration)
    AD_GetValue                              0x08000ee1   Thumb Code    46  adc.o(i.AD_GetValue)
    Adc2_Init                                0x08000f15   Thumb Code   138  adc.o(i.Adc2_Init)
    Adc_Init                                 0x08000fa9   Thumb Code   138  adc.o(i.Adc_Init)
    DHT11_Init                               0x08001095   Thumb Code    40  dht11.o(i.DHT11_Init)
    DHT11_Read_Data                          0x0800113b   Thumb Code    90  dht11.o(i.DHT11_Read_Data)
    Delay_Init                               0x080011c5   Thumb Code    50  delay.o(i.Delay_Init)
    EXTI4_IRQHandler                         0x08001209   Thumb Code    34  main.o(i.EXTI4_IRQHandler)
    EXTI_ClearITPendingBit                   0x08001235   Thumb Code     6  stm32f10x_exti.o(i.EXTI_ClearITPendingBit)
    EXTI_GetITStatus                         0x08001241   Thumb Code    34  stm32f10x_exti.o(i.EXTI_GetITStatus)
    EXTI_Init                                0x08001269   Thumb Code   142  stm32f10x_exti.o(i.EXTI_Init)
    Esp8266_Init                             0x080012fd   Thumb Code   214  esp8266.o(i.Esp8266_Init)
    GPIO_EXTILineConfig                      0x0800152d   Thumb Code    60  stm32f10x_gpio.o(i.GPIO_EXTILineConfig)
    GPIO_Init                                0x0800156d   Thumb Code   278  stm32f10x_gpio.o(i.GPIO_Init)
    GPIO_ReadInputDataBit                    0x08001683   Thumb Code    18  stm32f10x_gpio.o(i.GPIO_ReadInputDataBit)
    GPIO_ReadOutputDataBit                   0x08001695   Thumb Code    18  stm32f10x_gpio.o(i.GPIO_ReadOutputDataBit)
    GPIO_ResetBits                           0x080016a7   Thumb Code     4  stm32f10x_gpio.o(i.GPIO_ResetBits)
    GPIO_SetBits                             0x080016dd   Thumb Code     4  stm32f10x_gpio.o(i.GPIO_SetBits)
    Get_Adc2_Average                         0x080016e1   Thumb Code    46  adc.o(i.Get_Adc2_Average)
    Get_Adc_Average                          0x0800170f   Thumb Code    46  adc.o(i.Get_Adc_Average)
    HC_501_Config                            0x0800173d   Thumb Code    96  hc_501.o(i.HC_501_Config)
    Led_Config                               0x080017a1   Thumb Code    50  led.o(i.Led_Config)
    Mq_Init                                  0x080017d9   Thumb Code    32  mq2.o(i.Mq_Init)
    Mq_read                                  0x080017fd   Thumb Code    22  mq2.o(i.Mq_read)
    Mqtt_Connect_Aliyun                      0x08001819   Thumb Code   198  mqtt.o(i.Mqtt_Connect_Aliyun)
    NVIC_Init                                0x08001ac9   Thumb Code   100  misc.o(i.NVIC_Init)
    NVIC_PriorityGroupConfig                 0x08001b39   Thumb Code    10  misc.o(i.NVIC_PriorityGroupConfig)
    RCC_ADCCLKConfig                         0x08001b4d   Thumb Code    18  stm32f10x_rcc.o(i.RCC_ADCCLKConfig)
    RCC_APB1PeriphClockCmd                   0x08001b65   Thumb Code    26  stm32f10x_rcc.o(i.RCC_APB1PeriphClockCmd)
    RCC_APB2PeriphClockCmd                   0x08001b85   Thumb Code    26  stm32f10x_rcc.o(i.RCC_APB2PeriphClockCmd)
    RCC_APB2PeriphResetCmd                   0x08001ba5   Thumb Code    26  stm32f10x_rcc.o(i.RCC_APB2PeriphResetCmd)
    RCC_GetClocksFreq                        0x08001bc5   Thumb Code   192  stm32f10x_rcc.o(i.RCC_GetClocksFreq)
    SysTick_CLKSourceConfig                  0x08001d81   Thumb Code    40  misc.o(i.SysTick_CLKSourceConfig)
    SystemInit                               0x08001da9   Thumb Code    78  system_stm32f10x.o(i.SystemInit)
    TIM2_IRQHandler                          0x08001e09   Thumb Code    44  main.o(i.TIM2_IRQHandler)
    TIM4_PWM_Init                            0x08001e3d   Thumb Code   134  servo.o(i.TIM4_PWM_Init)
    TIM_ARRPreloadConfig                     0x08001ecd   Thumb Code    24  stm32f10x_tim.o(i.TIM_ARRPreloadConfig)
    TIM_ClearFlag                            0x08001ee5   Thumb Code     6  stm32f10x_tim.o(i.TIM_ClearFlag)
    TIM_ClearITPendingBit                    0x08001eeb   Thumb Code     6  stm32f10x_tim.o(i.TIM_ClearITPendingBit)
    TIM_Cmd                                  0x08001ef1   Thumb Code    24  stm32f10x_tim.o(i.TIM_Cmd)
    TIM_GetITStatus                          0x08001f09   Thumb Code    34  stm32f10x_tim.o(i.TIM_GetITStatus)
    TIM_ITConfig                             0x08001f2b   Thumb Code    18  stm32f10x_tim.o(i.TIM_ITConfig)
    TIM_InternalClockConfig                  0x08001f3d   Thumb Code    12  stm32f10x_tim.o(i.TIM_InternalClockConfig)
    TIM_OC2Init                              0x08001f49   Thumb Code   154  stm32f10x_tim.o(i.TIM_OC2Init)
    TIM_OC2PreloadConfig                     0x08001fed   Thumb Code    26  stm32f10x_tim.o(i.TIM_OC2PreloadConfig)
    TIM_SetCompare2                          0x08002007   Thumb Code     4  stm32f10x_tim.o(i.TIM_SetCompare2)
    TIM_TimeBaseInit                         0x0800200d   Thumb Code   122  stm32f10x_tim.o(i.TIM_TimeBaseInit)
    Timer_Init                               0x080020b1   Thumb Code   126  time.o(i.Timer_Init)
    USART1_Config                            0x08002131   Thumb Code   158  uart.o(i.USART1_Config)
    USART1_IRQHandler                        0x080021d9   Thumb Code   118  uart.o(i.USART1_IRQHandler)
    USART2_IRQHandler                        0x0800226d   Thumb Code   118  uart.o(i.USART2_IRQHandler)
    USART3_Config                            0x08002301   Thumb Code   158  uart.o(i.USART3_Config)
    USART3_IRQHandler                        0x080023a9   Thumb Code    74  uart.o(i.USART3_IRQHandler)
    USART_ClearFlag                          0x08002409   Thumb Code    18  stm32f10x_usart.o(i.USART_ClearFlag)
    USART_ClearITPendingBit                  0x0800241b   Thumb Code    30  stm32f10x_usart.o(i.USART_ClearITPendingBit)
    USART_Cmd                                0x08002439   Thumb Code    24  stm32f10x_usart.o(i.USART_Cmd)
    USART_GetFlagStatus                      0x08002451   Thumb Code    26  stm32f10x_usart.o(i.USART_GetFlagStatus)
    USART_GetITStatus                        0x0800246b   Thumb Code    84  stm32f10x_usart.o(i.USART_GetITStatus)
    USART_ITConfig                           0x080024bf   Thumb Code    74  stm32f10x_usart.o(i.USART_ITConfig)
    USART_Init                               0x08002509   Thumb Code   210  stm32f10x_usart.o(i.USART_Init)
    USART_ReceiveData                        0x080025e1   Thumb Code    10  stm32f10x_usart.o(i.USART_ReceiveData)
    USART_SendData                           0x080025eb   Thumb Code     8  stm32f10x_usart.o(i.USART_SendData)
    Usart_SendByte                           0x080025f3   Thumb Code    30  uart.o(i.Usart_SendByte)
    Usart_SendBytes                          0x08002611   Thumb Code    58  uart.o(i.Usart_SendBytes)
    Usart_SendString                         0x0800264b   Thumb Code    50  uart.o(i.Usart_SendString)
    Water_Init                               0x0800267d   Thumb Code    32  water.o(i.Water_Init)
    Water_read                               0x080026a1   Thumb Code    22  water.o(i.Water_read)
    __0printf                                0x080026bd   Thumb Code    22  printfa.o(i.__0printf)
    __1printf                                0x080026bd   Thumb Code     0  printfa.o(i.__0printf)
    __2printf                                0x080026bd   Thumb Code     0  printfa.o(i.__0printf)
    __c89printf                              0x080026bd   Thumb Code     0  printfa.o(i.__0printf)
    printf                                   0x080026bd   Thumb Code     0  printfa.o(i.__0printf)
    __0sprintf                               0x080026dd   Thumb Code    34  printfa.o(i.__0sprintf)
    __1sprintf                               0x080026dd   Thumb Code     0  printfa.o(i.__0sprintf)
    __2sprintf                               0x080026dd   Thumb Code     0  printfa.o(i.__0sprintf)
    __c89sprintf                             0x080026dd   Thumb Code     0  printfa.o(i.__0sprintf)
    sprintf                                  0x080026dd   Thumb Code     0  printfa.o(i.__0sprintf)
    free                                     0x08002705   Thumb Code    88  mallocr.o(i.__free$realloc)
    malloc                                   0x08002761   Thumb Code    64  mallocr.o(i.__malloc$realloc)
    __scatterload_copy                       0x080027b1   Thumb Code    14  handlers.o(i.__scatterload_copy)
    __scatterload_null                       0x080027bf   Thumb Code     2  handlers.o(i.__scatterload_null)
    __scatterload_zeroinit                   0x080027c1   Thumb Code    14  handlers.o(i.__scatterload_zeroinit)
    _is_digit                                0x08002955   Thumb Code    14  scanf_fp.o(i._is_digit)
    cJSON_Delete                             0x080030bd   Thumb Code    84  cjson.o(i.cJSON_Delete)
    cJSON_GetErrorPtr                        0x08003115   Thumb Code    12  cjson.o(i.cJSON_GetErrorPtr)
    cJSON_GetObjectItem                      0x08003125   Thumb Code    18  cjson.o(i.cJSON_GetObjectItem)
    cJSON_Parse                              0x08003151   Thumb Code    16  cjson.o(i.cJSON_Parse)
    cJSON_ParseWithLengthOpts                0x08003161   Thumb Code   204  cjson.o(i.cJSON_ParseWithLengthOpts)
    cJSON_ParseWithOpts                      0x08003235   Thumb Code    40  cjson.o(i.cJSON_ParseWithOpts)
    delay_ms                                 0x080032a5   Thumb Code    72  delay.o(i.delay_ms)
    delay_us                                 0x080032f1   Thumb Code    72  delay.o(i.delay_us)
    esp8266_check                            0x0800333d   Thumb Code    30  esp8266.o(i.esp8266_check)
    esp8266_check_connection_status          0x08003369   Thumb Code    42  esp8266.o(i.esp8266_check_connection_status)
    esp8266_connect_ap                       0x080033b5   Thumb Code   128  esp8266.o(i.esp8266_connect_ap)
    esp8266_connect_server                   0x08003485   Thumb Code   130  esp8266.o(i.esp8266_connect_server)
    esp8266_enable_echo                      0x08003535   Thumb Code    42  esp8266.o(i.esp8266_enable_echo)
    esp8266_entry_transparent_transmission   0x08003575   Thumb Code    92  esp8266.o(i.esp8266_entry_transparent_transmission)
    esp8266_exit_transparent_transmission    0x080035f9   Thumb Code    24  esp8266.o(i.esp8266_exit_transparent_transmission)
    esp8266_find_str_in_rx_packet            0x08003619   Thumb Code    50  esp8266.o(i.esp8266_find_str_in_rx_packet)
    esp8266_reset                            0x08003651   Thumb Code    30  esp8266.o(i.esp8266_reset)
    esp8266_send_at                          0x08003681   Thumb Code    30  esp8266.o(i.esp8266_send_at)
    esp8266_send_bytes                       0x080036ad   Thumb Code    18  esp8266.o(i.esp8266_send_bytes)
    fputc                                    0x080036c5   Thumb Code    32  uart.o(i.fputc)
    main                                     0x08003791   Thumb Code   218  main.o(i.main)
    mqtt_cjson_parse                         0x08003905   Thumb Code   270  mqtt.o(i.mqtt_cjson_parse)
    mqtt_connect                             0x08003a89   Thumb Code   656  mqtt.o(i.mqtt_connect)
    mqtt_msg_handle                          0x08003df5   Thumb Code    68  mqtt.o(i.mqtt_msg_handle)
    mqtt_publish_data                        0x08003e4d   Thumb Code   266  mqtt.o(i.mqtt_publish_data)
    mqtt_report_devices_status               0x08003f61   Thumb Code   166  mqtt.o(i.mqtt_report_devices_status)
    mqtt_send_bytes                          0x08004051   Thumb Code    16  mqtt.o(i.mqtt_send_bytes)
    mqtt_send_heart                          0x08004061   Thumb Code   102  mqtt.o(i.mqtt_send_heart)
    mqtt_subscribe_topic                     0x08004119   Thumb Code   418  mqtt.o(i.mqtt_subscribe_topic)
    realloc                                  0x080049d1   Thumb Code   102  mallocr.o(i.realloc)
    strtod                                   0x08004a79   Thumb Code    28  strtod.o(i.strtod)
    __ctype_categories                       0x08004bc5   Data          64  ctype_c.o(.constdata)
    Region$$Table$$Base                      0x08004e30   Number         0  anon$$obj.o(Region$$Table)
    Region$$Table$$Limit                     0x08004e50   Number         0  anon$$obj.o(Region$$Table)
    count                                    0x20000000   Data           4  main.o(.data)
    count2                                   0x20000004   Data           4  main.o(.data)
    Rx1Counter                               0x20000008   Data           1  uart.o(.data)
    Rx1Data                                  0x20000009   Data           1  uart.o(.data)
    Rx2Counter                               0x2000000a   Data           1  uart.o(.data)
    Rx2Data                                  0x2000000b   Data           1  uart.o(.data)
    Rx3Counter                               0x2000000c   Data           4  uart.o(.data)
    Rx3Data                                  0x20000010   Data           1  uart.o(.data)
    Rx3End                                   0x20000011   Data           1  uart.o(.data)
    esp8266_transparent_transmission_sta     0x20000018   Data           4  esp8266.o(.data)
    mqtt_tx_len                              0x2000001c   Data           4  mqtt.o(.data)
    window                                   0x20000020   Data           1  mqtt.o(.data)
    GPIO_InitStructure                       0x20000038   Data           4  dht11.o(.data)
    SystemCoreClock                          0x20000050   Data           4  system_stm32f10x.o(.data)
    AHBPrescTable                            0x20000054   Data          16  system_stm32f10x.o(.data)
    __stdout                                 0x20000064   Data           4  stdout.o(.data)
    __microlib_freelist                      0x20000068   Data           4  mvars.o(.data)
    __microlib_freelist_initialised          0x2000006c   Data           4  mvars.o(.data)
    Rx1Buffer                                0x20000070   Data         256  uart.o(.bss)
    Rx2Buffer                                0x20000170   Data         256  uart.o(.bss)
    Tx3Buffer                                0x20000270   Data         512  uart.o(.bss)
    Rx3Buffer                                0x20000470   Data         512  uart.o(.bss)
    mqtt_post_msg                            0x20000670   Data         526  mqtt.o(.bss)
    __heap_base                              0x20000880   Data           0  startup_stm32f10x_md.o(HEAP)
    __heap_limit                             0x20003880   Data           0  startup_stm32f10x_md.o(HEAP)
    __initial_sp                             0x20003e80   Data           0  startup_stm32f10x_md.o(STACK)



==============================================================================

Memory Map of the image

  Image Entry point : 0x080000ed

  Load Region LR_IROM1 (Base: 0x08000000, Size: 0x00004ec0, Max: 0x00010000, ABSOLUTE)

    Execution Region ER_IROM1 (Exec base: 0x08000000, Load base: 0x08000000, Size: 0x00004e50, Max: 0x00010000, ABSOLUTE)

    Exec Addr    Load Addr    Size         Type   Attr      Idx    E Section Name        Object

    0x08000000   0x08000000   0x000000ec   Data   RO         3262    RESET               startup_stm32f10x_md.o
    0x080000ec   0x080000ec   0x00000000   Code   RO         3317  * .ARM.Collect$$$$00000000  mc_w.l(entry.o)
    0x080000ec   0x080000ec   0x00000004   Code   RO         3647    .ARM.Collect$$$$00000001  mc_w.l(entry2.o)
    0x080000f0   0x080000f0   0x00000004   Code   RO         3650    .ARM.Collect$$$$00000004  mc_w.l(entry5.o)
    0x080000f4   0x080000f4   0x00000000   Code   RO         3652    .ARM.Collect$$$$00000008  mc_w.l(entry7b.o)
    0x080000f4   0x080000f4   0x00000000   Code   RO         3654    .ARM.Collect$$$$0000000A  mc_w.l(entry8b.o)
    0x080000f4   0x080000f4   0x00000008   Code   RO         3655    .ARM.Collect$$$$0000000B  mc_w.l(entry9a.o)
    0x080000fc   0x080000fc   0x00000004   Code   RO         3662    .ARM.Collect$$$$0000000E  mc_w.l(entry12b.o)
    0x08000100   0x08000100   0x00000000   Code   RO         3657    .ARM.Collect$$$$0000000F  mc_w.l(entry10a.o)
    0x08000100   0x08000100   0x00000000   Code   RO         3659    .ARM.Collect$$$$00000011  mc_w.l(entry11a.o)
    0x08000100   0x08000100   0x00000004   Code   RO         3648    .ARM.Collect$$$$00002712  mc_w.l(entry2.o)
    0x08000104   0x08000104   0x00000024   Code   RO         3263    .text               startup_stm32f10x_md.o
    0x08000128   0x08000128   0x0000000c   Code   RO         3320    .text               mc_w.l(tolower.o)
    0x08000134   0x08000134   0x00000024   Code   RO         3322    .text               mc_w.l(memcpya.o)
    0x08000158   0x08000158   0x00000024   Code   RO         3324    .text               mc_w.l(memseta.o)
    0x0800017c   0x0800017c   0x00000024   Code   RO         3326    .text               mc_w.l(strstr.o)
    0x080001a0   0x080001a0   0x0000000e   Code   RO         3328    .text               mc_w.l(strlen.o)
    0x080001ae   0x080001ae   0x0000001c   Code   RO         3330    .text               mc_w.l(strcmp.o)
    0x080001ca   0x080001ca   0x0000001e   Code   RO         3334    .text               mc_w.l(strncmp.o)
    0x080001e8   0x080001e8   0x00000360   Code   RO         3629    .text               mc_w.l(scanf_fp.o)
    0x08000548   0x08000548   0x0000014e   Code   RO         3633    .text               mf_w.l(dadd.o)
    0x08000696   0x08000696   0x000000e4   Code   RO         3635    .text               mf_w.l(dmul.o)
    0x0800077a   0x0800077a   0x0000003e   Code   RO         3639    .text               mf_w.l(dfixi.o)
    0x080007b8   0x080007b8   0x00000030   Code   RO         3643    .text               mf_w.l(cdcmple.o)
    0x080007e8   0x080007e8   0x00000030   Code   RO         3645    .text               mf_w.l(cdrcmple.o)
    0x08000818   0x08000818   0x0000002c   Code   RO         3664    .text               mc_w.l(uidiv.o)
    0x08000844   0x08000844   0x00000062   Code   RO         3666    .text               mc_w.l(uldiv.o)
    0x080008a6   0x080008a6   0x0000001e   Code   RO         3668    .text               mc_w.l(llshl.o)
    0x080008c4   0x080008c4   0x00000020   Code   RO         3670    .text               mc_w.l(llushr.o)
    0x080008e4   0x080008e4   0x00000024   Code   RO         3672    .text               mc_w.l(llsshr.o)
    0x08000908   0x08000908   0x00000040   Code   RO         3678    .text               mc_w.l(_sgetc.o)
    0x08000948   0x08000948   0x0000009c   Code   RO         3680    .text               mc_w.l(strtod.o)
    0x080009e4   0x080009e4   0x00000000   Code   RO         3682    .text               mc_w.l(iusefp.o)
    0x080009e4   0x080009e4   0x000000ba   Code   RO         3683    .text               mf_w.l(depilogue.o)
    0x08000a9e   0x08000a9e   0x000000de   Code   RO         3685    .text               mf_w.l(ddiv.o)
    0x08000b7c   0x08000b7c   0x00000018   Code   RO         3687    .text               mf_w.l(dfltul.o)
    0x08000b94   0x08000b94   0x00000030   Code   RO         3689    .text               mf_w.l(dfixul.o)
    0x08000bc4   0x08000bc4   0x00000038   Code   RO         3691    .text               mf_w.l(d2f.o)
    0x08000bfc   0x08000bfc   0x00000024   Code   RO         3693    .text               mc_w.l(init.o)
    0x08000c20   0x08000c20   0x0000000a   Code   RO         3695    .text               mc_w.l(isspace_c.o)
    0x08000c2a   0x08000c2a   0x0000006e   Code   RO         3699    .text               mf_w.l(fepilogue.o)
    0x08000c98   0x08000c98   0x00000028   Code   RO         3701    .text               mc_w.l(ctype_c.o)
    0x08000cc0   0x08000cc0   0x00000034   Code   RO         1258    i.AD2_GetValue      adc.o
    0x08000cf4   0x08000cf4   0x00000016   Code   RO         1561    i.ADC_Cmd           stm32f10x_adc.o
    0x08000d0a   0x08000d0a   0x00000002   PAD
    0x08000d0c   0x08000d0c   0x0000005c   Code   RO         1563    i.ADC_DeInit        stm32f10x_adc.o
    0x08000d68   0x08000d68   0x00000014   Code   RO         1569    i.ADC_GetCalibrationStatus  stm32f10x_adc.o
    0x08000d7c   0x08000d7c   0x00000008   Code   RO         1570    i.ADC_GetConversionValue  stm32f10x_adc.o
    0x08000d84   0x08000d84   0x00000012   Code   RO         1572    i.ADC_GetFlagStatus  stm32f10x_adc.o
    0x08000d96   0x08000d96   0x00000014   Code   RO         1575    i.ADC_GetResetCalibrationStatus  stm32f10x_adc.o
    0x08000daa   0x08000daa   0x00000002   PAD
    0x08000dac   0x08000dac   0x00000050   Code   RO         1579    i.ADC_Init          stm32f10x_adc.o
    0x08000dfc   0x08000dfc   0x000000b8   Code   RO         1583    i.ADC_RegularChannelConfig  stm32f10x_adc.o
    0x08000eb4   0x08000eb4   0x0000000a   Code   RO         1584    i.ADC_ResetCalibration  stm32f10x_adc.o
    0x08000ebe   0x08000ebe   0x00000016   Code   RO         1586    i.ADC_SoftwareStartConvCmd  stm32f10x_adc.o
    0x08000ed4   0x08000ed4   0x0000000a   Code   RO         1588    i.ADC_StartCalibration  stm32f10x_adc.o
    0x08000ede   0x08000ede   0x00000002   PAD
    0x08000ee0   0x08000ee0   0x00000034   Code   RO         1259    i.AD_GetValue       adc.o
    0x08000f14   0x08000f14   0x00000094   Code   RO         1260    i.Adc2_Init         adc.o
    0x08000fa8   0x08000fa8   0x00000094   Code   RO         1261    i.Adc_Init          adc.o
    0x0800103c   0x0800103c   0x00000058   Code   RO         1312    i.DHT11_Check       dht11.o
    0x08001094   0x08001094   0x00000030   Code   RO         1313    i.DHT11_Init        dht11.o
    0x080010c4   0x080010c4   0x00000058   Code   RO         1314    i.DHT11_Read_Bit    dht11.o
    0x0800111c   0x0800111c   0x0000001e   Code   RO         1315    i.DHT11_Read_Byte   dht11.o
    0x0800113a   0x0800113a   0x0000005a   Code   RO         1316    i.DHT11_Read_Data   dht11.o
    0x08001194   0x08001194   0x00000030   Code   RO         1317    i.DHT11_Rst         dht11.o
    0x080011c4   0x080011c4   0x00000044   Code   RO          277    i.Delay_Init        delay.o
    0x08001208   0x08001208   0x0000002c   Code   RO            4    i.EXTI4_IRQHandler  main.o
    0x08001234   0x08001234   0x0000000c   Code   RO         1880    i.EXTI_ClearITPendingBit  stm32f10x_exti.o
    0x08001240   0x08001240   0x00000028   Code   RO         1884    i.EXTI_GetITStatus  stm32f10x_exti.o
    0x08001268   0x08001268   0x00000094   Code   RO         1885    i.EXTI_Init         stm32f10x_exti.o
    0x080012fc   0x080012fc   0x00000230   Code   RO          315    i.Esp8266_Init      esp8266.o
    0x0800152c   0x0800152c   0x00000040   Code   RO         1948    i.GPIO_EXTILineConfig  stm32f10x_gpio.o
    0x0800156c   0x0800156c   0x00000116   Code   RO         1951    i.GPIO_Init         stm32f10x_gpio.o
    0x08001682   0x08001682   0x00000012   Code   RO         1955    i.GPIO_ReadInputDataBit  stm32f10x_gpio.o
    0x08001694   0x08001694   0x00000012   Code   RO         1957    i.GPIO_ReadOutputDataBit  stm32f10x_gpio.o
    0x080016a6   0x080016a6   0x00000004   Code   RO         1958    i.GPIO_ResetBits    stm32f10x_gpio.o
    0x080016aa   0x080016aa   0x00000002   PAD
    0x080016ac   0x080016ac   0x00000018   Code   RO         1318    i.GPIO_SETIN        dht11.o
    0x080016c4   0x080016c4   0x00000018   Code   RO         1319    i.GPIO_SETOUT       dht11.o
    0x080016dc   0x080016dc   0x00000004   Code   RO         1959    i.GPIO_SetBits      stm32f10x_gpio.o
    0x080016e0   0x080016e0   0x0000002e   Code   RO         1262    i.Get_Adc2_Average  adc.o
    0x0800170e   0x0800170e   0x0000002e   Code   RO         1263    i.Get_Adc_Average   adc.o
    0x0800173c   0x0800173c   0x00000064   Code   RO         1483    i.HC_501_Config     hc_501.o
    0x080017a0   0x080017a0   0x00000038   Code   RO         1459    i.Led_Config        led.o
    0x080017d8   0x080017d8   0x00000024   Code   RO         1405    i.Mq_Init           mq2.o
    0x080017fc   0x080017fc   0x0000001c   Code   RO         1406    i.Mq_read           mq2.o
    0x08001818   0x08001818   0x000002b0   Code   RO          471    i.Mqtt_Connect_Aliyun  mqtt.o
    0x08001ac8   0x08001ac8   0x00000070   Code   RO         1507    i.NVIC_Init         misc.o
    0x08001b38   0x08001b38   0x00000014   Code   RO         1508    i.NVIC_PriorityGroupConfig  misc.o
    0x08001b4c   0x08001b4c   0x00000018   Code   RO         2197    i.RCC_ADCCLKConfig  stm32f10x_rcc.o
    0x08001b64   0x08001b64   0x00000020   Code   RO         2199    i.RCC_APB1PeriphClockCmd  stm32f10x_rcc.o
    0x08001b84   0x08001b84   0x00000020   Code   RO         2201    i.RCC_APB2PeriphClockCmd  stm32f10x_rcc.o
    0x08001ba4   0x08001ba4   0x00000020   Code   RO         2202    i.RCC_APB2PeriphResetCmd  stm32f10x_rcc.o
    0x08001bc4   0x08001bc4   0x000000d4   Code   RO         2209    i.RCC_GetClocksFreq  stm32f10x_rcc.o
    0x08001c98   0x08001c98   0x00000008   Code   RO         3270    i.SetSysClock       system_stm32f10x.o
    0x08001ca0   0x08001ca0   0x000000e0   Code   RO         3271    i.SetSysClockTo72   system_stm32f10x.o
    0x08001d80   0x08001d80   0x00000028   Code   RO         1511    i.SysTick_CLKSourceConfig  misc.o
    0x08001da8   0x08001da8   0x00000060   Code   RO         3273    i.SystemInit        system_stm32f10x.o
    0x08001e08   0x08001e08   0x00000034   Code   RO            5    i.TIM2_IRQHandler   main.o
    0x08001e3c   0x08001e3c   0x00000090   Code   RO         1234    i.TIM4_PWM_Init     servo.o
    0x08001ecc   0x08001ecc   0x00000018   Code   RO         2515    i.TIM_ARRPreloadConfig  stm32f10x_tim.o
    0x08001ee4   0x08001ee4   0x00000006   Code   RO         2521    i.TIM_ClearFlag     stm32f10x_tim.o
    0x08001eea   0x08001eea   0x00000006   Code   RO         2522    i.TIM_ClearITPendingBit  stm32f10x_tim.o
    0x08001ef0   0x08001ef0   0x00000018   Code   RO         2527    i.TIM_Cmd           stm32f10x_tim.o
    0x08001f08   0x08001f08   0x00000022   Code   RO         2548    i.TIM_GetITStatus   stm32f10x_tim.o
    0x08001f2a   0x08001f2a   0x00000012   Code   RO         2552    i.TIM_ITConfig      stm32f10x_tim.o
    0x08001f3c   0x08001f3c   0x0000000c   Code   RO         2554    i.TIM_InternalClockConfig  stm32f10x_tim.o
    0x08001f48   0x08001f48   0x000000a4   Code   RO         2561    i.TIM_OC2Init       stm32f10x_tim.o
    0x08001fec   0x08001fec   0x0000001a   Code   RO         2564    i.TIM_OC2PreloadConfig  stm32f10x_tim.o
    0x08002006   0x08002006   0x00000004   Code   RO         2589    i.TIM_SetCompare2   stm32f10x_tim.o
    0x0800200a   0x0800200a   0x00000002   PAD
    0x0800200c   0x0800200c   0x000000a4   Code   RO         2598    i.TIM_TimeBaseInit  stm32f10x_tim.o
    0x080020b0   0x080020b0   0x0000007e   Code   RO         1435    i.Timer_Init        time.o
    0x0800212e   0x0800212e   0x00000002   PAD
    0x08002130   0x08002130   0x000000a8   Code   RO          174    i.USART1_Config     uart.o
    0x080021d8   0x080021d8   0x00000094   Code   RO          175    i.USART1_IRQHandler  uart.o
    0x0800226c   0x0800226c   0x00000094   Code   RO          177    i.USART2_IRQHandler  uart.o
    0x08002300   0x08002300   0x000000a8   Code   RO          178    i.USART3_Config     uart.o
    0x080023a8   0x080023a8   0x00000060   Code   RO          179    i.USART3_IRQHandler  uart.o
    0x08002408   0x08002408   0x00000012   Code   RO         3071    i.USART_ClearFlag   stm32f10x_usart.o
    0x0800241a   0x0800241a   0x0000001e   Code   RO         3072    i.USART_ClearITPendingBit  stm32f10x_usart.o
    0x08002438   0x08002438   0x00000018   Code   RO         3075    i.USART_Cmd         stm32f10x_usart.o
    0x08002450   0x08002450   0x0000001a   Code   RO         3078    i.USART_GetFlagStatus  stm32f10x_usart.o
    0x0800246a   0x0800246a   0x00000054   Code   RO         3079    i.USART_GetITStatus  stm32f10x_usart.o
    0x080024be   0x080024be   0x0000004a   Code   RO         3081    i.USART_ITConfig    stm32f10x_usart.o
    0x08002508   0x08002508   0x000000d8   Code   RO         3082    i.USART_Init        stm32f10x_usart.o
    0x080025e0   0x080025e0   0x0000000a   Code   RO         3089    i.USART_ReceiveData  stm32f10x_usart.o
    0x080025ea   0x080025ea   0x00000008   Code   RO         3092    i.USART_SendData    stm32f10x_usart.o
    0x080025f2   0x080025f2   0x0000001e   Code   RO          181    i.Usart_SendByte    uart.o
    0x08002610   0x08002610   0x0000003a   Code   RO          182    i.Usart_SendBytes   uart.o
    0x0800264a   0x0800264a   0x00000032   Code   RO          184    i.Usart_SendString  uart.o
    0x0800267c   0x0800267c   0x00000024   Code   RO         1375    i.Water_Init        water.o
    0x080026a0   0x080026a0   0x0000001c   Code   RO         1376    i.Water_read        water.o
    0x080026bc   0x080026bc   0x00000020   Code   RO         3571    i.__0printf         mc_w.l(printfa.o)
    0x080026dc   0x080026dc   0x00000028   Code   RO         3573    i.__0sprintf        mc_w.l(printfa.o)
    0x08002704   0x08002704   0x0000005c   Code   RO         3603    i.__free$realloc    mc_w.l(mallocr.o)
    0x08002760   0x08002760   0x00000050   Code   RO         3604    i.__malloc$realloc  mc_w.l(mallocr.o)
    0x080027b0   0x080027b0   0x0000000e   Code   RO         3706    i.__scatterload_copy  mc_w.l(handlers.o)
    0x080027be   0x080027be   0x00000002   Code   RO         3707    i.__scatterload_null  mc_w.l(handlers.o)
    0x080027c0   0x080027c0   0x0000000e   Code   RO         3708    i.__scatterload_zeroinit  mc_w.l(handlers.o)
    0x080027ce   0x080027ce   0x00000002   PAD
    0x080027d0   0x080027d0   0x00000184   Code   RO         3578    i._fp_digits        mc_w.l(printfa.o)
    0x08002954   0x08002954   0x0000000e   Code   RO         3631    i._is_digit         mc_w.l(scanf_fp.o)
    0x08002962   0x08002962   0x00000002   PAD
    0x08002964   0x08002964   0x000006b4   Code   RO         3579    i._printf_core      mc_w.l(printfa.o)
    0x08003018   0x08003018   0x00000024   Code   RO         3580    i._printf_post_padding  mc_w.l(printfa.o)
    0x0800303c   0x0800303c   0x0000002e   Code   RO         3581    i._printf_pre_padding  mc_w.l(printfa.o)
    0x0800306a   0x0800306a   0x0000000a   Code   RO         3583    i._sputc            mc_w.l(printfa.o)
    0x08003074   0x08003074   0x00000048   Code   RO          557    i.buffer_skip_whitespace  cjson.o
    0x080030bc   0x080030bc   0x00000058   Code   RO          589    i.cJSON_Delete      cjson.o
    0x08003114   0x08003114   0x00000010   Code   RO          600    i.cJSON_GetErrorPtr  cjson.o
    0x08003124   0x08003124   0x00000012   Code   RO          602    i.cJSON_GetObjectItem  cjson.o
    0x08003136   0x08003136   0x0000001a   Code   RO          619    i.cJSON_New_Item    cjson.o
    0x08003150   0x08003150   0x00000010   Code   RO          620    i.cJSON_Parse       cjson.o
    0x08003160   0x08003160   0x000000d4   Code   RO          622    i.cJSON_ParseWithLengthOpts  cjson.o
    0x08003234   0x08003234   0x00000028   Code   RO          623    i.cJSON_ParseWithOpts  cjson.o
    0x0800325c   0x0800325c   0x00000048   Code   RO          638    i.case_insensitive_strcmp  cjson.o
    0x080032a4   0x080032a4   0x0000004c   Code   RO          278    i.delay_ms          delay.o
    0x080032f0   0x080032f0   0x0000004c   Code   RO          279    i.delay_us          delay.o
    0x0800333c   0x0800333c   0x0000002c   Code   RO          319    i.esp8266_check     esp8266.o
    0x08003368   0x08003368   0x0000004c   Code   RO          320    i.esp8266_check_connection_status  esp8266.o
    0x080033b4   0x080033b4   0x000000d0   Code   RO          322    i.esp8266_connect_ap  esp8266.o
    0x08003484   0x08003484   0x000000b0   Code   RO          323    i.esp8266_connect_server  esp8266.o
    0x08003534   0x08003534   0x00000040   Code   RO          326    i.esp8266_enable_echo  esp8266.o
    0x08003574   0x08003574   0x00000084   Code   RO          328    i.esp8266_entry_transparent_transmission  esp8266.o
    0x080035f8   0x080035f8   0x00000020   Code   RO          329    i.esp8266_exit_transparent_transmission  esp8266.o
    0x08003618   0x08003618   0x00000038   Code   RO          330    i.esp8266_find_str_in_rx_packet  esp8266.o
    0x08003650   0x08003650   0x00000030   Code   RO          332    i.esp8266_reset     esp8266.o
    0x08003680   0x08003680   0x0000002c   Code   RO          333    i.esp8266_send_at   esp8266.o
    0x080036ac   0x080036ac   0x00000018   Code   RO          334    i.esp8266_send_bytes  esp8266.o
    0x080036c4   0x080036c4   0x00000024   Code   RO          186    i.fputc             uart.o
    0x080036e8   0x080036e8   0x00000004   Code   RO          644    i.get_decimal_point  cjson.o
    0x080036ec   0x080036ec   0x00000052   Code   RO          645    i.get_object_item   cjson.o
    0x0800373e   0x0800373e   0x00000002   PAD
    0x08003740   0x08003740   0x00000050   Code   RO         3605    i.internal_alloc    mc_w.l(mallocr.o)
    0x08003790   0x08003790   0x00000174   Code   RO            6    i.main              main.o
    0x08003904   0x08003904   0x00000184   Code   RO          472    i.mqtt_cjson_parse  mqtt.o
    0x08003a88   0x08003a88   0x0000036c   Code   RO          473    i.mqtt_connect      mqtt.o
    0x08003df4   0x08003df4   0x00000058   Code   RO          475    i.mqtt_msg_handle   mqtt.o
    0x08003e4c   0x08003e4c   0x00000114   Code   RO          476    i.mqtt_publish_data  mqtt.o
    0x08003f60   0x08003f60   0x000000f0   Code   RO          477    i.mqtt_report_devices_status  mqtt.o
    0x08004050   0x08004050   0x00000010   Code   RO          478    i.mqtt_send_bytes   mqtt.o
    0x08004060   0x08004060   0x000000b8   Code   RO          479    i.mqtt_send_heart   mqtt.o
    0x08004118   0x08004118   0x00000224   Code   RO          480    i.mqtt_subscribe_topic  mqtt.o
    0x0800433c   0x0800433c   0x000000f8   Code   RO          647    i.parse_array       cjson.o
    0x08004434   0x08004434   0x0000005a   Code   RO          648    i.parse_hex4        cjson.o
    0x0800448e   0x0800448e   0x00000002   PAD
    0x08004490   0x08004490   0x00000138   Code   RO          649    i.parse_number      cjson.o
    0x080045c8   0x080045c8   0x0000013e   Code   RO          650    i.parse_object      cjson.o
    0x08004706   0x08004706   0x0000018c   Code   RO          651    i.parse_string      cjson.o
    0x08004892   0x08004892   0x00000002   PAD
    0x08004894   0x08004894   0x0000013c   Code   RO          652    i.parse_value       cjson.o
    0x080049d0   0x080049d0   0x0000006c   Code   RO         3606    i.realloc           mc_w.l(mallocr.o)
    0x08004a3c   0x08004a3c   0x0000003c   Code   RO          663    i.skip_utf8_bom     cjson.o
    0x08004a78   0x08004a78   0x0000001c   Code   RO         3314    i.strtod            m_ws.l(strtod.o)
    0x08004a94   0x08004a94   0x0000012c   Code   RO          666    i.utf16_literal_to_utf8  cjson.o
    0x08004bc0   0x08004bc0   0x00000005   Data   RO            7    .constdata          main.o
    0x08004bc5   0x08004bc5   0x00000040   Data   RO         3702    .constdata          mc_w.l(ctype_c.o)
    0x08004c05   0x08004c05   0x00000003   PAD
    0x08004c08   0x08004c08   0x00000226   Data   RO          483    .conststring        mqtt.o
    0x08004e2e   0x08004e2e   0x00000002   PAD
    0x08004e30   0x08004e30   0x00000020   Data   RO         3704    Region$$Table       anon$$obj.o


    Execution Region RW_IRAM1 (Exec base: 0x20000000, Load base: 0x08004e50, Size: 0x00003e80, Max: 0x00005000, ABSOLUTE)

    Exec Addr    Load Addr    Size         Type   Attr      Idx    E Section Name        Object

    0x20000000   0x08004e50   0x00000008   Data   RW            8    .data               main.o
    0x20000008   0x08004e58   0x0000000a   Data   RW          188    .data               uart.o
    0x20000012   0x08004e62   0x00000004   Data   RW          280    .data               delay.o
    0x20000016   0x08004e66   0x00000002   PAD
    0x20000018   0x08004e68   0x00000004   Data   RW          337    .data               esp8266.o
    0x2000001c   0x08004e6c   0x00000005   Data   RW          484    .data               mqtt.o
    0x20000021   0x08004e71   0x00000003   PAD
    0x20000024   0x08004e74   0x00000014   Data   RW          668    .data               cjson.o
    0x20000038   0x08004e88   0x00000004   Data   RW         1320    .data               dht11.o
    0x2000003c   0x08004e8c   0x00000014   Data   RW         2229    .data               stm32f10x_rcc.o
    0x20000050   0x08004ea0   0x00000014   Data   RW         3274    .data               system_stm32f10x.o
    0x20000064   0x08004eb4   0x00000004   Data   RW         3663    .data               mc_w.l(stdout.o)
    0x20000068   0x08004eb8   0x00000004   Data   RW         3674    .data               mc_w.l(mvars.o)
    0x2000006c   0x08004ebc   0x00000004   Data   RW         3675    .data               mc_w.l(mvars.o)
    0x20000070        -       0x00000600   Zero   RW          187    .bss                uart.o
    0x20000670        -       0x0000020e   Zero   RW          481    .bss                mqtt.o
    0x2000087e   0x08004ec0   0x00000002   PAD
    0x20000880        -       0x00003000   Zero   RW         3261    HEAP                startup_stm32f10x_md.o
    0x20003880        -       0x00000600   Zero   RW         3260    STACK               startup_stm32f10x_md.o


==============================================================================

Image component sizes


      Code (inc. data)   RO Data    RW Data    ZI Data      Debug   Object Name

       492         32          0          0          0       3073   adc.o
      2686         70          0         20          0      16181   cjson.o
       220         26          0          4          0       1395   delay.o
       440         40          0          4          0       3940   dht11.o
      1464        634          0          4          0       6876   esp8266.o
       100          4          0          0          0        512   hc_501.o
        56          6          0          0          0        405   led.o
       468        172          5          8          0     268671   main.o
       172         22          0          0          0       2121   misc.o
        64         10          0          0          0        812   mq2.o
      3304       1150        550          5        526       7038   mqtt.o
       144         10          0          0          0        568   servo.o
        36          8        236          0      13824        776   startup_stm32f10x_md.o
       486         24          0          0          0       8734   stm32f10x_adc.o
       200         18          0          0          0       2180   stm32f10x_exti.o
       386          4          0          0          0       4995   stm32f10x_gpio.o
       332         44          0         20          0       5606   stm32f10x_rcc.o
       482         52          0          0          0       7146   stm32f10x_tim.o
       490          6          0          0          0       7489   stm32f10x_usart.o
       328         28          0         20          0       2089   system_stm32f10x.o
       126          0          0          0          0        485   time.o
       902        106          0         10       1536       5428   uart.o
        64         10          0          0          0        826   water.o

    ----------------------------------------------------------------------
     13460       2476        825        100      15888     357346   Object Totals
         0          0         32          0          0          0   (incl. Generated)
        18          0          2          5          2          0   (incl. Padding)

    ----------------------------------------------------------------------

      Code (inc. data)   RO Data    RW Data    ZI Data      Debug   Library Member Name

        28          0          0          0          0         80   strtod.o
        64          0          0          0          0         84   _sgetc.o
        40          6         64          0          0         68   ctype_c.o
         0          0          0          0          0          0   entry.o
         0          0          0          0          0          0   entry10a.o
         0          0          0          0          0          0   entry11a.o
         4          0          0          0          0          0   entry12b.o
         8          4          0          0          0          0   entry2.o
         4          0          0          0          0          0   entry5.o
         0          0          0          0          0          0   entry7b.o
         0          0          0          0          0          0   entry8b.o
         8          4          0          0          0          0   entry9a.o
        30          0          0          0          0          0   handlers.o
        36          8          0          0          0         68   init.o
        10          0          0          0          0         68   isspace_c.o
         0          0          0          0          0          0   iusefp.o
        30          0          0          0          0         68   llshl.o
        36          0          0          0          0         68   llsshr.o
        32          0          0          0          0         68   llushr.o
       360         30          0          0          0        356   mallocr.o
        36          0          0          0          0         68   memcpya.o
        36          0          0          0          0        108   memseta.o
         0          0          0          8          0          0   mvars.o
      2268         96          0          0          0        616   printfa.o
       878         12          0          0          0        216   scanf_fp.o
         0          0          0          4          0          0   stdout.o
        28          0          0          0          0         76   strcmp.o
        14          0          0          0          0         68   strlen.o
        30          0          0          0          0         80   strncmp.o
        36          0          0          0          0         80   strstr.o
       156         12          0          0          0        120   strtod.o
        12          0          0          0          0         68   tolower.o
        44          0          0          0          0         80   uidiv.o
        98          0          0          0          0         92   uldiv.o
        48          0          0          0          0         68   cdcmple.o
        48          0          0          0          0         68   cdrcmple.o
        56          0          0          0          0         88   d2f.o
       334          0          0          0          0        148   dadd.o
       222          0          0          0          0        100   ddiv.o
       186          0          0          0          0        176   depilogue.o
        62          0          0          0          0         80   dfixi.o
        48          0          0          0          0         68   dfixul.o
        24          0          0          0          0         76   dfltul.o
       228          0          0          0          0         96   dmul.o
       110          0          0          0          0        168   fepilogue.o

    ----------------------------------------------------------------------
      5696        172         67         12          0       3736   Library Totals
         4          0          3          0          0          0   (incl. Padding)

    ----------------------------------------------------------------------

      Code (inc. data)   RO Data    RW Data    ZI Data      Debug   Library Name

        28          0          0          0          0         80   m_ws.l
      4298        172         64         12          0       2520   mc_w.l
      1366          0          0          0          0       1136   mf_w.l

    ----------------------------------------------------------------------
      5696        172         67         12          0       3736   Library Totals

    ----------------------------------------------------------------------

==============================================================================


      Code (inc. data)   RO Data    RW Data    ZI Data      Debug   

     19156       2648        892        112      15888     352654   Grand Totals
     19156       2648        892        112      15888     352654   ELF Image Totals
     19156       2648        892        112          0          0   ROM Totals

==============================================================================

    Total RO  Size (Code + RO Data)                20048 (  19.58kB)
    Total RW  Size (RW Data + ZI Data)             16000 (  15.63kB)
    Total ROM Size (Code + RO Data + RW Data)      20160 (  19.69kB)

==============================================================================

