Component: ARM Compiler 5.06 update 7 (build 960) Tool: armlink [4d3601]

==============================================================================

Section Cross References

    main.o(i.main) refers to system_stm32f10x.o(i.SystemInit) for SystemInit
    main.o(i.main) refers to delay.o(i.Delay_Init) for Delay_Init
    main.o(i.main) refers to misc.o(i.NVIC_PriorityGroupConfig) for NVIC_PriorityGroupConfig
    main.o(i.main) refers to led.o(i.LED_PWM_Init) for LED_PWM_Init
    main.o(i.main) refers to key.o(i.KEY1_Init) for KEY1_Init
    main.o(i.main) refers to key.o(i.KEY2_Init) for KEY2_Init
    main.o(i.main) refers to key.o(i.KEY3_Init) for KEY3_Init
    main.o(i.main) refers to adc.o(i.Adc2_Init) for Adc2_Init
    main.o(i.main) refers to adc.o(i.Adc_Init) for Adc_Init
    main.o(i.main) refers to hc_501.o(i.HC_501_Config) for HC_501_Config
    main.o(i.main) refers to uart.o(i.USART1_Config) for USART1_Config
    main.o(i.main) refers to uart.o(i.USART3_Config) for USART3_Config
    main.o(i.main) refers to esp8266.o(i.Esp8266_Init) for Esp8266_Init
    main.o(i.main) refers to nettime.o(i.Get_Network_Time) for Get_Network_Time
    main.o(i.main) refers to rtc.o(i.RTC_Config) for RTC_Config
    main.o(i.main) refers to mqtt.o(i.Mqtt_Connect_Aliyun) for Mqtt_Connect_Aliyun
    main.o(i.main) refers to printfa.o(i.__0printf) for __2printf
    main.o(i.main) refers to stm32f10x_gpio.o(i.GPIO_ResetBits) for GPIO_ResetBits
    main.o(i.main) refers to led.o(i.LED_Auto) for LED_Auto
    main.o(i.main) refers to key.o(i.KEY_Led) for KEY_Led
    main.o(i.main) refers to mqtt.o(i.mqtt_msg_handle) for mqtt_msg_handle
    main.o(i.main) refers to mqtt.o(i.mqtt_report_devices_status) for mqtt_report_devices_status
    main.o(i.main) refers to mqtt.o(i.mqtt_send_heart) for mqtt_send_heart
    main.o(i.main) refers to hc_501.o(i.HC_501_Check) for HC_501_Check
    main.o(i.main) refers to key.o(.data) for flag
    main.o(i.main) refers to rtc.o(.bss) for calendar
    main.o(i.main) refers to main.o(.constdata) for __FUNCTION__
    led.o(i.LED_Auto) refers to stm32f10x_gpio.o(i.GPIO_ReadInputDataBit) for GPIO_ReadInputDataBit
    led.o(i.LED_Auto) refers to adc.o(i.Get_Adc2_Average) for Get_Adc2_Average
    led.o(i.LED_Auto) refers to stm32f10x_tim.o(i.TIM_SetCompare2) for TIM_SetCompare2
    led.o(i.LED_Auto) refers to stm32f10x_tim.o(i.TIM_SetCompare3) for TIM_SetCompare3
    led.o(i.LED_Auto) refers to stm32f10x_tim.o(i.TIM_SetCompare4) for TIM_SetCompare4
    led.o(i.LED_Auto) refers to key.o(.data) for light1
    led.o(i.LED_PWM_Init) refers to stm32f10x_rcc.o(i.RCC_APB1PeriphClockCmd) for RCC_APB1PeriphClockCmd
    led.o(i.LED_PWM_Init) refers to stm32f10x_rcc.o(i.RCC_APB2PeriphClockCmd) for RCC_APB2PeriphClockCmd
    led.o(i.LED_PWM_Init) refers to stm32f10x_gpio.o(i.GPIO_Init) for GPIO_Init
    led.o(i.LED_PWM_Init) refers to stm32f10x_tim.o(i.TIM_TimeBaseInit) for TIM_TimeBaseInit
    led.o(i.LED_PWM_Init) refers to stm32f10x_tim.o(i.TIM_OC2Init) for TIM_OC2Init
    led.o(i.LED_PWM_Init) refers to stm32f10x_tim.o(i.TIM_OC3Init) for TIM_OC3Init
    led.o(i.LED_PWM_Init) refers to stm32f10x_tim.o(i.TIM_OC4Init) for TIM_OC4Init
    led.o(i.LED_PWM_Init) refers to stm32f10x_tim.o(i.TIM_OC2PreloadConfig) for TIM_OC2PreloadConfig
    led.o(i.LED_PWM_Init) refers to stm32f10x_tim.o(i.TIM_OC3PreloadConfig) for TIM_OC3PreloadConfig
    led.o(i.LED_PWM_Init) refers to stm32f10x_tim.o(i.TIM_OC4PreloadConfig) for TIM_OC4PreloadConfig
    led.o(i.LED_PWM_Init) refers to stm32f10x_tim.o(i.TIM_ARRPreloadConfig) for TIM_ARRPreloadConfig
    led.o(i.LED_PWM_Init) refers to stm32f10x_tim.o(i.TIM_Cmd) for TIM_Cmd
    uart.o(i.USART1_Config) refers to stm32f10x_rcc.o(i.RCC_APB2PeriphClockCmd) for RCC_APB2PeriphClockCmd
    uart.o(i.USART1_Config) refers to stm32f10x_gpio.o(i.GPIO_Init) for GPIO_Init
    uart.o(i.USART1_Config) refers to stm32f10x_usart.o(i.USART_Init) for USART_Init
    uart.o(i.USART1_Config) refers to misc.o(i.NVIC_Init) for NVIC_Init
    uart.o(i.USART1_Config) refers to stm32f10x_usart.o(i.USART_ITConfig) for USART_ITConfig
    uart.o(i.USART1_Config) refers to stm32f10x_usart.o(i.USART_Cmd) for USART_Cmd
    uart.o(i.USART1_IRQHandler) refers to stm32f10x_usart.o(i.USART_GetITStatus) for USART_GetITStatus
    uart.o(i.USART1_IRQHandler) refers to stm32f10x_usart.o(i.USART_ReceiveData) for USART_ReceiveData
    uart.o(i.USART1_IRQHandler) refers to strcmp.o(.text) for strcmp
    uart.o(i.USART1_IRQHandler) refers to memseta.o(.text) for __aeabi_memclr
    uart.o(i.USART1_IRQHandler) refers to stm32f10x_usart.o(i.USART_SendData) for USART_SendData
    uart.o(i.USART1_IRQHandler) refers to stm32f10x_usart.o(i.USART_ClearITPendingBit) for USART_ClearITPendingBit
    uart.o(i.USART1_IRQHandler) refers to uart.o(.data) for Rx1Data
    uart.o(i.USART1_IRQHandler) refers to uart.o(.bss) for Rx1Buffer
[...]
    i.GPIO_Init                              0x08001634   Section        0  stm32f10x_gpio.o(i.GPIO_Init)
    i.GPIO_ReadInputDataBit                  0x0800174a   Section        0  stm32f10x_gpio.o(i.GPIO_ReadInputDataBit)
    i.GPIO_ReadOutputDataBit                 0x0800175c   Section        0  stm32f10x_gpio.o(i.GPIO_ReadOutputDataBit)
    i.GPIO_ResetBits                         0x0800176e   Section        0  stm32f10x_gpio.o(i.GPIO_ResetBits)
    i.Get_Adc2_Average                       0x08001772   Section        0  adc.o(i.Get_Adc2_Average)
    i.Get_Network_Time                       0x080017a0   Section        0  nettime.o(i.Get_Network_Time)
    i.HC_501_Check                           0x08001878   Section        0  hc_501.o(i.HC_501_Check)
    i.HC_501_Config                          0x080018bc   Section        0  hc_501.o(i.HC_501_Config)
    i.Is_Leap_Year                           0x080018e0   Section        0  rtc.o(i.Is_Leap_Year)
    i.KEY1_Init                              0x0800191c   Section        0  key.o(i.KEY1_Init)
    i.KEY2_Init                              0x08001988   Section        0  key.o(i.KEY2_Init)
    i.KEY3_Init                              0x080019f4   Section        0  key.o(i.KEY3_Init)
    i.KEY_Led                                0x08001a5c   Section        0  key.o(i.KEY_Led)
    i.LED_Auto                               0x08001b60   Section        0  led.o(i.LED_Auto)
    i.LED_PWM_Init                           0x08001c28   Section        0  led.o(i.LED_PWM_Init)
    i.Mqtt_Connect_Aliyun                    0x08001cd8   Section        0  mqtt.o(i.Mqtt_Connect_Aliyun)
    i.NVIC_Init                              0x08001f88   Section        0  misc.o(i.NVIC_Init)
    i.NVIC_PriorityGroupConfig               0x08001ff8   Section        0  misc.o(i.NVIC_PriorityGroupConfig)
    i.PWR_BackupAccessCmd                    0x0800200c   Section        0  stm32f10x_pwr.o(i.PWR_BackupAccessCmd)
    i.PWR_ClearFlag                          0x08002018   Section        0  stm32f10x_pwr.o(i.PWR_ClearFlag)
    i.PWR_GetFlagStatus                      0x0800202c   Section        0  stm32f10x_pwr.o(i.PWR_GetFlagStatus)
    i.RCC_ADCCLKConfig                       0x08002044   Section        0  stm32f10x_rcc.o(i.RCC_ADCCLKConfig)
    i.RCC_APB1PeriphClockCmd                 0x0800205c   Section        0  stm32f10x_rcc.o(i.RCC_APB1PeriphClockCmd)
    i.RCC_APB2PeriphClockCmd                 0x0800207c   Section        0  stm32f10x_rcc.o(i.RCC_APB2PeriphClockCmd)
    i.RCC_APB2PeriphResetCmd                 0x0800209c   Section        0  stm32f10x_rcc.o(i.RCC_APB2PeriphResetCmd)
    i.RCC_BackupResetCmd                     0x080020bc   Section        0  stm32f10x_rcc.o(i.RCC_BackupResetCmd)
    i.RCC_GetClocksFreq                      0x080020c8   Section        0  stm32f10x_rcc.o(i.RCC_GetClocksFreq)
    i.RCC_GetFlagStatus                      0x0800219c   Section        0  stm32f10x_rcc.o(i.RCC_GetFlagStatus)
    i.RCC_LSEConfig                          0x080021d8   Section        0  stm32f10x_rcc.o(i.RCC_LSEConfig)
    i.RCC_RTCCLKCmd                          0x0800220c   Section        0  stm32f10x_rcc.o(i.RCC_RTCCLKCmd)
    i.RCC_RTCCLKConfig                       0x08002218   Section        0  stm32f10x_rcc.o(i.RCC_RTCCLKConfig)
    i.RTC_Alarm_Set                          0x08002228   Section        0  rtc.o(i.RTC_Alarm_Set)
    i.RTC_ClearITPendingBit                  0x080022f0   Section        0  stm32f10x_rtc.o(i.RTC_ClearITPendingBit)
    i.RTC_Config                             0x08002300   Section        0  rtc.o(i.RTC_Config)
    i.RTC_Configuration                      0x080023c4   Section        0  rtc.o(i.RTC_Configuration)
    i.RTC_EnterConfigMode                    0x08002430   Section        0  stm32f10x_rtc.o(i.RTC_EnterConfigMode)
    i.RTC_ExitConfigMode                     0x08002444   Section        0  stm32f10x_rtc.o(i.RTC_ExitConfigMode)
    i.RTC_Get                                0x08002458   Section        0  rtc.o(i.RTC_Get)
    i.RTC_GetCounter                         0x08002558   Section        0  stm32f10x_rtc.o(i.RTC_GetCounter)
    i.RTC_GetITStatus                        0x08002584   Section        0  stm32f10x_rtc.o(i.RTC_GetITStatus)
    i.RTC_Get_Week                           0x080025a8   Section        0  rtc.o(i.RTC_Get_Week)
    i.RTC_IRQHandler                         0x08002620   Section        0  rtc.o(i.RTC_IRQHandler)
    i.RTC_ITConfig                           0x08002704   Section        0  stm32f10x_rtc.o(i.RTC_ITConfig)
    i.RTC_NVIC_Configuration                 0x08002724   Section        0  rtc.o(i.RTC_NVIC_Configuration)
    i.RTC_Set                                0x08002748   Section        0  rtc.o(i.RTC_Set)
    i.RTC_SetAlarm                           0x08002810   Section        0  stm32f10x_rtc.o(i.RTC_SetAlarm)
    i.RTC_SetCounter                         0x0800282c   Section        0  stm32f10x_rtc.o(i.RTC_SetCounter)
    i.RTC_SetPrescaler                       0x08002848   Section        0  stm32f10x_rtc.o(i.RTC_SetPrescaler)
    i.RTC_WaitForLastTask                    0x08002868   Section        0  stm32f10x_rtc.o(i.RTC_WaitForLastTask)
    i.RTC_WaitForSynchro                     0x0800287c   Section        0  stm32f10x_rtc.o(i.RTC_WaitForSynchro)
    i.SetSysClock                            0x080028a0   Section        0  system_stm32f10x.o(i.SetSysClock)
    SetSysClock                              0x080028a1   Thumb Code     8  system_stm32f10x.o(i.SetSysClock)
    i.SetSysClockTo72                        0x080028a8   Section        0  system_stm32f10x.o(i.SetSysClockTo72)
    SetSysClockTo72                          0x080028a9   Thumb Code   214  system_stm32f10x.o(i.SetSysClockTo72)
    i.SysTick_CLKSourceConfig                0x08002988   Section        0  misc.o(i.SysTick_CLKSourceConfig)
    i.SystemInit                             0x080029b0   Section        0  system_stm32f10x.o(i.SystemInit)
    i.TIM_ARRPreloadConfig                   0x08002a10   Section        0  stm32f10x_tim.o(i.TIM_ARRPreloadConfig)
    i.TIM_Cmd                                0x08002a28   Section        0  stm32f10x_tim.o(i.TIM_Cmd)
    i.TIM_OC2Init                            0x08002a40   Section        0  stm32f10x_tim.o(i.TIM_OC2Init)
    i.TIM_OC2PreloadConfig                   0x08002ae4   Section        0  stm32f10x_tim.o(i.TIM_OC2PreloadConfig)
    i.TIM_OC3Init                            0x08002b00   Section        0  stm32f10x_tim.o(i.TIM_OC3Init)
    i.TIM_OC3PreloadConfig                   0x08002ba0   Section        0  stm32f10x_tim.o(i.TIM_OC3PreloadConfig)
    i.TIM_OC4Init                            0x08002bb4   Section        0  stm32f10x_tim.o(i.TIM_OC4Init)
    i.TIM_OC4PreloadConfig                   0x08002c30   Section        0  stm32f10x_tim.o(i.TIM_OC4PreloadConfig)
    i.TIM_SetCompare2                        0x08002c4a   Section        0  stm32f10x_tim.o(i.TIM_SetCompare2)
    i.TIM_SetCompare3                        0x08002c4e   Section        0  stm32f10x_tim.o(i.TIM_SetCompare3)
    i.TIM_SetCompare4                        0x08002c52   Section        0  stm32f10x_tim.o(i.TIM_SetCompare4)
    i.TIM_TimeBaseInit                       0x08002c58   Section        0  stm32f10x_tim.o(i.TIM_TimeBaseInit)
    i.Time_Adjust                            0x08002cfc   Section        0  rtc.o(i.Time_Adjust)
    i.USART1_Config                          0x08002d50   Section        0  uart.o(i.USART1_Config)
    i.USART1_IRQHandler                      0x08002df8   Section        0  uart.o(i.USART1_IRQHandler)
    i.USART2_IRQHandler                      0x08002e8c   Section        0  uart.o(i.USART2_IRQHandler)
    i.USART3_Config                          0x08002f20   Section        0  uart.o(i.USART3_Config)
    i.USART3_IRQHandler                      0x08002fc8   Section        0  uart.o(i.USART3_IRQHandler)
    i.USART_ClearFlag                        0x08003040   Section        0  stm32f10x_usart.o(i.USART_ClearFlag)
    i.USART_ClearITPendingBit                0x08003052   Section        0  stm32f10x_usart.o(i.USART_ClearITPendingBit)
    i.USART_Cmd                              0x08003070   Section        0  stm32f10x_usart.o(i.USART_Cmd)
    i.USART_GetFlagStatus                    0x08003088   Section        0  stm32f10x_usart.o(i.USART_GetFlagStatus)
    i.USART_GetITStatus                      0x080030a2   Section        0  stm32f10x_usart.o(i.USART_GetITStatus)
    i.USART_ITConfig                         0x080030f6   Section        0  stm32f10x_usart.o(i.USART_ITConfig)
    i.USART_Init                             0x08003140   Section        0  stm32f10x_usart.o(i.USART_Init)
    i.USART_ReceiveData                      0x08003218   Section        0  stm32f10x_usart.o(i.USART_ReceiveData)
    i.USART_SendData                         0x08003222   Section        0  stm32f10x_usart.o(i.USART_SendData)
    i.Usart_SendByte                         0x0800322a   Section        0  uart.o(i.Usart_SendByte)
    i.Usart_SendBytes                        0x08003248   Section        0  uart.o(i.Usart_SendBytes)
    i.Usart_SendString                       0x08003282   Section        0  uart.o(i.Usart_SendString)
    i.__0printf                              0x080032b4   Section        0  printfa.o(i.__0printf)
    i.__0sprintf                             0x080032d4   Section        0  printfa.o(i.__0sprintf)
    i.__aeabi_errno_addr                     0x080032fc   Section        0  errno.o(i.__aeabi_errno_addr)
    i.__free$realloc                         0x08003304   Section        0  mallocr.o(i.__free$realloc)
    i.__malloc$realloc                       0x08003360   Section        0  mallocr.o(i.__malloc$realloc)
    i.__scatterload_copy                     0x080033b0   Section       14  handlers.o(i.__scatterload_copy)
    i.__scatterload_null                     0x080033be   Section        2  handlers.o(i.__scatterload_null)
    i.__scatterload_zeroinit                 0x080033c0   Section       14  handlers.o(i.__scatterload_zeroinit)
    i._fp_digits                             0x080033d0   Section        0  printfa.o(i._fp_digits)
    _fp_digits                               0x080033d1   Thumb Code   366  printfa.o(i._fp_digits)
    i._is_digit                              0x08003554   Section        0  scanf_fp.o(i._is_digit)
    i._printf_core                           0x08003564   Section        0  printfa.o(i._printf_core)
    _printf_core                             0x08003565   Thumb Code  1704  printfa.o(i._printf_core)
    i._printf_post_padding                   0x08003c18   Section        0  printfa.o(i._printf_post_padding)
    _printf_post_padding                     0x08003c19   Thumb Code    36  printfa.o(i._printf_post_padding)
    i._printf_pre_padding                    0x08003c3c   Section        0  printfa.o(i._printf_pre_padding)
    _printf_pre_padding                      0x08003c3d   Thumb Code    46  printfa.o(i._printf_pre_padding)
    i._sputc                                 0x08003c6a   Section        0  printfa.o(i._sputc)
    _sputc                                   0x08003c6b   Thumb Code    10  printfa.o(i._sputc)
    i.buffer_skip_whitespace                 0x08003c74   Section        0  cjson.o(i.buffer_skip_whitespace)
    buffer_skip_whitespace                   0x08003c75   Thumb Code    72  cjson.o(i.buffer_skip_whitespace)
    i.cJSON_Delete                           0x08003cbc   Section        0  cjson.o(i.cJSON_Delete)
    i.cJSON_GetErrorPtr                      0x08003d14   Section        0  cjson.o(i.cJSON_GetErrorPtr)
    i.cJSON_GetObjectItem                    0x08003d24   Section        0  cjson.o(i.cJSON_GetObjectItem)
    i.cJSON_New_Item                         0x08003d36   Section        0  cjson.o(i.cJSON_New_Item)
    cJSON_New_Item                           0x08003d37   Thumb Code    26  cjson.o(i.cJSON_New_Item)
    i.cJSON_Parse                            0x08003d50   Section        0  cjson.o(i.cJSON_Parse)
    i.cJSON_ParseWithLengthOpts              0x08003d60   Section        0  cjson.o(i.cJSON_ParseWithLengthOpts)
    i.cJSON_ParseWithOpts                    0x08003e34   Section        0  cjson.o(i.cJSON_ParseWithOpts)
    i.case_insensitive_strcmp                0x08003e5c   Section        0  cjson.o(i.case_insensitive_strcmp)
    case_insensitive_strcmp                  0x08003e5d   Thumb Code    72  cjson.o(i.case_insensitive_strcmp)
    i.delay_ms                               0x08003ea4   Section        0  delay.o(i.delay_ms)
    i.esp8266_check                          0x08003ef0   Section        0  esp8266.o(i.esp8266_check)
    i.esp8266_check_connection_status        0x08003f1c   Section        0  esp8266.o(i.esp8266_check_connection_status)
    i.esp8266_connect_ap                     0x08003f68   Section        0  esp8266.o(i.esp8266_connect_ap)
    i.esp8266_connect_server                 0x08004038   Section        0  esp8266.o(i.esp8266_connect_server)
    i.esp8266_disconnect_server              0x080040e8   Section        0  esp8266.o(i.esp8266_disconnect_server)
    i.esp8266_enable_echo                    0x08004130   Section        0  esp8266.o(i.esp8266_enable_echo)
    i.esp8266_entry_transparent_transmission 0x08004170   Section        0  esp8266.o(i.esp8266_entry_transparent_transmission)
    i.esp8266_exit_transparent_transmission  0x080041f4   Section        0  esp8266.o(i.esp8266_exit_transparent_transmission)
    i.esp8266_find_str_in_rx_packet          0x08004214   Section        0  esp8266.o(i.esp8266_find_str_in_rx_packet)
    i.esp8266_reset                          0x0800424c   Section        0  esp8266.o(i.esp8266_reset)
    i.esp8266_send_at                        0x0800427c   Section        0  esp8266.o(i.esp8266_send_at)
    i.esp8266_send_bytes                     0x080042a8   Section        0  esp8266.o(i.esp8266_send_bytes)
    i.esp8266_send_str                       0x080042c0   Section        0  esp8266.o(i.esp8266_send_str)
    i.find_time_in_str                       0x080042d4   Section        0  nettime.o(i.find_time_in_str)
    i.fputc                                  0x08004318   Section        0  uart.o(i.fputc)
    i.get_decimal_point                      0x0800433c   Section        0  cjson.o(i.get_decimal_point)
    get_decimal_point                        0x0800433d   Thumb Code     4  cjson.o(i.get_decimal_point)
    i.get_object_item                        0x08004340   Section        0  cjson.o(i.get_object_item)
    get_object_item                          0x08004341   Thumb Code    82  cjson.o(i.get_object_item)
    i.internal_alloc                         0x08004394   Section        0  mallocr.o(i.internal_alloc)
    internal_alloc                           0x08004395   Thumb Code    76  mallocr.o(i.internal_alloc)
    i.main                                   0x080043e4   Section        0  main.o(i.main)
    i.mqtt_cjson_parse                       0x08004518   Section        0  mqtt.o(i.mqtt_cjson_parse)
    i.mqtt_connect                           0x08004690   Section        0  mqtt.o(i.mqtt_connect)
    i.mqtt_msg_handle                        0x080049fc   Section        0  mqtt.o(i.mqtt_msg_handle)
    i.mqtt_publish_data                      0x08004a44   Section        0  mqtt.o(i.mqtt_publish_data)
    i.mqtt_report_devices_status             0x08004b58   Section        0  mqtt.o(i.mqtt_report_devices_status)
    i.mqtt_send_bytes                        0x08004c04   Section        0  mqtt.o(i.mqtt_send_bytes)
    i.mqtt_send_heart                        0x08004c14   Section        0  mqtt.o(i.mqtt_send_heart)
    i.mqtt_subscribe_topic                   0x08004ccc   Section        0  mqtt.o(i.mqtt_subscribe_topic)
    i.net_connect_server                     0x08004ef0   Section        0  nettime.o(i.net_connect_server)
    i.net_get_time                           0x08004f4c   Section        0  nettime.o(i.net_get_time)
    i.net_time_to_rtc                        0x0800500c   Section        0  nettime.o(i.net_time_to_rtc)
    i.parse_array                            0x080051e8   Section        0  cjson.o(i.parse_array)
    parse_array                              0x080051e9   Thumb Code   248  cjson.o(i.parse_array)
    i.parse_hex4                             0x080052e0   Section        0  cjson.o(i.parse_hex4)
    parse_hex4                               0x080052e1   Thumb Code    90  cjson.o(i.parse_hex4)
    i.parse_number                           0x0800533c   Section        0  cjson.o(i.parse_number)
    parse_number                             0x0800533d   Thumb Code   298  cjson.o(i.parse_number)
    i.parse_object                           0x08005474   Section        0  cjson.o(i.parse_object)
    parse_object                             0x08005475   Thumb Code   318  cjson.o(i.parse_object)
    i.parse_string                           0x080055b2   Section        0  cjson.o(i.parse_string)
    parse_string                             0x080055b3   Thumb Code   396  cjson.o(i.parse_string)
    i.parse_value                            0x08005740   Section        0  cjson.o(i.parse_value)
    parse_value                              0x08005741   Thumb Code   290  cjson.o(i.parse_value)
    i.realloc                                0x0800587c   Section        0  mallocr.o(i.realloc)
    i.skip_utf8_bom                          0x080058e8   Section        0  cjson.o(i.skip_utf8_bom)
    skip_utf8_bom                            0x080058e9   Thumb Code    56  cjson.o(i.skip_utf8_bom)
    i.strtod                                 0x08005924   Section        0  strtod.o(i.strtod)
    i.utf16_literal_to_utf8                  0x08005940   Section        0  cjson.o(i.utf16_literal_to_utf8)
    utf16_literal_to_utf8                    0x08005941   Thumb Code   300  cjson.o(i.utf16_literal_to_utf8)
    .constdata                               0x08005a6c   Section        5  main.o(.constdata)
    __FUNCTION__                             0x08005a6c   Data           5  main.o(.constdata)
    .constdata                               0x08005a71   Section       24  rtc.o(.constdata)
    .constdata                               0x08005a89   Section      129  ctype_o.o(.constdata)
    .constdata                               0x08005b0c   Section        4  ctype_o.o(.constdata)
    table                                    0x08005b0c   Data           4  ctype_o.o(.constdata)
    .conststring                             0x08005b10   Section      496  mqtt.o(.conststring)
    .data                                    0x20000000   Section       10  uart.o(.data)
    .data                                    0x2000000a   Section        4  delay.o(.data)
    fac_us                                   0x2000000a   Data           1  delay.o(.data)
    fac_ms                                   0x2000000c   Data           2  delay.o(.data)
    .data                                    0x2000000e   Section        2  rtc.o(.data)
    daycnt                                   0x2000000e   Data           2  rtc.o(.data)
    .data                                    0x20000010   Section        8  nettime.o(.data)
    .data                                    0x20000018   Section        4  esp8266.o(.data)
    .data                                    0x2000001c   Section        4  mqtt.o(.data)
    .data                                    0x20000020   Section       20  cjson.o(.data)
    global_error                             0x20000020   Data           8  cjson.o(.data)
    global_hooks                             0x20000028   Data          12  cjson.o(.data)
    .data                                    0x20000034   Section       40  key.o(.data)
    .data                                    0x2000005c   Section       20  stm32f10x_rcc.o(.data)
    APBAHBPrescTable                         0x2000005c   Data          16  stm32f10x_rcc.o(.data)
    ADCPrescTable                            0x2000006c   Data           4  stm32f10x_rcc.o(.data)
    .data                                    0x20000070   Section       20  system_stm32f10x.o(.data)
    .data                                    0x20000084   Section        4  stdout.o(.data)
    .data                                    0x20000088   Section        4  mvars.o(.data)
    .data                                    0x2000008c   Section        4  mvars.o(.data)
    .data                                    0x20000090   Section        4  errno.o(.data)
    _errno                                   0x20000090   Data           4  errno.o(.data)
    .bss                                     0x20000094   Section     1536  uart.o(.bss)
    .bss                                     0x20000694   Section       22  rtc.o(.bss)
    .bss                                     0x200006aa   Section     4096  nettime.o(.bss)
    .bss                                     0x200016aa   Section      526  mqtt.o(.bss)
    HEAP                                     0x200018b8   Section    12288  startup_stm32f10x_md.o(HEAP)
    STACK                                    0x200048b8   Section     1536  startup_stm32f10x_md.o(STACK)

    Global Symbols

    Symbol Name                              Value     Ov Type        Size  Object(Section)

    BuildAttributes$$THM_ISAv4$P$D$K$B$S$PE$A:L22UL41UL21$X:L11$S22US41US21$IEEE1$IW$USESV6$~STKCKD$USESV7$~SHL$OTIME$ROPI$IEEEJ$EBA8$MICROLIB$REQ8$PRES8$EABIv2 0x00000000   Number         0  anon$$obj.o ABSOLUTE
    __ARM_use_no_argv                        0x00000000   Number         0  main.o ABSOLUTE
    _printf_a                                0x00000000   Number         0  stubs.o ABSOLUTE
    _printf_c                                0x00000000   Number         0  stubs.o ABSOLUTE
    _printf_charcount                        0x00000000   Number         0  stubs.o ABSOLUTE
    _printf_d                                0x00000000   Number         0  stubs.o ABSOLUTE
    _printf_e                                0x00000000   Number         0  stubs.o ABSOLUTE
    _printf_f                                0x00000000   Number         0  stubs.o ABSOLUTE
    _printf_flags                            0x00000000   Number         0  stubs.o ABSOLUTE
    _printf_fp_dec                           0x00000000   Number         0  stubs.o ABSOLUTE
    _printf_fp_hex                           0x00000000   Number         0  stubs.o ABSOLUTE
    _printf_g                                0x00000000   Number         0  stubs.o ABSOLUTE
    _printf_i                                0x00000000   Number         0  stubs.o ABSOLUTE
    _printf_int_dec                          0x00000000   Number         0  stubs.o ABSOLUTE
    _printf_l                                0x00000000   Number         0  stubs.o ABSOLUTE
    _printf_lc                               0x00000000   Number         0  stubs.o ABSOLUTE
    _printf_ll                               0x00000000   Number         0  stubs.o ABSOLUTE
    _printf_lld                              0x00000000   Number         0  stubs.o ABSOLUTE
    _printf_lli                              0x00000000   Number         0  stubs.o ABSOLUTE
    _printf_llo                              0x00000000   Number         0  stubs.o ABSOLUTE
    _printf_llu                              0x00000000   Number         0  stubs.o ABSOLUTE
    _printf_llx                              0x00000000   Number         0  stubs.o ABSOLUTE
    _printf_longlong_dec                     0x00000000   Number         0  stubs.o ABSOLUTE
    _printf_longlong_hex                     0x00000000   Number         0  stubs.o ABSOLUTE
    _printf_longlong_oct                     0x00000000   Number         0  stubs.o ABSOLUTE
    _printf_ls                               0x00000000   Number         0  stubs.o ABSOLUTE
    _printf_mbtowc                           0x00000000   Number         0  stubs.o ABSOLUTE
    _printf_n                                0x00000000   Number         0  stubs.o ABSOLUTE
    _printf_o                                0x00000000   Number         0  stubs.o ABSOLUTE
    _printf_p                                0x00000000   Number         0  stubs.o ABSOLUTE
    _printf_percent                          0x00000000   Number         0  stubs.o ABSOLUTE
    _printf_pre_padding                      0x00000000   Number         0  stubs.o ABSOLUTE
    _printf_return_value                     0x00000000   Number         0  stubs.o ABSOLUTE
    _printf_s                                0x00000000   Number         0  stubs.o ABSOLUTE
    _printf_sizespec                         0x00000000   Number         0  stubs.o ABSOLUTE
    _printf_str                              0x00000000   Number         0  stubs.o ABSOLUTE
    _printf_truncate_signed                  0x00000000   Number         0  stubs.o ABSOLUTE
    _printf_truncate_unsigned                0x00000000   Number         0  stubs.o ABSOLUTE
    _printf_u                                0x00000000   Number         0  stubs.o ABSOLUTE
    _printf_wc                               0x00000000   Number         0  stubs.o ABSOLUTE
    _printf_wctomb                           0x00000000   Number         0  stubs.o ABSOLUTE
    _printf_widthprec                        0x00000000   Number         0  stubs.o ABSOLUTE
    _printf_x                                0x00000000   Number         0  stubs.o ABSOLUTE
    __arm_fini_                               - Undefined Weak Reference
    __cpp_initialize__aeabi_                  - Undefined Weak Reference
    __cxa_finalize                            - Undefined Weak Reference
    __decompress                              - Undefined Weak Reference
    _clock_init                               - Undefined Weak Reference
    _microlib_exit                            - Undefined Weak Reference
    _scanf_int                                - Undefined Weak Reference
    _scanf_longlong                           - Undefined Weak Reference
    _scanf_string                             - Undefined Weak Reference
    __Vectors_Size                           0x000000ec   Number         0  startup_stm32f10x_md.o ABSOLUTE
    __Vectors                                0x08000000   Data           4  startup_stm32f10x_md.o(RESET)
    __Vectors_End                            0x080000ec   Data           0  startup_stm32f10x_md.o(RESET)
    __main                                   0x080000ed   Thumb Code     0  entry.o(.ARM.Collect$$$$00000000)
    _main_stk                                0x080000ed   Thumb Code     0  entry2.o(.ARM.Collect$$$$00000001)
    _main_scatterload                        0x080000f1   Thumb Code     0  entry5.o(.ARM.Collect$$$$00000004)
    __main_after_scatterload                 0x080000f5   Thumb Code     0  entry5.o(.ARM.Collect$$$$00000004)
    _main_clock                              0x080000f5   Thumb Code     0  entry7b.o(.ARM.Collect$$$$00000008)
    _main_cpp_init                           0x080000f5   Thumb Code     0  entry8b.o(.ARM.Collect$$$$0000000A)
    _main_init                               0x080000f5   Thumb Code     0  entry9a.o(.ARM.Collect$$$$0000000B)
    __rt_lib_shutdown_fini                   0x080000fd   Thumb Code     0  entry12b.o(.ARM.Collect$$$$0000000E)
    __rt_final_cpp                           0x08000101   Thumb Code     0  entry10a.o(.ARM.Collect$$$$0000000F)
    __rt_final_exit                          0x08000101   Thumb Code     0  entry11a.o(.ARM.Collect$$$$00000011)
    Reset_Handler                            0x08000105   Thumb Code     8  startup_stm32f10x_md.o(.text)
    NMI_Handler                              0x0800010d   Thumb Code     2  startup_stm32f10x_md.o(.text)
    HardFault_Handler                        0x0800010f   Thumb Code     2  startup_stm32f10x_md.o(.text)
    MemManage_Handler                        0x08000111   Thumb Code     2  startup_stm32f10x_md.o(.text)
    BusFault_Handler                         0x08000113   Thumb Code     2  startup_stm32f10x_md.o(.text)
    UsageFault_Handler                       0x08000115   Thumb Code     2  startup_stm32f10x_md.o(.text)
    SVC_Handler                              0x08000117   Thumb Code     2  startup_stm32f10x_md.o(.text)
    DebugMon_Handler                         0x08000119   Thumb Code     2  startup_stm32f10x_md.o(.text)
    PendSV_Handler                           0x0800011b   Thumb Code     2  startup_stm32f10x_md.o(.text)
    SysTick_Handler                          0x0800011d   Thumb Code     2  startup_stm32f10x_md.o(.text)
    ADC1_2_IRQHandler                        0x0800011f   Thumb Code     0  startup_stm32f10x_md.o(.text)
    CAN1_RX1_IRQHandler                      0x0800011f   Thumb Code     0  startup_stm32f10x_md.o(.text)
    CAN1_SCE_IRQHandler                      0x0800011f   Thumb Code     0  startup_stm32f10x_md.o(.text)
    DMA1_Channel1_IRQHandler                 0x0800011f   Thumb Code     0  startup_stm32f10x_md.o(.text)
    DMA1_Channel2_IRQHandler                 0x0800011f   Thumb Code     0  startup_stm32f10x_md.o(.text)
    DMA1_Channel3_IRQHandler                 0x0800011f   Thumb Code     0  startup_stm32f10x_md.o(.text)
    DMA1_Channel4_IRQHandler                 0x0800011f   Thumb Code     0  startup_stm32f10x_md.o(.text)
    DMA1_Channel5_IRQHandler                 0x0800011f   Thumb Code     0  startup_stm32f10x_md.o(.text)
    DMA1_Channel6_IRQHandler                 0x0800011f   Thumb Code     0  startup_stm32f10x_md.o(.text)
    DMA1_Channel7_IRQHandler                 0x0800011f   Thumb Code     0  startup_stm32f10x_md.o(.text)
    EXTI0_IRQHandler                         0x0800011f   Thumb Code     0  startup_stm32f10x_md.o(.text)
    EXTI15_10_IRQHandler                     0x0800011f   Thumb Code     0  startup_stm32f10x_md.o(.text)
    EXTI2_IRQHandler                         0x0800011f   Thumb Code     0  startup_stm32f10x_md.o(.text)
    EXTI9_5_IRQHandler                       0x0800011f   Thumb Code     0  startup_stm32f10x_md.o(.text)
    FLASH_IRQHandler                         0x0800011f   Thumb Code     0  startup_stm32f10x_md.o(.text)
    I2C1_ER_IRQHandler                       0x0800011f   Thumb Code     0  startup_stm32f10x_md.o(.text)
    I2C1_EV_IRQHandler                       0x0800011f   Thumb Code     0  startup_stm32f10x_md.o(.text)
    I2C2_ER_IRQHandler                       0x0800011f   Thumb Code     0  startup_stm32f10x_md.o(.text)
    I2C2_EV_IRQHandler                       0x0800011f   Thumb Code     0  startup_stm32f10x_md.o(.text)
    PVD_IRQHandler                           0x0800011f   Thumb Code     0  startup_stm32f10x_md.o(.text)
    RCC_IRQHandler                           0x0800011f   Thumb Code     0  startup_stm32f10x_md.o(.text)
    RTCAlarm_IRQHandler                      0x0800011f   Thumb Code     0  startup_stm32f10x_md.o(.text)
    SPI1_IRQHandler                          0x0800011f   Thumb Code     0  startup_stm32f10x_md.o(.text)
    SPI2_IRQHandler                          0x0800011f   Thumb Code     0  startup_stm32f10x_md.o(.text)
    TAMPER_IRQHandler                        0x0800011f   Thumb Code     0  startup_stm32f10x_md.o(.text)
    TIM1_BRK_IRQHandler                      0x0800011f   Thumb Code     0  startup_stm32f10x_md.o(.text)
    TIM1_CC_IRQHandler                       0x0800011f   Thumb Code     0  startup_stm32f10x_md.o(.text)
    TIM1_TRG_COM_IRQHandler                  0x0800011f   Thumb Code     0  startup_stm32f10x_md.o(.text)
    TIM1_UP_IRQHandler                       0x0800011f   Thumb Code     0  startup_stm32f10x_md.o(.text)
    TIM2_IRQHandler                          0x0800011f   Thumb Code     0  startup_stm32f10x_md.o(.text)
    TIM3_IRQHandler                          0x0800011f   Thumb Code     0  startup_stm32f10x_md.o(.text)
    TIM4_IRQHandler                          0x0800011f   Thumb Code     0  startup_stm32f10x_md.o(.text)
    USBWakeUp_IRQHandler                     0x0800011f   Thumb Code     0  startup_stm32f10x_md.o(.text)
    USB_HP_CAN1_TX_IRQHandler                0x0800011f   Thumb Code     0  startup_stm32f10x_md.o(.text)
    USB_LP_CAN1_RX0_IRQHandler               0x0800011f   Thumb Code     0  startup_stm32f10x_md.o(.text)
    WWDG_IRQHandler                          0x0800011f   Thumb Code     0  startup_stm32f10x_md.o(.text)
    tolower                                  0x08000129   Thumb Code    12  tolower.o(.text)
    __aeabi_memcpy                           0x08000135   Thumb Code    36  memcpya.o(.text)
    __aeabi_memcpy4                          0x08000135   Thumb Code     0  memcpya.o(.text)
    __aeabi_memcpy8                          0x08000135   Thumb Code     0  memcpya.o(.text)
    __aeabi_memset                           0x08000159   Thumb Code    14  memseta.o(.text)
    __aeabi_memset4                          0x08000159   Thumb Code     0  memseta.o(.text)
    __aeabi_memset8                          0x08000159   Thumb Code     0  memseta.o(.text)
    __aeabi_memclr                           0x08000167   Thumb Code     4  memseta.o(.text)
    __aeabi_memclr4                          0x08000167   Thumb Code     0  memseta.o(.text)
    __aeabi_memclr8                          0x08000167   Thumb Code     0  memseta.o(.text)
    _memset$wrapper                          0x0800016b   Thumb Code    18  memseta.o(.text)
    strstr                                   0x0800017d   Thumb Code    36  strstr.o(.text)
    strncpy                                  0x080001a1   Thumb Code    24  strncpy.o(.text)
    strlen                                   0x080001b9   Thumb Code    14  strlen.o(.text)
    strcmp                                   0x080001c7   Thumb Code    28  strcmp.o(.text)
    strncmp                                  0x080001e3   Thumb Code    30  strncmp.o(.text)
    _scanf_real                              0x08000329   Thumb Code     0  scanf_fp.o(.text)
    _scanf_really_real                       0x08000329   Thumb Code   556  scanf_fp.o(.text)
    atoi                                     0x08000561   Thumb Code    26  atoi.o(.text)
    __aeabi_dadd                             0x0800057b   Thumb Code   322  dadd.o(.text)
    __aeabi_dsub                             0x080006bd   Thumb Code     6  dadd.o(.text)
    __aeabi_drsub                            0x080006c3   Thumb Code     6  dadd.o(.text)
    __aeabi_dmul                             0x080006c9   Thumb Code   228  dmul.o(.text)
    __aeabi_d2iz                             0x080007ad   Thumb Code    62  dfixi.o(.text)
    __aeabi_cdcmpeq                          0x080007ed   Thumb Code     0  cdcmple.o(.text)
    __aeabi_cdcmple                          0x080007ed   Thumb Code    48  cdcmple.o(.text)
    __aeabi_cdrcmple                         0x0800081d   Thumb Code    48  cdrcmple.o(.text)
    __aeabi_uidiv                            0x0800084d   Thumb Code     0  uidiv.o(.text)
    __aeabi_uidivmod                         0x0800084d   Thumb Code    44  uidiv.o(.text)
    __aeabi_uldivmod                         0x08000879   Thumb Code    98  uldiv.o(.text)
    __aeabi_llsl                             0x080008db   Thumb Code    30  llshl.o(.text)
    _ll_shift_l                              0x080008db   Thumb Code     0  llshl.o(.text)
    __aeabi_llsr                             0x080008f9   Thumb Code    32  llushr.o(.text)
    _ll_ushift_r                             0x080008f9   Thumb Code     0  llushr.o(.text)
    __aeabi_lasr                             0x08000919   Thumb Code    36  llsshr.o(.text)
    _ll_sshift_r                             0x08000919   Thumb Code     0  llsshr.o(.text)
    _sgetc                                   0x0800093d   Thumb Code    30  _sgetc.o(.text)
    _sbackspace                              0x0800095b   Thumb Code    34  _sgetc.o(.text)
    __strtod_int                             0x080009b3   Thumb Code    90  strtod.o(.text)
    strtol                                   0x08000a19   Thumb Code   112  strtol.o(.text)
    __I$use$fp                               0x08000a89   Thumb Code     0  iusefp.o(.text)
    _double_round                            0x08000a89   Thumb Code    30  depilogue.o(.text)
    _double_epilogue                         0x08000aa7   Thumb Code   156  depilogue.o(.text)
    __aeabi_ddiv                             0x08000b43   Thumb Code   222  ddiv.o(.text)
    __aeabi_ul2d                             0x08000c21   Thumb Code    24  dfltul.o(.text)
    __aeabi_d2ulz                            0x08000c39   Thumb Code    48  dfixul.o(.text)
    __aeabi_d2f                              0x08000c69   Thumb Code    56  d2f.o(.text)
    __scatterload                            0x08000ca1   Thumb Code    28  init.o(.text)
    __scatterload_rt2                        0x08000ca1   Thumb Code     0  init.o(.text)
    __rt_ctype_table                         0x08000cc5   Thumb Code     4  ctype_o.o(.text)
    isspace                                  0x08000ccd   Thumb Code    18  isspace_o.o(.text)
    _strtoul                                 0x08000cdf   Thumb Code   158  _strtoul.o(.text)
    _float_round                             0x08000d7d   Thumb Code    18  fepilogue.o(.text)
    _float_epilogue                          0x08000d8f   Thumb Code    92  fepilogue.o(.text)
    _chval                                   0x08000deb   Thumb Code    28  _chval.o(.text)
    AD2_GetValue                             0x08000e09   Thumb Code    46  adc.o(i.AD2_GetValue)
    ADC_Cmd                                  0x08000e3d   Thumb Code    22  stm32f10x_adc.o(i.ADC_Cmd)
    ADC_DeInit                               0x08000e55   Thumb Code    78  stm32f10x_adc.o(i.ADC_DeInit)
    ADC_GetCalibrationStatus                 0x08000eb1   Thumb Code    20  stm32f10x_adc.o(i.ADC_GetCalibrationStatus)
    ADC_GetConversionValue                   0x08000ec5   Thumb Code     8  stm32f10x_adc.o(i.ADC_GetConversionValue)
    ADC_GetFlagStatus                        0x08000ecd   Thumb Code    18  stm32f10x_adc.o(i.ADC_GetFlagStatus)
    ADC_GetResetCalibrationStatus            0x08000edf   Thumb Code    20  stm32f10x_adc.o(i.ADC_GetResetCalibrationStatus)
    ADC_Init                                 0x08000ef5   Thumb Code    70  stm32f10x_adc.o(i.ADC_Init)
    ADC_RegularChannelConfig                 0x08000f45   Thumb Code   184  stm32f10x_adc.o(i.ADC_RegularChannelConfig)
    ADC_ResetCalibration                     0x08000ffd   Thumb Code    10  stm32f10x_adc.o(i.ADC_ResetCalibration)
    ADC_SoftwareStartConvCmd                 0x08001007   Thumb Code    22  stm32f10x_adc.o(i.ADC_SoftwareStartConvCmd)
    ADC_StartCalibration                     0x0800101d   Thumb Code    10  stm32f10x_adc.o(i.ADC_StartCalibration)
    Adc2_Init                                0x08001029   Thumb Code   138  adc.o(i.Adc2_Init)
    Adc_Init                                 0x080010bd   Thumb Code   140  adc.o(i.Adc_Init)
    BKP_DeInit                               0x08001151   Thumb Code    16  stm32f10x_bkp.o(i.BKP_DeInit)
    BKP_ReadBackupRegister                   0x08001161   Thumb Code    24  stm32f10x_bkp.o(i.BKP_ReadBackupRegister)
    BKP_WriteBackupRegister                  0x0800117d   Thumb Code    22  stm32f10x_bkp.o(i.BKP_WriteBackupRegister)
    Delay_Init                               0x08001199   Thumb Code    50  delay.o(i.Delay_Init)
    EXTI1_IRQHandler                         0x080011dd   Thumb Code    74  key.o(i.EXTI1_IRQHandler)
    EXTI3_IRQHandler                         0x0800123d   Thumb Code    74  key.o(i.EXTI3_IRQHandler)
    EXTI4_IRQHandler                         0x0800129d   Thumb Code    74  key.o(i.EXTI4_IRQHandler)
    EXTI_ClearITPendingBit                   0x080012fd   Thumb Code     6  stm32f10x_exti.o(i.EXTI_ClearITPendingBit)
    EXTI_GetITStatus                         0x08001309   Thumb Code    34  stm32f10x_exti.o(i.EXTI_GetITStatus)
    EXTI_Init                                0x08001331   Thumb Code   142  stm32f10x_exti.o(i.EXTI_Init)
    Esp8266_Init                             0x080013c5   Thumb Code   214  esp8266.o(i.Esp8266_Init)
    GPIO_EXTILineConfig                      0x080015f5   Thumb Code    60  stm32f10x_gpio.o(i.GPIO_EXTILineConfig)
    GPIO_Init                                0x08001635   Thumb Code   278  stm32f10x_gpio.o(i.GPIO_Init)
    GPIO_ReadInputDataBit                    0x0800174b   Thumb Code    18  stm32f10x_gpio.o(i.GPIO_ReadInputDataBit)
    GPIO_ReadOutputDataBit                   0x0800175d   Thumb Code    18  stm32f10x_gpio.o(i.GPIO_ReadOutputDataBit)
    GPIO_ResetBits                           0x0800176f   Thumb Code     4  stm32f10x_gpio.o(i.GPIO_ResetBits)
    Get_Adc2_Average                         0x08001773   Thumb Code    46  adc.o(i.Get_Adc2_Average)
    Get_Network_Time                         0x080017a1   Thumb Code    86  nettime.o(i.Get_Network_Time)
    HC_501_Check                             0x08001879   Thumb Code    58  hc_501.o(i.HC_501_Check)
    HC_501_Config                            0x080018bd   Thumb Code    32  hc_501.o(i.HC_501_Config)
    Is_Leap_Year                             0x080018e1   Thumb Code    58  rtc.o(i.Is_Leap_Year)
    KEY1_Init                                0x0800191d   Thumb Code   102  key.o(i.KEY1_Init)
    KEY2_Init                                0x08001989   Thumb Code   102  key.o(i.KEY2_Init)
    KEY3_Init                                0x080019f5   Thumb Code   100  key.o(i.KEY3_Init)
    KEY_Led                                  0x08001a5d   Thumb Code   236  key.o(i.KEY_Led)
    LED_Auto                                 0x08001b61   Thumb Code   166  led.o(i.LED_Auto)
    LED_PWM_Init                             0x08001c29   Thumb Code   166  led.o(i.LED_PWM_Init)
    Mqtt_Connect_Aliyun                      0x08001cd9   Thumb Code   198  mqtt.o(i.Mqtt_Connect_Aliyun)
    NVIC_Init                                0x08001f89   Thumb Code   100  misc.o(i.NVIC_Init)
    NVIC_PriorityGroupConfig                 0x08001ff9   Thumb Code    10  misc.o(i.NVIC_PriorityGroupConfig)
    PWR_BackupAccessCmd                      0x0800200d   Thumb Code     6  stm32f10x_pwr.o(i.PWR_BackupAccessCmd)
    PWR_ClearFlag                            0x08002019   Thumb Code    14  stm32f10x_pwr.o(i.PWR_ClearFlag)
    PWR_GetFlagStatus                        0x0800202d   Thumb Code    20  stm32f10x_pwr.o(i.PWR_GetFlagStatus)
    RCC_ADCCLKConfig                         0x08002045   Thumb Code    18  stm32f10x_rcc.o(i.RCC_ADCCLKConfig)
    RCC_APB1PeriphClockCmd                   0x0800205d   Thumb Code    26  stm32f10x_rcc.o(i.RCC_APB1PeriphClockCmd)
    RCC_APB2PeriphClockCmd                   0x0800207d   Thumb Code    26  stm32f10x_rcc.o(i.RCC_APB2PeriphClockCmd)
    RCC_APB2PeriphResetCmd                   0x0800209d   Thumb Code    26  stm32f10x_rcc.o(i.RCC_APB2PeriphResetCmd)
    RCC_BackupResetCmd                       0x080020bd   Thumb Code     6  stm32f10x_rcc.o(i.RCC_BackupResetCmd)
    RCC_GetClocksFreq                        0x080020c9   Thumb Code   192  stm32f10x_rcc.o(i.RCC_GetClocksFreq)
    RCC_GetFlagStatus                        0x0800219d   Thumb Code    56  stm32f10x_rcc.o(i.RCC_GetFlagStatus)
    RCC_LSEConfig                            0x080021d9   Thumb Code    46  stm32f10x_rcc.o(i.RCC_LSEConfig)
    RCC_RTCCLKCmd                            0x0800220d   Thumb Code     6  stm32f10x_rcc.o(i.RCC_RTCCLKCmd)
    RCC_RTCCLKConfig                         0x08002219   Thumb Code    12  stm32f10x_rcc.o(i.RCC_RTCCLKConfig)
    RTC_Alarm_Set                            0x08002229   Thumb Code   184  rtc.o(i.RTC_Alarm_Set)
    RTC_ClearITPendingBit                    0x080022f1   Thumb Code    12  stm32f10x_rtc.o(i.RTC_ClearITPendingBit)
    RTC_Config                               0x08002301   Thumb Code   102  rtc.o(i.RTC_Config)
    RTC_Configuration                        0x080023c5   Thumb Code   108  rtc.o(i.RTC_Configuration)
    RTC_EnterConfigMode                      0x08002431   Thumb Code    14  stm32f10x_rtc.o(i.RTC_EnterConfigMode)
    RTC_ExitConfigMode                       0x08002445   Thumb Code    16  stm32f10x_rtc.o(i.RTC_ExitConfigMode)
    RTC_Get                                  0x08002459   Thumb Code   240  rtc.o(i.RTC_Get)
    RTC_GetCounter                           0x08002559   Thumb Code    38  stm32f10x_rtc.o(i.RTC_GetCounter)
    RTC_GetITStatus                          0x08002585   Thumb Code    32  stm32f10x_rtc.o(i.RTC_GetITStatus)
    RTC_Get_Week                             0x080025a9   Thumb Code   116  rtc.o(i.RTC_Get_Week)
    RTC_IRQHandler                           0x08002621   Thumb Code   152  rtc.o(i.RTC_IRQHandler)
    RTC_ITConfig                             0x08002705   Thumb Code    26  stm32f10x_rtc.o(i.RTC_ITConfig)
    RTC_NVIC_Configuration                   0x08002725   Thumb Code    34  rtc.o(i.RTC_NVIC_Configuration)
    RTC_Set                                  0x08002749   Thumb Code   184  rtc.o(i.RTC_Set)
    RTC_SetAlarm                             0x08002811   Thumb Code    24  stm32f10x_rtc.o(i.RTC_SetAlarm)
    RTC_SetCounter                           0x0800282d   Thumb Code    24  stm32f10x_rtc.o(i.RTC_SetCounter)
    RTC_SetPrescaler                         0x08002849   Thumb Code    26  stm32f10x_rtc.o(i.RTC_SetPrescaler)
    RTC_WaitForLastTask                      0x08002869   Thumb Code    16  stm32f10x_rtc.o(i.RTC_WaitForLastTask)
    RTC_WaitForSynchro                       0x0800287d   Thumb Code    30  stm32f10x_rtc.o(i.RTC_WaitForSynchro)
    SysTick_CLKSourceConfig                  0x08002989   Thumb Code    40  misc.o(i.SysTick_CLKSourceConfig)
    SystemInit                               0x080029b1   Thumb Code    78  system_stm32f10x.o(i.SystemInit)
    TIM_ARRPreloadConfig                     0x08002a11   Thumb Code    24  stm32f10x_tim.o(i.TIM_ARRPreloadConfig)
    TIM_Cmd                                  0x08002a29   Thumb Code    24  stm32f10x_tim.o(i.TIM_Cmd)
    TIM_OC2Init                              0x08002a41   Thumb Code   154  stm32f10x_tim.o(i.TIM_OC2Init)
    TIM_OC2PreloadConfig                     0x08002ae5   Thumb Code    26  stm32f10x_tim.o(i.TIM_OC2PreloadConfig)
    TIM_OC3Init                              0x08002b01   Thumb Code   150  stm32f10x_tim.o(i.TIM_OC3Init)
    TIM_OC3PreloadConfig                     0x08002ba1   Thumb Code    18  stm32f10x_tim.o(i.TIM_OC3PreloadConfig)
    TIM_OC4Init                              0x08002bb5   Thumb Code   114  stm32f10x_tim.o(i.TIM_OC4Init)
    TIM_OC4PreloadConfig                     0x08002c31   Thumb Code    26  stm32f10x_tim.o(i.TIM_OC4PreloadConfig)
    TIM_SetCompare2                          0x08002c4b   Thumb Code     4  stm32f10x_tim.o(i.TIM_SetCompare2)
    TIM_SetCompare3                          0x08002c4f   Thumb Code     4  stm32f10x_tim.o(i.TIM_SetCompare3)
    TIM_SetCompare4                          0x08002c53   Thumb Code     6  stm32f10x_tim.o(i.TIM_SetCompare4)
    TIM_TimeBaseInit                         0x08002c59   Thumb Code   122  stm32f10x_tim.o(i.TIM_TimeBaseInit)
    Time_Adjust                              0x08002cfd   Thumb Code    78  rtc.o(i.Time_Adjust)
    USART1_Config                            0x08002d51   Thumb Code   158  uart.o(i.USART1_Config)
    USART1_IRQHandler                        0x08002df9   Thumb Code   118  uart.o(i.USART1_IRQHandler)
    USART2_IRQHandler                        0x08002e8d   Thumb Code   118  uart.o(i.USART2_IRQHandler)
    USART3_Config                            0x08002f21   Thumb Code   158  uart.o(i.USART3_Config)
    USART3_IRQHandler                        0x08002fc9   Thumb Code    94  uart.o(i.USART3_IRQHandler)
    USART_ClearFlag                          0x08003041   Thumb Code    18  stm32f10x_usart.o(i.USART_ClearFlag)
    USART_ClearITPendingBit                  0x08003053   Thumb Code    30  stm32f10x_usart.o(i.USART_ClearITPendingBit)
    USART_Cmd                                0x08003071   Thumb Code    24  stm32f10x_usart.o(i.USART_Cmd)
    USART_GetFlagStatus                      0x08003089   Thumb Code    26  stm32f10x_usart.o(i.USART_GetFlagStatus)
    USART_GetITStatus                        0x080030a3   Thumb Code    84  stm32f10x_usart.o(i.USART_GetITStatus)
    USART_ITConfig                           0x080030f7   Thumb Code    74  stm32f10x_usart.o(i.USART_ITConfig)
    USART_Init                               0x08003141   Thumb Code   210  stm32f10x_usart.o(i.USART_Init)
    USART_ReceiveData                        0x08003219   Thumb Code    10  stm32f10x_usart.o(i.USART_ReceiveData)
    USART_SendData                           0x08003223   Thumb Code     8  stm32f10x_usart.o(i.USART_SendData)
    Usart_SendByte                           0x0800322b   Thumb Code    30  uart.o(i.Usart_SendByte)
    Usart_SendBytes                          0x08003249   Thumb Code    58  uart.o(i.Usart_SendBytes)
    Usart_SendString                         0x08003283   Thumb Code    50  uart.o(i.Usart_SendString)
    __0printf                                0x080032b5   Thumb Code    22  printfa.o(i.__0printf)
    __1printf                                0x080032b5   Thumb Code     0  printfa.o(i.__0printf)
    __2printf                                0x080032b5   Thumb Code     0  printfa.o(i.__0printf)
    __c89printf                              0x080032b5   Thumb Code     0  printfa.o(i.__0printf)
    printf                                   0x080032b5   Thumb Code     0  printfa.o(i.__0printf)
    __0sprintf                               0x080032d5   Thumb Code    34  printfa.o(i.__0sprintf)
    __1sprintf                               0x080032d5   Thumb Code     0  printfa.o(i.__0sprintf)
    __2sprintf                               0x080032d5   Thumb Code     0  printfa.o(i.__0sprintf)
    __c89sprintf                             0x080032d5   Thumb Code     0  printfa.o(i.__0sprintf)
    sprintf                                  0x080032d5   Thumb Code     0  printfa.o(i.__0sprintf)
    __aeabi_errno_addr                       0x080032fd   Thumb Code     4  errno.o(i.__aeabi_errno_addr)
    __rt_errno_addr                          0x080032fd   Thumb Code     0  errno.o(i.__aeabi_errno_addr)
    free                                     0x08003305   Thumb Code    88  mallocr.o(i.__free$realloc)
    malloc                                   0x08003361   Thumb Code    64  mallocr.o(i.__malloc$realloc)
    __scatterload_copy                       0x080033b1   Thumb Code    14  handlers.o(i.__scatterload_copy)
    __scatterload_null                       0x080033bf   Thumb Code     2  handlers.o(i.__scatterload_null)
    __scatterload_zeroinit                   0x080033c1   Thumb Code    14  handlers.o(i.__scatterload_zeroinit)
    _is_digit                                0x08003555   Thumb Code    14  scanf_fp.o(i._is_digit)
    cJSON_Delete                             0x08003cbd   Thumb Code    84  cjson.o(i.cJSON_Delete)
    cJSON_GetErrorPtr                        0x08003d15   Thumb Code    12  cjson.o(i.cJSON_GetErrorPtr)
    cJSON_GetObjectItem                      0x08003d25   Thumb Code    18  cjson.o(i.cJSON_GetObjectItem)
    cJSON_Parse                              0x08003d51   Thumb Code    16  cjson.o(i.cJSON_Parse)
    cJSON_ParseWithLengthOpts                0x08003d61   Thumb Code   204  cjson.o(i.cJSON_ParseWithLengthOpts)
    cJSON_ParseWithOpts                      0x08003e35   Thumb Code    40  cjson.o(i.cJSON_ParseWithOpts)
    delay_ms                                 0x08003ea5   Thumb Code    72  delay.o(i.delay_ms)
    esp8266_check                            0x08003ef1   Thumb Code    30  esp8266.o(i.esp8266_check)
    esp8266_check_connection_status          0x08003f1d   Thumb Code    42  esp8266.o(i.esp8266_check_connection_status)
    esp8266_connect_ap                       0x08003f69   Thumb Code   128  esp8266.o(i.esp8266_connect_ap)
    esp8266_connect_server                   0x08004039   Thumb Code   130  esp8266.o(i.esp8266_connect_server)
    esp8266_disconnect_server                0x080040e9   Thumb Code    42  esp8266.o(i.esp8266_disconnect_server)
    esp8266_enable_echo                      0x08004131   Thumb Code    42  esp8266.o(i.esp8266_enable_echo)
    esp8266_entry_transparent_transmission   0x08004171   Thumb Code    92  esp8266.o(i.esp8266_entry_transparent_transmission)
    esp8266_exit_transparent_transmission    0x080041f5   Thumb Code    24  esp8266.o(i.esp8266_exit_transparent_transmission)
    esp8266_find_str_in_rx_packet            0x08004215   Thumb Code    50  esp8266.o(i.esp8266_find_str_in_rx_packet)
    esp8266_reset                            0x0800424d   Thumb Code    30  esp8266.o(i.esp8266_reset)
    esp8266_send_at                          0x0800427d   Thumb Code    30  esp8266.o(i.esp8266_send_at)
    esp8266_send_bytes                       0x080042a9   Thumb Code    18  esp8266.o(i.esp8266_send_bytes)
    esp8266_send_str                         0x080042c1   Thumb Code    14  esp8266.o(i.esp8266_send_str)
    find_time_in_str                         0x080042d5   Thumb Code    60  nettime.o(i.find_time_in_str)
    fputc                                    0x08004319   Thumb Code    32  uart.o(i.fputc)
    main                                     0x080043e5   Thumb Code   218  main.o(i.main)
    mqtt_cjson_parse                         0x08004519   Thumb Code   256  mqtt.o(i.mqtt_cjson_parse)
    mqtt_connect                             0x08004691   Thumb Code   656  mqtt.o(i.mqtt_connect)
    mqtt_msg_handle                          0x080049fd   Thumb Code    58  mqtt.o(i.mqtt_msg_handle)
    mqtt_publish_data                        0x08004a45   Thumb Code   266  mqtt.o(i.mqtt_publish_data)
    mqtt_report_devices_status               0x08004b59   Thumb Code    90  mqtt.o(i.mqtt_report_devices_status)
    mqtt_send_bytes                          0x08004c05   Thumb Code    16  mqtt.o(i.mqtt_send_bytes)
    mqtt_send_heart                          0x08004c15   Thumb Code   102  mqtt.o(i.mqtt_send_heart)
    mqtt_subscribe_topic                     0x08004ccd   Thumb Code   418  mqtt.o(i.mqtt_subscribe_topic)
    net_connect_server                       0x08004ef1   Thumb Code    42  nettime.o(i.net_connect_server)
    net_get_time                             0x08004f4d   Thumb Code    76  nettime.o(i.net_get_time)
    net_time_to_rtc                          0x0800500d   Thumb Code   422  nettime.o(i.net_time_to_rtc)
    realloc                                  0x0800587d   Thumb Code   102  mallocr.o(i.realloc)
    strtod                                   0x08005925   Thumb Code    28  strtod.o(i.strtod)
    table_week                               0x08005a71   Data          12  rtc.o(.constdata)
    mon_table                                0x08005a7d   Data          12  rtc.o(.constdata)
    __ctype_table                            0x08005a89   Data         129  ctype_o.o(.constdata)
    Region$$Table$$Base                      0x08005d00   Number         0  anon$$obj.o(Region$$Table)
    Region$$Table$$Limit                     0x08005d20   Number         0  anon$$obj.o(Region$$Table)
    Rx1Counter                               0x20000000   Data           1  uart.o(.data)
    Rx1Data                                  0x20000001   Data           1  uart.o(.data)
    Rx2Counter                               0x20000002   Data           1  uart.o(.data)
    Rx2Data                                  0x20000003   Data           1  uart.o(.data)
    Rx3Counter                               0x20000004   Data           4  uart.o(.data)
    Rx3Data                                  0x20000008   Data           1  uart.o(.data)
    Rx3End                                   0x20000009   Data           1  uart.o(.data)
    g_esp8266_rx_cnt                         0x20000010   Data           4  nettime.o(.data)
    g_esp8266_rx_end                         0x20000014   Data           4  nettime.o(.data)
    esp8266_transparent_transmission_sta     0x20000018   Data           4  esp8266.o(.data)
    mqtt_tx_len                              0x2000001c   Data           4  mqtt.o(.data)
    flag                                     0x20000034   Data           4  key.o(.data)
    count1                                   0x20000038   Data           4  key.o(.data)
    count2                                   0x2000003c   Data           4  key.o(.data)
    count3                                   0x20000040   Data           4  key.o(.data)
    led1                                     0x20000044   Data           4  key.o(.data)
    led2                                     0x20000048   Data           4  key.o(.data)
    led3                                     0x2000004c   Data           4  key.o(.data)
    light1                                   0x20000050   Data           4  key.o(.data)
    light2                                   0x20000054   Data           4  key.o(.data)
    light3                                   0x20000058   Data           4  key.o(.data)
    SystemCoreClock                          0x20000070   Data           4  system_stm32f10x.o(.data)
    AHBPrescTable                            0x20000074   Data          16  system_stm32f10x.o(.data)
    __stdout                                 0x20000084   Data           4  stdout.o(.data)
    __microlib_freelist                      0x20000088   Data           4  mvars.o(.data)
    __microlib_freelist_initialised          0x2000008c   Data           4  mvars.o(.data)
    Rx1Buffer                                0x20000094   Data         256  uart.o(.bss)
    Rx2Buffer                                0x20000194   Data         256  uart.o(.bss)
    Tx3Buffer                                0x20000294   Data         512  uart.o(.bss)
    Rx3Buffer                                0x20000494   Data         512  uart.o(.bss)
    time_buf                                 0x20000694   Data          12  rtc.o(.bss)
    calendar                                 0x200006a0   Data          10  rtc.o(.bss)
    g_esp8266_rx_buf                         0x200006aa   Data        4096  nettime.o(.bss)
    mqtt_post_msg                            0x200016aa   Data         526  mqtt.o(.bss)
    __heap_base                              0x200018b8   Data           0  startup_stm32f10x_md.o(HEAP)
    __heap_limit                             0x200048b8   Data           0  startup_stm32f10x_md.o(HEAP)
    __initial_sp                             0x20004eb8   Data           0  startup_stm32f10x_md.o(STACK)



==============================================================================

Memory Map of the image

  Image Entry point : 0x080000ed

  Load Region LR_IROM1 (Base: 0x08000000, Size: 0x00005db4, Max: 0x00010000, ABSOLUTE)

    Execution Region ER_IROM1 (Exec base: 0x08000000, Load base: 0x08000000, Size: 0x00005d20, Max: 0x00010000, ABSOLUTE)

    Exec Addr    Load Addr    Size         Type   Attr      Idx    E Section Name        Object

    0x08000000   0x08000000   0x000000ec   Data   RO         3284    RESET               startup_stm32f10x_md.o
    0x080000ec   0x080000ec   0x00000000   Code   RO         3339  * .ARM.Collect$$$$00000000  mc_w.l(entry.o)
    0x080000ec   0x080000ec   0x00000004   Code   RO         3673    .ARM.Collect$$$$00000001  mc_w.l(entry2.o)
    0x080000f0   0x080000f0   0x00000004   Code   RO         3676    .ARM.Collect$$$$00000004  mc_w.l(entry5.o)
    0x080000f4   0x080000f4   0x00000000   Code   RO         3678    .ARM.Collect$$$$00000008  mc_w.l(entry7b.o)
    0x080000f4   0x080000f4   0x00000000   Code   RO         3680    .ARM.Collect$$$$0000000A  mc_w.l(entry8b.o)
    0x080000f4   0x080000f4   0x00000008   Code   RO         3681    .ARM.Collect$$$$0000000B  mc_w.l(entry9a.o)
    0x080000fc   0x080000fc   0x00000004   Code   RO         3688    .ARM.Collect$$$$0000000E  mc_w.l(entry12b.o)
    0x08000100   0x08000100   0x00000000   Code   RO         3683    .ARM.Collect$$$$0000000F  mc_w.l(entry10a.o)
    0x08000100   0x08000100   0x00000000   Code   RO         3685    .ARM.Collect$$$$00000011  mc_w.l(entry11a.o)
    0x08000100   0x08000100   0x00000004   Code   RO         3674    .ARM.Collect$$$$00002712  mc_w.l(entry2.o)
    0x08000104   0x08000104   0x00000024   Code   RO         3285    .text               startup_stm32f10x_md.o
    0x08000128   0x08000128   0x0000000c   Code   RO         3342    .text               mc_w.l(tolower.o)
    0x08000134   0x08000134   0x00000024   Code   RO         3344    .text               mc_w.l(memcpya.o)
    0x08000158   0x08000158   0x00000024   Code   RO         3346    .text               mc_w.l(memseta.o)
    0x0800017c   0x0800017c   0x00000024   Code   RO         3348    .text               mc_w.l(strstr.o)
    0x080001a0   0x080001a0   0x00000018   Code   RO         3350    .text               mc_w.l(strncpy.o)
    0x080001b8   0x080001b8   0x0000000e   Code   RO         3352    .text               mc_w.l(strlen.o)
    0x080001c6   0x080001c6   0x0000001c   Code   RO         3354    .text               mc_w.l(strcmp.o)
    0x080001e2   0x080001e2   0x0000001e   Code   RO         3358    .text               mc_w.l(strncmp.o)
    0x08000200   0x08000200   0x00000360   Code   RO         3653    .text               mc_w.l(scanf_fp.o)
    0x08000560   0x08000560   0x0000001a   Code   RO         3657    .text               mc_w.l(atoi.o)
    0x0800057a   0x0800057a   0x0000014e   Code   RO         3659    .text               mf_w.l(dadd.o)
    0x080006c8   0x080006c8   0x000000e4   Code   RO         3661    .text               mf_w.l(dmul.o)
    0x080007ac   0x080007ac   0x0000003e   Code   RO         3665    .text               mf_w.l(dfixi.o)
    0x080007ea   0x080007ea   0x00000002   PAD
    0x080007ec   0x080007ec   0x00000030   Code   RO         3669    .text               mf_w.l(cdcmple.o)
    0x0800081c   0x0800081c   0x00000030   Code   RO         3671    .text               mf_w.l(cdrcmple.o)
    0x0800084c   0x0800084c   0x0000002c   Code   RO         3690    .text               mc_w.l(uidiv.o)
    0x08000878   0x08000878   0x00000062   Code   RO         3692    .text               mc_w.l(uldiv.o)
    0x080008da   0x080008da   0x0000001e   Code   RO         3694    .text               mc_w.l(llshl.o)
    0x080008f8   0x080008f8   0x00000020   Code   RO         3696    .text               mc_w.l(llushr.o)
    0x08000918   0x08000918   0x00000024   Code   RO         3698    .text               mc_w.l(llsshr.o)
    0x0800093c   0x0800093c   0x00000040   Code   RO         3711    .text               mc_w.l(_sgetc.o)
    0x0800097c   0x0800097c   0x0000009c   Code   RO         3713    .text               mc_w.l(strtod.o)
    0x08000a18   0x08000a18   0x00000070   Code   RO         3715    .text               mc_w.l(strtol.o)
    0x08000a88   0x08000a88   0x00000000   Code   RO         3717    .text               mc_w.l(iusefp.o)
    0x08000a88   0x08000a88   0x000000ba   Code   RO         3718    .text               mf_w.l(depilogue.o)
    0x08000b42   0x08000b42   0x000000de   Code   RO         3720    .text               mf_w.l(ddiv.o)
    0x08000c20   0x08000c20   0x00000018   Code   RO         3722    .text               mf_w.l(dfltul.o)
    0x08000c38   0x08000c38   0x00000030   Code   RO         3724    .text               mf_w.l(dfixul.o)
    0x08000c68   0x08000c68   0x00000038   Code   RO         3726    .text               mf_w.l(d2f.o)
    0x08000ca0   0x08000ca0   0x00000024   Code   RO         3728    .text               mc_w.l(init.o)
    0x08000cc4   0x08000cc4   0x00000008   Code   RO         3732    .text               mc_w.l(ctype_o.o)
    0x08000ccc   0x08000ccc   0x00000012   Code   RO         3754    .text               mc_w.l(isspace_o.o)
    0x08000cde   0x08000cde   0x0000009e   Code   RO         3762    .text               mc_w.l(_strtoul.o)
    0x08000d7c   0x08000d7c   0x0000006e   Code   RO         3764    .text               mf_w.l(fepilogue.o)
    0x08000dea   0x08000dea   0x0000001c   Code   RO         3769    .text               mc_w.l(_chval.o)
    0x08000e06   0x08000e06   0x00000002   PAD
    0x08000e08   0x08000e08   0x00000034   Code   RO         1445    i.AD2_GetValue      adc.o
    0x08000e3c   0x08000e3c   0x00000016   Code   RO         1583    i.ADC_Cmd           stm32f10x_adc.o
    0x08000e52   0x08000e52   0x00000002   PAD
    0x08000e54   0x08000e54   0x0000005c   Code   RO         1585    i.ADC_DeInit        stm32f10x_adc.o
    0x08000eb0   0x08000eb0   0x00000014   Code   RO         1591    i.ADC_GetCalibrationStatus  stm32f10x_adc.o
    0x08000ec4   0x08000ec4   0x00000008   Code   RO         1592    i.ADC_GetConversionValue  stm32f10x_adc.o
    0x08000ecc   0x08000ecc   0x00000012   Code   RO         1594    i.ADC_GetFlagStatus  stm32f10x_adc.o
    0x08000ede   0x08000ede   0x00000014   Code   RO         1597    i.ADC_GetResetCalibrationStatus  stm32f10x_adc.o
    0x08000ef2   0x08000ef2   0x00000002   PAD
    0x08000ef4   0x08000ef4   0x00000050   Code   RO         1601    i.ADC_Init          stm32f10x_adc.o
    0x08000f44   0x08000f44   0x000000b8   Code   RO         1605    i.ADC_RegularChannelConfig  stm32f10x_adc.o
    0x08000ffc   0x08000ffc   0x0000000a   Code   RO         1606    i.ADC_ResetCalibration  stm32f10x_adc.o
    0x08001006   0x08001006   0x00000016   Code   RO         1608    i.ADC_SoftwareStartConvCmd  stm32f10x_adc.o
    0x0800101c   0x0800101c   0x0000000a   Code   RO         1610    i.ADC_StartCalibration  stm32f10x_adc.o
    0x08001026   0x08001026   0x00000002   PAD
    0x08001028   0x08001028   0x00000094   Code   RO         1447    i.Adc2_Init         adc.o
    0x080010bc   0x080010bc   0x00000094   Code   RO         1448    i.Adc_Init          adc.o
    0x08001150   0x08001150   0x00000010   Code   RO         1813    i.BKP_DeInit        stm32f10x_bkp.o
    0x08001160   0x08001160   0x0000001c   Code   RO         1818    i.BKP_ReadBackupRegister  stm32f10x_bkp.o
    0x0800117c   0x0800117c   0x0000001c   Code   RO         1822    i.BKP_WriteBackupRegister  stm32f10x_bkp.o
    0x08001198   0x08001198   0x00000044   Code   RO          280    i.Delay_Init        delay.o
    0x080011dc   0x080011dc   0x00000060   Code   RO         1379    i.EXTI1_IRQHandler  key.o
    0x0800123c   0x0800123c   0x00000060   Code   RO         1380    i.EXTI3_IRQHandler  key.o
    0x0800129c   0x0800129c   0x00000060   Code   RO         1381    i.EXTI4_IRQHandler  key.o
    0x080012fc   0x080012fc   0x0000000c   Code   RO         1902    i.EXTI_ClearITPendingBit  stm32f10x_exti.o
    0x08001308   0x08001308   0x00000028   Code   RO         1906    i.EXTI_GetITStatus  stm32f10x_exti.o
    0x08001330   0x08001330   0x00000094   Code   RO         1907    i.EXTI_Init         stm32f10x_exti.o
    0x080013c4   0x080013c4   0x00000230   Code   RO          456    i.Esp8266_Init      esp8266.o
    0x080015f4   0x080015f4   0x00000040   Code   RO         1970    i.GPIO_EXTILineConfig  stm32f10x_gpio.o
    0x08001634   0x08001634   0x00000116   Code   RO         1973    i.GPIO_Init         stm32f10x_gpio.o
    0x0800174a   0x0800174a   0x00000012   Code   RO         1977    i.GPIO_ReadInputDataBit  stm32f10x_gpio.o
    0x0800175c   0x0800175c   0x00000012   Code   RO         1979    i.GPIO_ReadOutputDataBit  stm32f10x_gpio.o
    0x0800176e   0x0800176e   0x00000004   Code   RO         1980    i.GPIO_ResetBits    stm32f10x_gpio.o
    0x08001772   0x08001772   0x0000002e   Code   RO         1449    i.Get_Adc2_Average  adc.o
    0x080017a0   0x080017a0   0x000000d8   Code   RO          404    i.Get_Network_Time  nettime.o
    0x08001878   0x08001878   0x00000044   Code   RO         1499    i.HC_501_Check      hc_501.o
    0x080018bc   0x080018bc   0x00000024   Code   RO         1500    i.HC_501_Config     hc_501.o
    0x080018e0   0x080018e0   0x0000003a   Code   RO          318    i.Is_Leap_Year      rtc.o
    0x0800191a   0x0800191a   0x00000002   PAD
    0x0800191c   0x0800191c   0x0000006c   Code   RO         1382    i.KEY1_Init         key.o
    0x08001988   0x08001988   0x0000006c   Code   RO         1383    i.KEY2_Init         key.o
    0x080019f4   0x080019f4   0x00000068   Code   RO         1384    i.KEY3_Init         key.o
    0x08001a5c   0x08001a5c   0x00000104   Code   RO         1385    i.KEY_Led           key.o
    0x08001b60   0x08001b60   0x000000c8   Code   RO          147    i.LED_Auto          led.o
    0x08001c28   0x08001c28   0x000000b0   Code   RO          148    i.LED_PWM_Init      led.o
    0x08001cd8   0x08001cd8   0x000002b0   Code   RO          612    i.Mqtt_Connect_Aliyun  mqtt.o
    0x08001f88   0x08001f88   0x00000070   Code   RO         1529    i.NVIC_Init         misc.o
    0x08001ff8   0x08001ff8   0x00000014   Code   RO         1530    i.NVIC_PriorityGroupConfig  misc.o
    0x0800200c   0x0800200c   0x0000000c   Code   RO         2147    i.PWR_BackupAccessCmd  stm32f10x_pwr.o
    0x08002018   0x08002018   0x00000014   Code   RO         2148    i.PWR_ClearFlag     stm32f10x_pwr.o
    0x0800202c   0x0800202c   0x00000018   Code   RO         2152    i.PWR_GetFlagStatus  stm32f10x_pwr.o
    0x08002044   0x08002044   0x00000018   Code   RO         2219    i.RCC_ADCCLKConfig  stm32f10x_rcc.o
    0x0800205c   0x0800205c   0x00000020   Code   RO         2221    i.RCC_APB1PeriphClockCmd  stm32f10x_rcc.o
    0x0800207c   0x0800207c   0x00000020   Code   RO         2223    i.RCC_APB2PeriphClockCmd  stm32f10x_rcc.o
    0x0800209c   0x0800209c   0x00000020   Code   RO         2224    i.RCC_APB2PeriphResetCmd  stm32f10x_rcc.o
    0x080020bc   0x080020bc   0x0000000c   Code   RO         2226    i.RCC_BackupResetCmd  stm32f10x_rcc.o
    0x080020c8   0x080020c8   0x000000d4   Code   RO         2231    i.RCC_GetClocksFreq  stm32f10x_rcc.o
    0x0800219c   0x0800219c   0x0000003c   Code   RO         2232    i.RCC_GetFlagStatus  stm32f10x_rcc.o
    0x080021d8   0x080021d8   0x00000034   Code   RO         2239    i.RCC_LSEConfig     stm32f10x_rcc.o
    0x0800220c   0x0800220c   0x0000000c   Code   RO         2246    i.RCC_RTCCLKCmd     stm32f10x_rcc.o
    0x08002218   0x08002218   0x00000010   Code   RO         2247    i.RCC_RTCCLKConfig  stm32f10x_rcc.o
    0x08002228   0x08002228   0x000000c8   Code   RO          319    i.RTC_Alarm_Set     rtc.o
    0x080022f0   0x080022f0   0x00000010   Code   RO         2432    i.RTC_ClearITPendingBit  stm32f10x_rtc.o
    0x08002300   0x08002300   0x000000c4   Code   RO          320    i.RTC_Config        rtc.o
    0x080023c4   0x080023c4   0x0000006c   Code   RO          321    i.RTC_Configuration  rtc.o
    0x08002430   0x08002430   0x00000014   Code   RO         2433    i.RTC_EnterConfigMode  stm32f10x_rtc.o
    0x08002444   0x08002444   0x00000014   Code   RO         2434    i.RTC_ExitConfigMode  stm32f10x_rtc.o
    0x08002458   0x08002458   0x00000100   Code   RO          322    i.RTC_Get           rtc.o
    0x08002558   0x08002558   0x0000002c   Code   RO         2435    i.RTC_GetCounter    stm32f10x_rtc.o
    0x08002584   0x08002584   0x00000024   Code   RO         2438    i.RTC_GetITStatus   stm32f10x_rtc.o
    0x080025a8   0x080025a8   0x00000078   Code   RO          323    i.RTC_Get_Week      rtc.o
    0x08002620   0x08002620   0x000000e4   Code   RO          324    i.RTC_IRQHandler    rtc.o
    0x08002704   0x08002704   0x00000020   Code   RO         2439    i.RTC_ITConfig      stm32f10x_rtc.o
    0x08002724   0x08002724   0x00000022   Code   RO          325    i.RTC_NVIC_Configuration  rtc.o
    0x08002746   0x08002746   0x00000002   PAD
    0x08002748   0x08002748   0x000000c8   Code   RO          326    i.RTC_Set           rtc.o
    0x08002810   0x08002810   0x0000001c   Code   RO         2440    i.RTC_SetAlarm      stm32f10x_rtc.o
    0x0800282c   0x0800282c   0x0000001c   Code   RO         2441    i.RTC_SetCounter    stm32f10x_rtc.o
    0x08002848   0x08002848   0x00000020   Code   RO         2442    i.RTC_SetPrescaler  stm32f10x_rtc.o
    0x08002868   0x08002868   0x00000014   Code   RO         2443    i.RTC_WaitForLastTask  stm32f10x_rtc.o
    0x0800287c   0x0800287c   0x00000024   Code   RO         2444    i.RTC_WaitForSynchro  stm32f10x_rtc.o
    0x080028a0   0x080028a0   0x00000008   Code   RO         3292    i.SetSysClock       system_stm32f10x.o
    0x080028a8   0x080028a8   0x000000e0   Code   RO         3293    i.SetSysClockTo72   system_stm32f10x.o
    0x08002988   0x08002988   0x00000028   Code   RO         1533    i.SysTick_CLKSourceConfig  misc.o
    0x080029b0   0x080029b0   0x00000060   Code   RO         3295    i.SystemInit        system_stm32f10x.o
    0x08002a10   0x08002a10   0x00000018   Code   RO         2537    i.TIM_ARRPreloadConfig  stm32f10x_tim.o
    0x08002a28   0x08002a28   0x00000018   Code   RO         2549    i.TIM_Cmd           stm32f10x_tim.o
    0x08002a40   0x08002a40   0x000000a4   Code   RO         2583    i.TIM_OC2Init       stm32f10x_tim.o
    0x08002ae4   0x08002ae4   0x0000001a   Code   RO         2586    i.TIM_OC2PreloadConfig  stm32f10x_tim.o
    0x08002afe   0x08002afe   0x00000002   PAD
    0x08002b00   0x08002b00   0x000000a0   Code   RO         2588    i.TIM_OC3Init       stm32f10x_tim.o
    0x08002ba0   0x08002ba0   0x00000012   Code   RO         2591    i.TIM_OC3PreloadConfig  stm32f10x_tim.o
    0x08002bb2   0x08002bb2   0x00000002   PAD
    0x08002bb4   0x08002bb4   0x0000007c   Code   RO         2593    i.TIM_OC4Init       stm32f10x_tim.o
    0x08002c30   0x08002c30   0x0000001a   Code   RO         2595    i.TIM_OC4PreloadConfig  stm32f10x_tim.o
    0x08002c4a   0x08002c4a   0x00000004   Code   RO         2611    i.TIM_SetCompare2   stm32f10x_tim.o
    0x08002c4e   0x08002c4e   0x00000004   Code   RO         2612    i.TIM_SetCompare3   stm32f10x_tim.o
    0x08002c52   0x08002c52   0x00000006   Code   RO         2613    i.TIM_SetCompare4   stm32f10x_tim.o
    0x08002c58   0x08002c58   0x000000a4   Code   RO         2620    i.TIM_TimeBaseInit  stm32f10x_tim.o
    0x08002cfc   0x08002cfc   0x00000054   Code   RO          327    i.Time_Adjust       rtc.o
    0x08002d50   0x08002d50   0x000000a8   Code   RO          177    i.USART1_Config     uart.o
    0x08002df8   0x08002df8   0x00000094   Code   RO          178    i.USART1_IRQHandler  uart.o
    0x08002e8c   0x08002e8c   0x00000094   Code   RO          180    i.USART2_IRQHandler  uart.o
    0x08002f20   0x08002f20   0x000000a8   Code   RO          181    i.USART3_Config     uart.o
    0x08002fc8   0x08002fc8   0x00000078   Code   RO          182    i.USART3_IRQHandler  uart.o
    0x08003040   0x08003040   0x00000012   Code   RO         3093    i.USART_ClearFlag   stm32f10x_usart.o
    0x08003052   0x08003052   0x0000001e   Code   RO         3094    i.USART_ClearITPendingBit  stm32f10x_usart.o
    0x08003070   0x08003070   0x00000018   Code   RO         3097    i.USART_Cmd         stm32f10x_usart.o
    0x08003088   0x08003088   0x0000001a   Code   RO         3100    i.USART_GetFlagStatus  stm32f10x_usart.o
    0x080030a2   0x080030a2   0x00000054   Code   RO         3101    i.USART_GetITStatus  stm32f10x_usart.o
    0x080030f6   0x080030f6   0x0000004a   Code   RO         3103    i.USART_ITConfig    stm32f10x_usart.o
    0x08003140   0x08003140   0x000000d8   Code   RO         3104    i.USART_Init        stm32f10x_usart.o
    0x08003218   0x08003218   0x0000000a   Code   RO         3111    i.USART_ReceiveData  stm32f10x_usart.o
    0x08003222   0x08003222   0x00000008   Code   RO         3114    i.USART_SendData    stm32f10x_usart.o
    0x0800322a   0x0800322a   0x0000001e   Code   RO          184    i.Usart_SendByte    uart.o
    0x08003248   0x08003248   0x0000003a   Code   RO          185    i.Usart_SendBytes   uart.o
    0x08003282   0x08003282   0x00000032   Code   RO          187    i.Usart_SendString  uart.o
    0x080032b4   0x080032b4   0x00000020   Code   RO         3595    i.__0printf         mc_w.l(printfa.o)
    0x080032d4   0x080032d4   0x00000028   Code   RO         3597    i.__0sprintf        mc_w.l(printfa.o)
    0x080032fc   0x080032fc   0x00000008   Code   RO         3702    i.__aeabi_errno_addr  mc_w.l(errno.o)
    0x08003304   0x08003304   0x0000005c   Code   RO         3627    i.__free$realloc    mc_w.l(mallocr.o)
    0x08003360   0x08003360   0x00000050   Code   RO         3628    i.__malloc$realloc  mc_w.l(mallocr.o)
    0x080033b0   0x080033b0   0x0000000e   Code   RO         3773    i.__scatterload_copy  mc_w.l(handlers.o)
    0x080033be   0x080033be   0x00000002   Code   RO         3774    i.__scatterload_null  mc_w.l(handlers.o)
    0x080033c0   0x080033c0   0x0000000e   Code   RO         3775    i.__scatterload_zeroinit  mc_w.l(handlers.o)
    0x080033ce   0x080033ce   0x00000002   PAD
    0x080033d0   0x080033d0   0x00000184   Code   RO         3602    i._fp_digits        mc_w.l(printfa.o)
    0x08003554   0x08003554   0x0000000e   Code   RO         3655    i._is_digit         mc_w.l(scanf_fp.o)
    0x08003562   0x08003562   0x00000002   PAD
    0x08003564   0x08003564   0x000006b4   Code   RO         3603    i._printf_core      mc_w.l(printfa.o)
    0x08003c18   0x08003c18   0x00000024   Code   RO         3604    i._printf_post_padding  mc_w.l(printfa.o)
    0x08003c3c   0x08003c3c   0x0000002e   Code   RO         3605    i._printf_pre_padding  mc_w.l(printfa.o)
    0x08003c6a   0x08003c6a   0x0000000a   Code   RO         3607    i._sputc            mc_w.l(printfa.o)
    0x08003c74   0x08003c74   0x00000048   Code   RO          695    i.buffer_skip_whitespace  cjson.o
    0x08003cbc   0x08003cbc   0x00000058   Code   RO          727    i.cJSON_Delete      cjson.o
    0x08003d14   0x08003d14   0x00000010   Code   RO          738    i.cJSON_GetErrorPtr  cjson.o
    0x08003d24   0x08003d24   0x00000012   Code   RO          740    i.cJSON_GetObjectItem  cjson.o
    0x08003d36   0x08003d36   0x0000001a   Code   RO          757    i.cJSON_New_Item    cjson.o
    0x08003d50   0x08003d50   0x00000010   Code   RO          758    i.cJSON_Parse       cjson.o
    0x08003d60   0x08003d60   0x000000d4   Code   RO          760    i.cJSON_ParseWithLengthOpts  cjson.o
    0x08003e34   0x08003e34   0x00000028   Code   RO          761    i.cJSON_ParseWithOpts  cjson.o
    0x08003e5c   0x08003e5c   0x00000048   Code   RO          776    i.case_insensitive_strcmp  cjson.o
    0x08003ea4   0x08003ea4   0x0000004c   Code   RO          281    i.delay_ms          delay.o
    0x08003ef0   0x08003ef0   0x0000002c   Code   RO          460    i.esp8266_check     esp8266.o
    0x08003f1c   0x08003f1c   0x0000004c   Code   RO          461    i.esp8266_check_connection_status  esp8266.o
    0x08003f68   0x08003f68   0x000000d0   Code   RO          463    i.esp8266_connect_ap  esp8266.o
    0x08004038   0x08004038   0x000000b0   Code   RO          464    i.esp8266_connect_server  esp8266.o
    0x080040e8   0x080040e8   0x00000048   Code   RO          466    i.esp8266_disconnect_server  esp8266.o
    0x08004130   0x08004130   0x00000040   Code   RO          467    i.esp8266_enable_echo  esp8266.o
    0x08004170   0x08004170   0x00000084   Code   RO          469    i.esp8266_entry_transparent_transmission  esp8266.o
    0x080041f4   0x080041f4   0x00000020   Code   RO          470    i.esp8266_exit_transparent_transmission  esp8266.o
    0x08004214   0x08004214   0x00000038   Code   RO          471    i.esp8266_find_str_in_rx_packet  esp8266.o
    0x0800424c   0x0800424c   0x00000030   Code   RO          473    i.esp8266_reset     esp8266.o
    0x0800427c   0x0800427c   0x0000002c   Code   RO          474    i.esp8266_send_at   esp8266.o
    0x080042a8   0x080042a8   0x00000018   Code   RO          475    i.esp8266_send_bytes  esp8266.o
    0x080042c0   0x080042c0   0x00000014   Code   RO          476    i.esp8266_send_str  esp8266.o
    0x080042d4   0x080042d4   0x00000044   Code   RO          405    i.find_time_in_str  nettime.o
    0x08004318   0x08004318   0x00000024   Code   RO          189    i.fputc             uart.o
    0x0800433c   0x0800433c   0x00000004   Code   RO          782    i.get_decimal_point  cjson.o
    0x08004340   0x08004340   0x00000052   Code   RO          783    i.get_object_item   cjson.o
    0x08004392   0x08004392   0x00000002   PAD
    0x08004394   0x08004394   0x00000050   Code   RO         3629    i.internal_alloc    mc_w.l(mallocr.o)
    0x080043e4   0x080043e4   0x00000134   Code   RO            4    i.main              main.o
    0x08004518   0x08004518   0x00000178   Code   RO          613    i.mqtt_cjson_parse  mqtt.o
    0x08004690   0x08004690   0x0000036c   Code   RO          614    i.mqtt_connect      mqtt.o
    0x080049fc   0x080049fc   0x00000048   Code   RO          616    i.mqtt_msg_handle   mqtt.o
    0x08004a44   0x08004a44   0x00000114   Code   RO          617    i.mqtt_publish_data  mqtt.o
    0x08004b58   0x08004b58   0x000000ac   Code   RO          618    i.mqtt_report_devices_status  mqtt.o
    0x08004c04   0x08004c04   0x00000010   Code   RO          619    i.mqtt_send_bytes   mqtt.o
    0x08004c14   0x08004c14   0x000000b8   Code   RO          620    i.mqtt_send_heart   mqtt.o
    0x08004ccc   0x08004ccc   0x00000224   Code   RO          621    i.mqtt_subscribe_topic  mqtt.o
    0x08004ef0   0x08004ef0   0x0000005c   Code   RO          406    i.net_connect_server  nettime.o
    0x08004f4c   0x08004f4c   0x000000c0   Code   RO          407    i.net_get_time      nettime.o
    0x0800500c   0x0800500c   0x000001dc   Code   RO          408    i.net_time_to_rtc   nettime.o
    0x080051e8   0x080051e8   0x000000f8   Code   RO          785    i.parse_array       cjson.o
    0x080052e0   0x080052e0   0x0000005a   Code   RO          786    i.parse_hex4        cjson.o
    0x0800533a   0x0800533a   0x00000002   PAD
    0x0800533c   0x0800533c   0x00000138   Code   RO          787    i.parse_number      cjson.o
    0x08005474   0x08005474   0x0000013e   Code   RO          788    i.parse_object      cjson.o
    0x080055b2   0x080055b2   0x0000018c   Code   RO          789    i.parse_string      cjson.o
    0x0800573e   0x0800573e   0x00000002   PAD
    0x08005740   0x08005740   0x0000013c   Code   RO          790    i.parse_value       cjson.o
    0x0800587c   0x0800587c   0x0000006c   Code   RO         3630    i.realloc           mc_w.l(mallocr.o)
    0x080058e8   0x080058e8   0x0000003c   Code   RO          801    i.skip_utf8_bom     cjson.o
    0x08005924   0x08005924   0x0000001c   Code   RO         3336    i.strtod            m_ws.l(strtod.o)
    0x08005940   0x08005940   0x0000012c   Code   RO          804    i.utf16_literal_to_utf8  cjson.o
    0x08005a6c   0x08005a6c   0x00000005   Data   RO            5    .constdata          main.o
    0x08005a71   0x08005a71   0x00000018   Data   RO          329    .constdata          rtc.o
    0x08005a89   0x08005a89   0x00000081   Data   RO         3733    .constdata          mc_w.l(ctype_o.o)
    0x08005b0a   0x08005b0a   0x00000002   PAD
    0x08005b0c   0x08005b0c   0x00000004   Data   RO         3734    .constdata          mc_w.l(ctype_o.o)
    0x08005b10   0x08005b10   0x000001f0   Data   RO          624    .conststring        mqtt.o
    0x08005d00   0x08005d00   0x00000020   Data   RO         3771    Region$$Table       anon$$obj.o


    Execution Region RW_IRAM1 (Exec base: 0x20000000, Load base: 0x08005d20, Size: 0x00004eb8, Max: 0x00005000, ABSOLUTE)

    Exec Addr    Load Addr    Size         Type   Attr      Idx    E Section Name        Object

    0x20000000   0x08005d20   0x0000000a   Data   RW          191    .data               uart.o
    0x2000000a   0x08005d2a   0x00000004   Data   RW          283    .data               delay.o
    0x2000000e   0x08005d2e   0x00000002   Data   RW          330    .data               rtc.o
    0x20000010   0x08005d30   0x00000008   Data   RW          410    .data               nettime.o
    0x20000018   0x08005d38   0x00000004   Data   RW          478    .data               esp8266.o
    0x2000001c   0x08005d3c   0x00000004   Data   RW          625    .data               mqtt.o
    0x20000020   0x08005d40   0x00000014   Data   RW          806    .data               cjson.o
    0x20000034   0x08005d54   0x00000028   Data   RW         1386    .data               key.o
    0x2000005c   0x08005d7c   0x00000014   Data   RW         2251    .data               stm32f10x_rcc.o
    0x20000070   0x08005d90   0x00000014   Data   RW         3296    .data               system_stm32f10x.o
    0x20000084   0x08005da4   0x00000004   Data   RW         3689    .data               mc_w.l(stdout.o)
    0x20000088   0x08005da8   0x00000004   Data   RW         3700    .data               mc_w.l(mvars.o)
    0x2000008c   0x08005dac   0x00000004   Data   RW         3701    .data               mc_w.l(mvars.o)
    0x20000090   0x08005db0   0x00000004   Data   RW         3705    .data               mc_w.l(errno.o)
    0x20000094        -       0x00000600   Zero   RW          190    .bss                uart.o
    0x20000694        -       0x00000016   Zero   RW          328    .bss                rtc.o
    0x200006aa        -       0x00001000   Zero   RW          409    .bss                nettime.o
    0x200016aa        -       0x0000020e   Zero   RW          622    .bss                mqtt.o
    0x200018b8        -       0x00003000   Zero   RW         3283    HEAP                startup_stm32f10x_md.o
    0x200048b8        -       0x00000600   Zero   RW         3282    STACK               startup_stm32f10x_md.o


==============================================================================

Image component sizes


      Code (inc. data)   RO Data    RW Data    ZI Data      Debug   Object Name

       394         24          0          0          0       2141   adc.o
      2686         70          0         20          0      16657   cjson.o
       144         22          0          4          0       1020   delay.o
      1556        670          0          4          0       8167   esp8266.o
       104         14          0          0          0        855   hc_501.o
       868        106          0         40          0       3787   key.o
       376         44          0          0          0       1034   led.o
       308         90          5          0          0     267735   main.o
       172         22          0          0          0       2121   misc.o
      3208       1154        496          4        526       7103   mqtt.o
      1044        358          0          8       4096       3705   nettime.o
      1484        228         24          2         22       6980   rtc.o
        36          8        236          0      13824        788   startup_stm32f10x_md.o
       486         24          0          0          0       8734   stm32f10x_adc.o
        72         10          0          0          0       2764   stm32f10x_bkp.o
       200         18          0          0          0       2180   stm32f10x_exti.o
       382          4          0          0          0       4452   stm32f10x_gpio.o
        56         16          0          0          0       1618   stm32f10x_pwr.o
       484         70          0         20          0       8370   stm32f10x_rcc.o
       312         54          0          0          0       5939   stm32f10x_rtc.o
       744         72          0          0          0       7965   stm32f10x_tim.o
       490          6          0          0          0       7489   stm32f10x_usart.o
       328         28          0         20          0       2189   system_stm32f10x.o
       926        110          0         10       1536       5660   uart.o

    ----------------------------------------------------------------------
     16880       3222        793        132      20004     379453   Object Totals
         0          0         32          0          0          0   (incl. Generated)
        20          0          0          0          0          0   (incl. Padding)

    ----------------------------------------------------------------------

      Code (inc. data)   RO Data    RW Data    ZI Data      Debug   Library Member Name

        28          0          0          0          0         80   strtod.o
        28          0          0          0          0         68   _chval.o
        64          0          0          0          0         84   _sgetc.o
       158          0          0          0          0         92   _strtoul.o
        26          0          0          0          0         80   atoi.o
         8          4        133          0          0         68   ctype_o.o
         0          0          0          0          0          0   entry.o
         0          0          0          0          0          0   entry10a.o
         0          0          0          0          0          0   entry11a.o
         4          0          0          0          0          0   entry12b.o
         8          4          0          0          0          0   entry2.o
         4          0          0          0          0          0   entry5.o
         0          0          0          0          0          0   entry7b.o
         0          0          0          0          0          0   entry8b.o
         8          4          0          0          0          0   entry9a.o
         8          4          0          4          0         68   errno.o
        30          0          0          0          0          0   handlers.o
        36          8          0          0          0         68   init.o
        18          0          0          0          0         76   isspace_o.o
         0          0          0          0          0          0   iusefp.o
        30          0          0          0          0         68   llshl.o
        36          0          0          0          0         68   llsshr.o
        32          0          0          0          0         68   llushr.o
       360         30          0          0          0        356   mallocr.o
        36          0          0          0          0         68   memcpya.o
        36          0          0          0          0        108   memseta.o
         0          0          0          8          0          0   mvars.o
      2268         96          0          0          0        616   printfa.o
       878         12          0          0          0        216   scanf_fp.o
         0          0          0          4          0          0   stdout.o
        28          0          0          0          0         76   strcmp.o
        14          0          0          0          0         68   strlen.o
        30          0          0          0          0         80   strncmp.o
        24          0          0          0          0         76   strncpy.o
        36          0          0          0          0         80   strstr.o
       156         12          0          0          0        120   strtod.o
       112          0          0          0          0         88   strtol.o
        12          0          0          0          0         68   tolower.o
        44          0          0          0          0         80   uidiv.o
        98          0          0          0          0         92   uldiv.o
        48          0          0          0          0         68   cdcmple.o
        48          0          0          0          0         68   cdrcmple.o
        56          0          0          0          0         88   d2f.o
       334          0          0          0          0        148   dadd.o
       222          0          0          0          0        100   ddiv.o
       186          0          0          0          0        176   depilogue.o
        62          0          0          0          0         80   dfixi.o
        48          0          0          0          0         68   dfixul.o
        24          0          0          0          0         76   dfltul.o
       228          0          0          0          0         96   dmul.o
       110          0          0          0          0        168   fepilogue.o

    ----------------------------------------------------------------------
      6032        174        135         16          0       4216   Library Totals
         8          0          2          0          0          0   (incl. Padding)

    ----------------------------------------------------------------------

      Code (inc. data)   RO Data    RW Data    ZI Data      Debug   Library Name

        28          0          0          0          0         80   m_ws.l
      4630        174        133         16          0       3000   mc_w.l
      1366          0          0          0          0       1136   mf_w.l

    ----------------------------------------------------------------------
      6032        174        135         16          0       4216   Library Totals

    ----------------------------------------------------------------------

==============================================================================


      Code (inc. data)   RO Data    RW Data    ZI Data      Debug   

     22912       3396        928        148      20004     373577   Grand Totals
     22912       3396        928        148      20004     373577   ELF Image Totals
     22912       3396        928        148          0          0   ROM Totals

==============================================================================

    Total RO  Size (Code + RO Data)                23840 (  23.28kB)
    Total RW  Size (RW Data + ZI Data)             20152 (  19.68kB)
    Total ROM Size (Code + RO Data + RW Data)      23988 (  23.43kB)

==============================================================================

